Archive member included because of file (symbol)

contiki-sky.a(rimeaddr.o)     obj_sky/contiki-sky-main.o (rimeaddr_copy)
contiki-sky.a(csma.o)         ntp-server.co (csma_driver)
contiki-sky.a(contikimac.o)   obj_sky/contiki-sky-main.o (contikimac_driver)
contiki-sky.a(phase.o)        contiki-sky.a(contikimac.o) (phase_update)
contiki-sky.a(rpl-dag.o)      ntp-server.co (rpl_set_prefix)
contiki-sky.a(rpl-icmp6.o)    contiki-sky.a(rpl-dag.o) (dao_output)
contiki-sky.a(rpl-timers.o)   contiki-sky.a(rpl-dag.o) (rpl_reset_dio_timer)
contiki-sky.a(rpl-of-etx.o)   contiki-sky.a(rpl-dag.o) (rpl_of_etx)
contiki-sky.a(process.o)      ntp-server.co (process_current)
contiki-sky.a(autostart.o)    obj_sky/contiki-sky-main.o (autostart_start)
contiki-sky.a(compower.o)     contiki-sky.a(contikimac.o) (compower_idle_activity)
contiki-sky.a(memb.o)         contiki-sky.a(csma.o) (memb_init)
contiki-sky.a(timer.o)        obj_sky/contiki-sky-main.o (timer_set)
contiki-sky.a(list.o)         contiki-sky.a(csma.o) (list_init)
contiki-sky.a(etimer.o)       obj_sky/contiki-sky-main.o (etimer_process)
contiki-sky.a(ctimer.o)       obj_sky/contiki-sky-main.o (ctimer_init)
contiki-sky.a(energest.o)     obj_sky/contiki-sky-main.o (energest_init)
contiki-sky.a(rtimer.o)       obj_sky/contiki-sky-main.o (rtimer_init)
contiki-sky.a(stimer.o)       contiki-sky.a(rpl-icmp6.o) (stimer_set)
contiki-sky.a(random.o)       obj_sky/contiki-sky-main.o (random_init)
contiki-sky.a(uip-debug.o)    ntp-server.co (uip_debug_ipaddr_print)
contiki-sky.a(packetbuf.o)    contiki-sky.a(contikimac.o) (packetbuf_hdr_remove)
contiki-sky.a(queuebuf.o)     obj_sky/contiki-sky-main.o (queuebuf_init)
contiki-sky.a(uip6.o)         contiki-sky.a(rpl-icmp6.o) (uip_aligned_buf)
contiki-sky.a(tcpip.o)        ntp-server.co (udp_new)
contiki-sky.a(uip-icmp6.o)    contiki-sky.a(uip6.o) (uip_icmp6_echo_request_input)
contiki-sky.a(uip-nd6.o)      contiki-sky.a(uip6.o) (uip_nd6_ns_input)
contiki-sky.a(sicslowpan.o)   obj_sky/contiki-sky-main.o (sicslowpan_driver)
contiki-sky.a(neighbor-info.o)
                              contiki-sky.a(sicslowpan.o) (neighbor_info_packet_sent)
contiki-sky.a(uip-ds6.o)      contiki-sky.a(rpl-icmp6.o) (uip_ds6_nbr_add)
contiki-sky.a(ntpd.o)         ntp-server.co (ntp_server_send)
contiki-sky.a(contiki-sky-pla)
                              obj_sky/contiki-sky-main.o (init_platform)
contiki-sky.a(button-sensor.o)
                              ntp-server.co (button_sensor)
contiki-sky.a(ds2411.o)       obj_sky/contiki-sky-main.o (ds2411_init)
contiki-sky.a(xmem.o)         obj_sky/contiki-sky-main.o (xmem_init)
contiki-sky.a(node-id.o)      obj_sky/contiki-sky-main.o (node_id_restore)
contiki-sky.a(sensors.o)      ntp-server.co (sensors_event)
contiki-sky.a(cc2420.o)       obj_sky/contiki-sky-main.o (cc2420_set_channel)
contiki-sky.a(cc2420-arch.o)  contiki-sky.a(cc2420.o) (cc2420_arch_init)
contiki-sky.a(uart1.o)        obj_sky/contiki-sky-main.o (uart1_active)
contiki-sky.a(uart1-putchar.o)
                              ntp-server.co (putchar)
contiki-sky.a(msp430.o)       contiki-sky.a(uart1.o) (msp430_add_lpm_req)
contiki-sky.a(clock.o)        contiki-sky.a(timer.o) (clock_time)
contiki-sky.a(leds.o)         obj_sky/contiki-sky-main.o (leds_init)
contiki-sky.a(leds-arch.o)    contiki-sky.a(leds.o) (leds_arch_init)
contiki-sky.a(watchdog.o)     obj_sky/contiki-sky-main.o (watchdog_start)
contiki-sky.a(rtimer-arch.o)  contiki-sky.a(rtimer.o) (rtimer_arch_init)
contiki-sky.a(rimestats.o)    contiki-sky.a(cc2420.o) (rimestats)
contiki-sky.a(mac.o)          contiki-sky.a(csma.o) (mac_call_sent_callback)
contiki-sky.a(framer-802154.o)
                              contiki-sky.a(contikimac.o) (framer_802154)
contiki-sky.a(rpl.o)          contiki-sky.a(rpl-timers.o) (rpl_purge_routes)
contiki-sky.a(rpl-ext-header.)
                              contiki-sky.a(uip6.o) (rpl_verify_header)
contiki-sky.a(uip-udp-packet.)
                              contiki-sky.a(ntpd.o) (uip_udp_packet_send)
contiki-sky.a(neighbor-attr.o)
                              contiki-sky.a(neighbor-info.o) (neighbor_attr_register)
contiki-sky.a(convert.o)      contiki-sky.a(ntpd.o) (fractionl_to_nsec)
contiki-sky.a(spi.o)          contiki-sky.a(xmem.o) (spi_init)
contiki-sky.a(frame802154.o)  contiki-sky.a(framer-802154.o) (frame802154_hdrlen)
/usr/bin/../lib/gcc/msp430/4.5.3/mmpy-16/libgcc.a(_mulsi3.o)
                              contiki-sky.a(csma.o) (__mulsi3)
/usr/bin/../lib/gcc/msp430/4.5.3/mmpy-16/libgcc.a(_udivmodhi4.o)
                              contiki-sky.a(phase.o) (__udivmodhi4)
/usr/bin/../lib/gcc/msp430/4.5.3/mmpy-16/libgcc.a(_udivmodsi4.o)
                              obj_sky/contiki-sky-main.o (__udivmodsi4)
/usr/bin/../lib/gcc/msp430/4.5.3/../../../../msp430/lib/mmpy-16/libc.a(strncmp.o)
                              contiki-sky.a(sensors.o) (strncmp)
/usr/bin/../lib/gcc/msp430/4.5.3/../../../../msp430/lib/mmpy-16/libc.a(memcmp.o)
[...]
Memory Configuration

Name             Origin             Length             Attributes
sfr              0x00000000         0x00000010
peripheral_8bit  0x00000010         0x000000f0
peripheral_16bit 0x00000100         0x00000100
infomem          0x00001000         0x00000100
infob            0x00001000         0x00000080
infoa            0x00001080         0x00000080
ram              0x00001100         0x00002800         xw
rom              0x00004000         0x0000bfe0         xr
vectors          0x0000ffe0         0x00000020
bsl              0x00000000         0x00000000
infoc            0x00000000         0x00000000
infod            0x00000000         0x00000000
far_rom          0x00000000         0x00000000
*default*        0x00000000         0xffffffff

Linker script and memory map

LOAD /usr/bin/../lib/gcc/msp430/4.5.3/mmpy-16/crt0ivtbl16.o
LOAD ntp-server.co
LOAD obj_sky/contiki-sky-main.o
LOAD contiki-sky.a
LOAD /usr/bin/../lib/gcc/msp430/4.5.3/mmpy-16/libgcc.a
LOAD /usr/bin/../lib/gcc/msp430/4.5.3/../../../../msp430/lib/mmpy-16/libc.a
LOAD /usr/bin/../lib/gcc/msp430/4.5.3/mmpy-16/libgcc.a
LOAD /usr/bin/../lib/gcc/msp430/4.5.3/mmpy-16/libcrt0.a
                0x00000000                __IE1 = 0x0
                0x00000002                __IFG1 = 0x2
                0x00000004                __ME1 = 0x4
                0x00000001                __IE2 = 0x1
                0x00000003                __IFG2 = 0x3
                0x00000005                __ME2 = 0x5
                0x00000120                __WDTCTL = 0x120
                0x00000130                __MPY = 0x130
                0x00000132                __MPYS = 0x132
                0x00000134                __MAC = 0x134
                0x00000136                __MACS = 0x136
                0x00000138                __OP2 = 0x138
                0x0000013a                __RESLO = 0x13a
                0x0000013c                __RESHI = 0x13c
                0x0000013e                __SUMEXT = 0x13e
                0x00000020                __P1IN = 0x20
                0x00000021                __P1OUT = 0x21
                0x00000022                __P1DIR = 0x22
                0x00000023                __P1IFG = 0x23
                0x00000024                __P1IES = 0x24
                0x00000025                __P1IE = 0x25
                0x00000026                __P1SEL = 0x26
                0x00000028                __P2IN = 0x28
                0x00000029                __P2OUT = 0x29
                0x0000002a                __P2DIR = 0x2a
                0x0000002b                __P2IFG = 0x2b
                0x0000002c                __P2IES = 0x2c
                0x0000002d                __P2IE = 0x2d
                0x0000002e                __P2SEL = 0x2e
                0x00000018                __P3IN = 0x18
                0x00000019                __P3OUT = 0x19
                0x0000001a                __P3DIR = 0x1a
                0x0000001b                __P3SEL = 0x1b
                0x0000001c                __P4IN = 0x1c
                0x0000001d                __P4OUT = 0x1d
                0x0000001e                __P4DIR = 0x1e
                0x0000001f                __P4SEL = 0x1f
                0x00000030                __P5IN = 0x30
                0x00000031                __P5OUT = 0x31
                0x00000032                __P5DIR = 0x32
                0x00000033                __P5SEL = 0x33
                0x00000034                __P6IN = 0x34
                0x00000035                __P6OUT = 0x35
                0x00000036                __P6DIR = 0x36
                0x00000037                __P6SEL = 0x37
                0x00000070                __U0CTL = 0x70
                0x00000071                __U0TCTL = 0x71
                0x00000072                __U0RCTL = 0x72
                0x00000073                __U0MCTL = 0x73
                0x00000074                __U0BR0 = 0x74
                0x00000075                __U0BR1 = 0x75
                0x00000076                __U0RXBUF = 0x76
                0x00000077                __U0TXBUF = 0x77
                0x00000078                __U1CTL = 0x78
                0x00000079                __U1TCTL = 0x79
                0x0000007a                __U1RCTL = 0x7a
                0x0000007b                __U1MCTL = 0x7b
                0x0000007c                __U1BR0 = 0x7c
                0x0000007d                __U1BR1 = 0x7d
                0x0000007e                __U1RXBUF = 0x7e
                0x0000007f                __U1TXBUF = 0x7f
                0x00000050                __I2CIE = 0x50
                0x00000051                __I2CIFG = 0x51
                0x00000052                __I2CNDAT = 0x52
                0x00000071                __I2CTCTL = 0x71
                0x00000072                __I2CDCTL = 0x72
                0x00000073                __I2CPSC = 0x73
                0x00000074                __I2CSCLH = 0x74
                0x00000075                __I2CSCLL = 0x75
                0x00000076                __I2CDRB = 0x76
                0x00000076                __I2CDRW = 0x76
                0x00000118                __I2COA = 0x118
                0x0000011a                __I2CSA = 0x11a
                0x0000011c                __I2CIV = 0x11c
                0x0000012e                __TAIV = 0x12e
                0x00000160                __TACTL = 0x160
                0x00000162                __TACCTL0 = 0x162
                0x00000164                __TACCTL1 = 0x164
                0x00000166                __TACCTL2 = 0x166
                0x00000170                __TAR = 0x170
                0x00000172                __TACCR0 = 0x172
                0x00000174                __TACCR1 = 0x174
                0x00000176                __TACCR2 = 0x176
                0x0000011e                __TBIV = 0x11e
                0x00000180                __TBCTL = 0x180
                0x00000182                __TBCCTL0 = 0x182
                0x00000184                __TBCCTL1 = 0x184
                0x00000186                __TBCCTL2 = 0x186
                0x00000188                __TBCCTL3 = 0x188
                0x0000018a                __TBCCTL4 = 0x18a
                0x0000018c                __TBCCTL5 = 0x18c
                0x0000018e                __TBCCTL6 = 0x18e
                0x00000190                __TBR = 0x190
                0x00000192                __TBCCR0 = 0x192
                0x00000194                __TBCCR1 = 0x194
                0x00000196                __TBCCR2 = 0x196
                0x00000198                __TBCCR3 = 0x198
                0x0000019a                __TBCCR4 = 0x19a
                0x0000019c                __TBCCR5 = 0x19c
                0x0000019e                __TBCCR6 = 0x19e
                0x00000056                __DCOCTL = 0x56
                0x00000057                __BCSCTL1 = 0x57
                0x00000058                __BCSCTL2 = 0x58
                0x00000055                __SVSCTL = 0x55
                0x00000128                __FCTL1 = 0x128
                0x0000012a                __FCTL2 = 0x12a
                0x0000012c                __FCTL3 = 0x12c
                0x00000059                __CACTL1 = 0x59
                0x0000005a                __CACTL2 = 0x5a
                0x0000005b                __CAPD = 0x5b
                0x000001a0                __ADC12CTL0 = 0x1a0
                0x000001a2                __ADC12CTL1 = 0x1a2
                0x000001a4                __ADC12IFG = 0x1a4
                0x000001a6                __ADC12IE = 0x1a6
                0x000001a8                __ADC12IV = 0x1a8
                0x00000140                __ADC12MEM0 = 0x140
                0x00000142                __ADC12MEM1 = 0x142
                0x00000144                __ADC12MEM2 = 0x144
                0x00000146                __ADC12MEM3 = 0x146
                0x00000148                __ADC12MEM4 = 0x148
                0x0000014a                __ADC12MEM5 = 0x14a
                0x0000014c                __ADC12MEM6 = 0x14c
                0x0000014e                __ADC12MEM7 = 0x14e
                0x00000150                __ADC12MEM8 = 0x150
                0x00000152                __ADC12MEM9 = 0x152
                0x00000154                __ADC12MEM10 = 0x154
                0x00000156                __ADC12MEM11 = 0x156
                0x00000158                __ADC12MEM12 = 0x158
                0x0000015a                __ADC12MEM13 = 0x15a
                0x0000015c                __ADC12MEM14 = 0x15c
                0x0000015e                __ADC12MEM15 = 0x15e
                0x00000080                __ADC12MCTL0 = 0x80
                0x00000081                __ADC12MCTL1 = 0x81
                0x00000082                __ADC12MCTL2 = 0x82
                0x00000083                __ADC12MCTL3 = 0x83
                0x00000084                __ADC12MCTL4 = 0x84
                0x00000085                __ADC12MCTL5 = 0x85
                0x00000086                __ADC12MCTL6 = 0x86
                0x00000087                __ADC12MCTL7 = 0x87
                0x00000088                __ADC12MCTL8 = 0x88
                0x00000089                __ADC12MCTL9 = 0x89
                0x0000008a                __ADC12MCTL10 = 0x8a
                0x0000008b                __ADC12MCTL11 = 0x8b
                0x0000008c                __ADC12MCTL12 = 0x8c
                0x0000008d                __ADC12MCTL13 = 0x8d
                0x0000008e                __ADC12MCTL14 = 0x8e
                0x0000008f                __ADC12MCTL15 = 0x8f
                0x000001c0                __DAC12_0CTL = 0x1c0
                0x000001c2                __DAC12_1CTL = 0x1c2
                0x000001c8                __DAC12_0DAT = 0x1c8
                0x000001ca                __DAC12_1DAT = 0x1ca
                0x00000122                __DMACTL0 = 0x122
                0x00000124                __DMACTL1 = 0x124
                0x000001e0                __DMA0CTL = 0x1e0
                0x000001e8                __DMA1CTL = 0x1e8
                0x000001f0                __DMA2CTL = 0x1f0
                0x000001e2                __DMA0SA = 0x1e2
                0x000001e4                __DMA0DA = 0x1e4
                0x000001e6                __DMA0SZ = 0x1e6
                0x000001ea                __DMA1SA = 0x1ea
                0x000001ec                __DMA1DA = 0x1ec
                0x000001ee                __DMA1SZ = 0x1ee
                0x000001f2                __DMA2SA = 0x1f2
                0x000001f4                __DMA2DA = 0x1f4
                0x000001f6                __DMA2SZ = 0x1f6

.hash
 *(.hash)

.dynsym
 *(.dynsym)

.dynstr
 *(.dynstr)

.gnu.version
 *(.gnu.version)

.gnu.version_d
 *(.gnu.version_d)

.gnu.version_r
 *(.gnu.version_r)

.rel.init
 *(.rel.init)

.rela.init
 *(.rela.init)

.rel.text
 *(.rel.text)
 *(.rel.text.*)
 *(.rel.gnu.linkonce.t*)

.rela.text
 *(.rela.text)
 *(.rela.text.*)
 *(.rela.gnu.linkonce.t*)

.rel.fini
 *(.rel.fini)

.rela.fini
 *(.rela.fini)

.rel.rodata
 *(.rel.rodata)
 *(.rel.rodata.*)
 *(.rel.gnu.linkonce.r*)

.rela.rodata
 *(.rela.rodata)
 *(.rela.rodata.*)
 *(.rela.gnu.linkonce.r*)

.rel.data
 *(.rel.data)
 *(.rel.data.*)
 *(.rel.gnu.linkonce.d*)

.rela.data
 *(.rela.data)
 *(.rela.data.*)
 *(.rela.gnu.linkonce.d*)

.rel.ctors
 *(.rel.ctors)

.rela.ctors
 *(.rela.ctors)

.rel.dtors
 *(.rel.dtors)

.rela.dtors
 *(.rela.dtors)

.rel.got
 *(.rel.got)

.rela.got
 *(.rela.got)

.rel.bss
 *(.rel.bss)

.rela.bss
 *(.rela.bss)

.rel.plt
 *(.rel.plt)

.rela.plt
 *(.rela.plt)

.text           0x00004000     0xaa90
                0x00004000                . = ALIGN (0x2)
 *(.init)
 *(.init0)
 .init0         0x00004000        0x0 /usr/bin/../lib/gcc/msp430/4.5.3/mmpy-16/libcrt0.a(_reset_vector__.o)
                0x00004000                _reset_vector__
 *(.init1)
 *(.init2)
 .init2         0x00004000        0x4 /usr/bin/../lib/gcc/msp430/4.5.3/mmpy-16/libcrt0.a(__init_stack.o)
                0x00004000                __init_stack
 *(.init3)
 .init3         0x00004004        0xa /usr/bin/../lib/gcc/msp430/4.5.3/mmpy-16/libcrt0.a(__low_level_init.o)
                0x00004004                __low_level_init
 *(.init4)
 .init4         0x0000400e       0x16 /usr/bin/../lib/gcc/msp430/4.5.3/mmpy-16/libcrt0.a(_copy_data.o)
                0x0000400e                __do_copy_data
 .init4         0x00004024       0x14 /usr/bin/../lib/gcc/msp430/4.5.3/mmpy-16/libcrt0.a(_clear_bss.o)
                0x00004024                __do_clear_bss
 *(.init5)
 *(.init6)
 *(.init7)
 *(.init8)
 *(.init9)
 .init9         0x00004038      0x368 obj_sky/contiki-sky-main.o
                0x00004038                main
 *(.fini9)
 .fini9         0x000043a0        0x0 /usr/bin/../lib/gcc/msp430/4.5.3/mmpy-16/libcrt0.a(__stop_progExec__.o)
                0x000043a0                __stop_progExec__
 *(.fini8)
 *(.fini7)
 *(.fini6)
 *(.fini5)
 *(.fini4)
 *(.fini3)
 *(.fini2)
 *(.fini1)
 *(.fini0)
 .fini0         0x000043a0        0x6 /usr/bin/../lib/gcc/msp430/4.5.3/mmpy-16/libcrt0.a(_endless_loop__.o)
                0x000043a0                _endless_loop__
 *(.fini)
                0x000043a6                . = ALIGN (0x2)
                0x000043a6                __ctors_start = .
 *(.ctors)
                0x000043a6                __ctors_end = .
                0x000043a6                __dtors_start = .
 *(.dtors)
                0x000043a6                __dtors_end = .
                0x000043a6                . = ALIGN (0x2)
 *(.text)
 .text          0x000043a6        0x4 /usr/bin/../lib/gcc/msp430/4.5.3/mmpy-16/crt0ivtbl16.o
                0x000043a6                __isr_14
                0x000043a6                __isr_11
                0x000043a6                __isr_2
                0x000043a6                __isr_7
                0x000043a6                __isr_0
                0x000043a6                __isr_8
                0x000043a6                __isr_3
                0x000043a6                __isr_12
                0x000043a6                __isr_13
                0x000043a6                __isr_9
 .text          0x000043aa      0x11c ntp-server.co
                0x000044c2                autostart_processes
 .text          0x000044c6      0x10b obj_sky/contiki-sky-main.o
 *fill*         0x000045d1        0x1 00
 .text          0x000045d2        0x8 contiki-sky.a(rimeaddr.o)
                0x000045d2                rimeaddr_null
 .text          0x000045da       0x14 contiki-sky.a(csma.o)
                0x000045e0                csma_driver
 .text          0x000045ee       0x46 contiki-sky.a(contikimac.o)
                0x00004624                contikimac_driver
 .text          0x00004634        0xc contiki-sky.a(etimer.o)
 .text          0x00004640        0xf contiki-sky.a(ctimer.o)
 .text          0x0000464f        0xb contiki-sky.a(uip-debug.o)
 .text          0x0000465a       0x20 contiki-sky.a(uip6.o)
 .text          0x0000467a        0xd contiki-sky.a(tcpip.o)
 *fill*         0x00004687        0x1 00
 .text          0x00004688       0x24 contiki-sky.a(sicslowpan.o)
                0x00004688                unc_llconf
                0x0000468c                unc_ctxconf
                0x00004690                unc_mxconf
                0x00004694                llprefix
                0x000046a2                sicslowpan_driver
 .text          0x000046ac       0x10 contiki-sky.a(button-sensor.o)
                0x000046b4                button_sensor
 .text          0x000046bc        0x8 contiki-sky.a(sensors.o)
 .text          0x000046c4       0x22 contiki-sky.a(cc2420.o)
                0x000046d2                cc2420_driver
 .text          0x000046e6        0x4 contiki-sky.a(framer-802154.o)
                0x000046e6                framer_802154
 .text          0x000046ea        0x2 contiki-sky.a(frame802154.o)
 .text          0x000046ec       0x34 /usr/bin/../lib/gcc/msp430/4.5.3/../../../../msp430/lib/mmpy-16/libc.a(memcmp.o)
                0x000046ec                memcmp
 .text          0x00004720      0x104 /usr/bin/../lib/gcc/msp430/4.5.3/../../../../msp430/lib/mmpy-16/libc.a(memcpy.o)
                0x00004720                memcpy
 .text          0x00004824      0x104 /usr/bin/../lib/gcc/msp430/4.5.3/../../../../msp430/lib/mmpy-16/libc.a(memmove.o)
                0x00004824                memmove
 .text          0x00004928       0x66 /usr/bin/../lib/gcc/msp430/4.5.3/../../../../msp430/lib/mmpy-16/libc.a(memset.o)
                0x00004928                memset
 .text          0x0000498e       0x20 /usr/bin/../lib/gcc/msp430/4.5.3/../../../../msp430/lib/mmpy-16/libc.a(printf.o)
                0x0000498e                printf
                0x000049a0                vprintf
 .text          0x000049ae      0x5c8 /usr/bin/../lib/gcc/msp430/4.5.3/../../../../msp430/lib/mmpy-16/libc.a(vuprintf.o)
                0x00004b1c                vuprintf
 .text          0x00004f76       0x2c /usr/bin/../lib/gcc/msp430/4.5.3/../../../../msp430/lib/mmpy-16/libc.a(puts.o)
                0x00004f76                puts
 .text          0x00004fa2      0x134 /usr/bin/../lib/gcc/msp430/4.5.3/../../../../msp430/lib/mmpy-16/libc.a(rand.o)
                0x00004fa2                rand_r
                0x00005036                rand
                0x000050cc                srand
                0x000050d6                . = ALIGN (0x2)
 *(.text.*)
 .text.process_thread_ntp_server_process
                0x000050d6      0x264 ntp-server.co
 .text.rimeaddr_copy
                0x0000533a       0x1a contiki-sky.a(rimeaddr.o)
                0x0000533a                rimeaddr_copy
 .text.rimeaddr_cmp
                0x00005354       0x22 contiki-sky.a(rimeaddr.o)
                0x00005354                rimeaddr_cmp
 .text.rimeaddr_set_node_addr
                0x00005376       0x12 contiki-sky.a(rimeaddr.o)
                0x00005376                rimeaddr_set_node_addr
 .text.input_packet
                0x00005388        0x6 contiki-sky.a(csma.o)
 .text.on       0x0000538e        0x6 contiki-sky.a(csma.o)
 .text.off      0x00005394        0x6 contiki-sky.a(csma.o)
 .text.channel_check_interval
                0x0000539a        0xc contiki-sky.a(csma.o)
 .text.transmit_packet_list
                0x000053a6       0x24 contiki-sky.a(csma.o)
 .text.send_packet
                0x000053ca      0x174 contiki-sky.a(csma.o)
 .text.free_first_packet
                0x0000553e       0x9c contiki-sky.a(csma.o)
 .text.packet_sent
                0x000055da      0x100 contiki-sky.a(csma.o)
 .text.init     0x000056da       0x1a contiki-sky.a(csma.o)
 .text.on       0x000056f4       0x16 contiki-sky.a(contikimac.o)
 .text.off      0x0000570a       0x1e contiki-sky.a(contikimac.o)
 .text.recv_burst_off
                0x00005728        0xa contiki-sky.a(contikimac.o)
 .text.turn_off
                0x00005732       0x20 contiki-sky.a(contikimac.o)
 .text.duty_cycle
                0x00005752        0x6 contiki-sky.a(contikimac.o)
 .text.turn_on  0x00005758       0x30 contiki-sky.a(contikimac.o)
 .text.schedule_powercycle_fixed
                0x00005788       0x4c contiki-sky.a(contikimac.o)
 .text.powercycle_turn_radio_off
                0x000057d4       0x2c contiki-sky.a(contikimac.o)
 .text.powercycle
                0x00005800      0x1cc contiki-sky.a(contikimac.o)
 .text.input_packet
                0x000059cc      0x108 contiki-sky.a(contikimac.o)
 .text.send_packet
                0x00005ad4      0x2b4 contiki-sky.a(contikimac.o)
 .text.qsend_list
                0x00005d88       0x88 contiki-sky.a(contikimac.o)
 .text.qsend_packet
                0x00005e10       0x26 contiki-sky.a(contikimac.o)
 .text.init     0x00005e36       0x32 contiki-sky.a(contikimac.o)
 .text.send_packet
                0x00005e68       0x44 contiki-sky.a(phase.o)
 .text.find_neighbor
                0x00005eac       0x32 contiki-sky.a(phase.o)
                0x00005eac                find_neighbor
 .text.phase_update
                0x00005ede       0xbc contiki-sky.a(phase.o)
                0x00005ede                phase_update
 .text.phase_wait
                0x00005f9a      0x114 contiki-sky.a(phase.o)
                0x00005f9a                phase_wait
 .text.phase_init
                0x000060ae       0x20 contiki-sky.a(phase.o)
                0x000060ae                phase_init
 .text.lollipop_greater_than
                0x000060ce       0x44 contiki-sky.a(rpl-dag.o)
 .text.find_parent_dag
                0x00006112       0x5a contiki-sky.a(rpl-dag.o)
 .text.set_ip_from_prefix
                0x0000616c       0x3a contiki-sky.a(rpl-dag.o)
 .text.check_prefix
                0x000061a6       0x7c contiki-sky.a(rpl-dag.o)
 .text.rpl_set_prefix
                0x00006222       0x62 contiki-sky.a(rpl-dag.o)
                0x00006222                rpl_set_prefix
 .text.rpl_set_default_route
                0x00006284       0x5c contiki-sky.a(rpl-dag.o)
                0x00006284                rpl_set_default_route
 .text.rpl_alloc_instance
                0x000062e0       0x2c contiki-sky.a(rpl-dag.o)
                0x000062e0                rpl_alloc_instance
 .text.rpl_add_parent
                0x0000630c       0x76 contiki-sky.a(rpl-dag.o)
                0x0000630c                rpl_add_parent
 .text.rpl_find_parent
                0x00006382       0x34 contiki-sky.a(rpl-dag.o)
                0x00006382                rpl_find_parent
 .text.rpl_find_parent_any_dag
                0x000063b6       0x5a contiki-sky.a(rpl-dag.o)
                0x000063b6                rpl_find_parent_any_dag
 .text.rpl_select_parent
                0x00006410       0x44 contiki-sky.a(rpl-dag.o)
                0x00006410                rpl_select_parent
 .text.rpl_select_dag
                0x00006454      0x1a2 contiki-sky.a(rpl-dag.o)
                0x00006454                rpl_select_dag
 .text.rpl_nullify_parent
                0x000065f6       0x48 contiki-sky.a(rpl-dag.o)
                0x000065f6                rpl_nullify_parent
 .text.rpl_remove_parent
                0x0000663e       0x26 contiki-sky.a(rpl-dag.o)
                0x0000663e                rpl_remove_parent
 .text.remove_parents.clone.1
                0x00006664       0x26 contiki-sky.a(rpl-dag.o)
 .text.rpl_free_dag
                0x0000668a       0x36 contiki-sky.a(rpl-dag.o)
                0x0000668a                rpl_free_dag
 .text.rpl_free_instance
                0x000066c0       0x5c contiki-sky.a(rpl-dag.o)
                0x000066c0                rpl_free_instance
 .text.rpl_move_parent
                0x0000671c       0x72 contiki-sky.a(rpl-dag.o)
                0x0000671c                rpl_move_parent
 .text.rpl_get_any_dag
                0x0000678e       0x18 contiki-sky.a(rpl-dag.o)
                0x0000678e                rpl_get_any_dag
 .text.rpl_get_instance
                0x000067a6       0x16 contiki-sky.a(rpl-dag.o)
                0x000067a6                rpl_get_instance
 .text.get_dag  0x000067bc       0x5c contiki-sky.a(rpl-dag.o)
 .text.rpl_alloc_dag
                0x00006818       0x78 contiki-sky.a(rpl-dag.o)
                0x00006818                rpl_alloc_dag
 .text.rpl_set_root
                0x00006890       0xda contiki-sky.a(rpl-dag.o)
                0x00006890                rpl_set_root
 .text.rpl_repair_root
                0x0000696a       0x2a contiki-sky.a(rpl-dag.o)
                0x0000696a                rpl_repair_root
 .text.rpl_find_of
                0x00006994       0x10 contiki-sky.a(rpl-dag.o)
                0x00006994                rpl_find_of
 .text.rpl_join_instance
                0x000069a4      0x140 contiki-sky.a(rpl-dag.o)
                0x000069a4                rpl_join_instance
 .text.rpl_local_repair
                0x00006ae4       0x6a contiki-sky.a(rpl-dag.o)
                0x00006ae4                rpl_local_repair
 .text.rpl_process_parent_event
                0x00006b4e       0x96 contiki-sky.a(rpl-dag.o)
                0x00006b4e                rpl_process_parent_event
 .text.rpl_recalculate_ranks
                0x00006be4       0x46 contiki-sky.a(rpl-dag.o)
                0x00006be4                rpl_recalculate_ranks
 .text.rpl_add_dag
                0x00006c2a      0x10e contiki-sky.a(rpl-dag.o)
                0x00006c2a                rpl_add_dag
 .text.rpl_process_dio
                0x00006d38      0x238 contiki-sky.a(rpl-dag.o)
                0x00006d38                rpl_process_dio
 .text.get32    0x00006f70       0x46 contiki-sky.a(rpl-icmp6.o)
 .text.set32    0x00006fb6       0x3c contiki-sky.a(rpl-icmp6.o)
 .text.get16    0x00006ff2        0xe contiki-sky.a(rpl-icmp6.o)
 .text.set16    0x00007000       0x10 contiki-sky.a(rpl-icmp6.o)
 .text.dis_output
                0x00007010       0x50 contiki-sky.a(rpl-icmp6.o)
                0x00007010                dis_output
 .text.dio_output
                0x00007060      0x28c contiki-sky.a(rpl-icmp6.o)
                0x00007060                dio_output
 .text.dao_output
                0x000072ec       0xfc contiki-sky.a(rpl-icmp6.o)
                0x000072ec                dao_output
 .text.dao_ack_output
                0x000073e8       0x3c contiki-sky.a(rpl-icmp6.o)
                0x000073e8                dao_ack_output
 .text.uip_rpl_input
                0x00007424      0x51a contiki-sky.a(rpl-icmp6.o)
                0x00007424                uip_rpl_input
 .text.new_dio_interval
                0x0000793e       0xb8 contiki-sky.a(rpl-timers.o)
 .text.handle_dao_timer
                0x000079f6       0x50 contiki-sky.a(rpl-timers.o)
 .text.handle_dio_timer
                0x00007a46       0x82 contiki-sky.a(rpl-timers.o)
 .text.handle_periodic_timer
                0x00007ac8       0x2e contiki-sky.a(rpl-timers.o)
 .text.rpl_reset_periodic_timer
                0x00007af6       0x1e contiki-sky.a(rpl-timers.o)
                0x00007af6                rpl_reset_periodic_timer
 .text.rpl_reset_dio_timer
                0x00007b14       0x18 contiki-sky.a(rpl-timers.o)
                0x00007b14                rpl_reset_dio_timer
 .text.rpl_schedule_dao
                0x00007b2c       0x48 contiki-sky.a(rpl-timers.o)
                0x00007b2c                rpl_schedule_dao
 .text.calculate_path_metric
                0x00007b74       0x40 contiki-sky.a(rpl-of-etx.o)
 .text.reset    0x00007bb4        0x2 contiki-sky.a(rpl-of-etx.o)
 .text.parent_state_callback
                0x00007bb6        0x2 contiki-sky.a(rpl-of-etx.o)
 .text.calculate_rank
                0x00007bb8       0x58 contiki-sky.a(rpl-of-etx.o)
 .text.best_dag
                0x00007c10       0x34 contiki-sky.a(rpl-of-etx.o)
 .text.best_parent
                0x00007c44       0x52 contiki-sky.a(rpl-of-etx.o)
 .text.update_metric_container
                0x00007c96       0x40 contiki-sky.a(rpl-of-etx.o)
 .text.call_process
                0x00007cd6       0x4c contiki-sky.a(process.o)
 .text.exit_process
                0x00007d22       0x94 contiki-sky.a(process.o)
 .text.do_poll  0x00007db6       0x30 contiki-sky.a(process.o)
 .text.process_alloc_event
                0x00007de6        0xe contiki-sky.a(process.o)
                0x00007de6                process_alloc_event
 .text.process_init
                0x00007df4       0x1c contiki-sky.a(process.o)
                0x00007df4                process_init
 .text.process_run
                0x00007e10       0x9c contiki-sky.a(process.o)
                0x00007e10                process_run
 .text.process_nevents
                0x00007eac        0xc contiki-sky.a(process.o)
                0x00007eac                process_nevents
 .text.process_post
                0x00007eb8       0x54 contiki-sky.a(process.o)
                0x00007eb8                process_post
 .text.process_post_synch
                0x00007f0c       0x12 contiki-sky.a(process.o)
                0x00007f0c                process_post_synch
 .text.process_start
                0x00007f1e       0x32 contiki-sky.a(process.o)
                0x00007f1e                process_start
 .text.process_poll
                0x00007f50       0x1a contiki-sky.a(process.o)
                0x00007f50                process_poll
 .text.autostart_start
                0x00007f6a       0x18 contiki-sky.a(autostart.o)
                0x00007f6a                autostart_start
 .text.compower_accumulate
                0x00007f82       0x72 contiki-sky.a(compower.o)
                0x00007f82                compower_accumulate
 .text.compower_clear
                0x00007ff4       0x12 contiki-sky.a(compower.o)
                0x00007ff4                compower_clear
 .text.compower_attrconv
                0x00008006       0x10 contiki-sky.a(compower.o)
                0x00008006                compower_attrconv
 .text.memb_init
                0x00008016       0x36 contiki-sky.a(memb.o)
                0x00008016                memb_init
 .text.memb_alloc
                0x0000804c       0x3e contiki-sky.a(memb.o)
                0x0000804c                memb_alloc
 .text.memb_free
                0x0000808a       0x3a contiki-sky.a(memb.o)
                0x0000808a                memb_free
 .text.memb_inmemb
                0x000080c4       0x2e contiki-sky.a(memb.o)
                0x000080c4                memb_inmemb
 .text.timer_set
                0x000080f2       0x1c contiki-sky.a(timer.o)
                0x000080f2                timer_set
 .text.timer_reset
                0x0000810e        0xe contiki-sky.a(timer.o)
                0x0000810e                timer_reset
 .text.timer_restart
                0x0000811c       0x14 contiki-sky.a(timer.o)
                0x0000811c                timer_restart
 .text.timer_expired
                0x00008130       0x2e contiki-sky.a(timer.o)
                0x00008130                timer_expired
 .text.list_init
                0x0000815e        0x6 contiki-sky.a(list.o)
                0x0000815e                list_init
 .text.list_head
                0x00008164        0x4 contiki-sky.a(list.o)
                0x00008164                list_head
 .text.list_tail
                0x00008168       0x14 contiki-sky.a(list.o)
                0x00008168                list_tail
 .text.list_chop
                0x0000817c       0x2a contiki-sky.a(list.o)
                0x0000817c                list_chop
 .text.list_pop
                0x000081a6        0xe contiki-sky.a(list.o)
                0x000081a6                list_pop
 .text.list_remove
                0x000081b4       0x2e contiki-sky.a(list.o)
                0x000081b4                list_remove
 .text.list_push
                0x000081e2       0x1a contiki-sky.a(list.o)
                0x000081e2                list_push
 .text.list_add
                0x000081fc       0x2a contiki-sky.a(list.o)
                0x000081fc                list_add
 .text.list_length
                0x00008226       0x10 contiki-sky.a(list.o)
                0x00008226                list_length
 .text.list_item_next
                0x00008236        0x8 contiki-sky.a(list.o)
                0x00008236                list_item_next
 .text.update_time
                0x0000823e       0x78 contiki-sky.a(etimer.o)
 .text.etimer_request_poll
                0x000082b6        0xa contiki-sky.a(etimer.o)
                0x000082b6                etimer_request_poll
 .text.process_thread_etimer_process
                0x000082c0       0xce contiki-sky.a(etimer.o)
 .text.add_timer
                0x0000838e       0x38 contiki-sky.a(etimer.o)
 .text.etimer_set
                0x000083c6       0x12 contiki-sky.a(etimer.o)
                0x000083c6                etimer_set
 .text.etimer_reset
                0x000083d8       0x12 contiki-sky.a(etimer.o)
                0x000083d8                etimer_reset
 .text.etimer_restart
                0x000083ea       0x12 contiki-sky.a(etimer.o)
                0x000083ea                etimer_restart
 .text.etimer_expired
                0x000083fc        0xe contiki-sky.a(etimer.o)
                0x000083fc                etimer_expired
 .text.etimer_expiration_time
                0x0000840a       0x14 contiki-sky.a(etimer.o)
                0x0000840a                etimer_expiration_time
 .text.etimer_pending
                0x0000841e        0xe contiki-sky.a(etimer.o)
                0x0000841e                etimer_pending
 .text.etimer_next_expiration_time
                0x0000842c       0x16 contiki-sky.a(etimer.o)
                0x0000842c                etimer_next_expiration_time
 .text.etimer_stop
                0x00008442       0x3c contiki-sky.a(etimer.o)
                0x00008442                etimer_stop
 .text.process_thread_ctimer_process
                0x0000847e       0xa4 contiki-sky.a(ctimer.o)
 .text.ctimer_init
                0x00008522       0x18 contiki-sky.a(ctimer.o)
                0x00008522                ctimer_init
 .text.ctimer_set
                0x0000853a       0x5a contiki-sky.a(ctimer.o)
                0x0000853a                ctimer_set
 .text.ctimer_reset
                0x00008594       0x3a contiki-sky.a(ctimer.o)
                0x00008594                ctimer_reset
 .text.ctimer_stop
                0x000085ce       0x28 contiki-sky.a(ctimer.o)
                0x000085ce                ctimer_stop
 .text.energest_init
                0x000085f6       0x2a contiki-sky.a(energest.o)
                0x000085f6                energest_init
 .text.energest_type_time
                0x00008620       0x44 contiki-sky.a(energest.o)
                0x00008620                energest_type_time
 .text.energest_type_set
                0x00008664        0xe contiki-sky.a(energest.o)
                0x00008664                energest_type_set
 .text.energest_flush
                0x00008672       0x4a contiki-sky.a(energest.o)
                0x00008672                energest_flush
 .text.rtimer_init
                0x000086bc        0x6 contiki-sky.a(rtimer.o)
                0x000086bc                rtimer_init
 .text.rtimer_set
                0x000086c2       0x24 contiki-sky.a(rtimer.o)
                0x000086c2                rtimer_set
 .text.rtimer_run_next
                0x000086e6       0x26 contiki-sky.a(rtimer.o)
                0x000086e6                rtimer_run_next
 .text.stimer_set
                0x0000870c       0x1c contiki-sky.a(stimer.o)
                0x0000870c                stimer_set
 .text.stimer_expired
                0x00008728       0x42 contiki-sky.a(stimer.o)
                0x00008728                stimer_expired
 .text.random_init
                0x0000876a        0x6 contiki-sky.a(random.o)
                0x0000876a                random_init
 .text.random_rand
                0x00008770        0x6 contiki-sky.a(random.o)
                0x00008770                random_rand
 .text.uip_debug_ipaddr_print
                0x00008776       0x72 contiki-sky.a(uip-debug.o)
                0x00008776                uip_debug_ipaddr_print
 .text.packetbuf_copyto_hdr
                0x000087e8       0x1c contiki-sky.a(packetbuf.o)
                0x000087e8                packetbuf_copyto_hdr
 .text.packetbuf_copyto
                0x00008804       0x52 contiki-sky.a(packetbuf.o)
                0x00008804                packetbuf_copyto
 .text.packetbuf_hdr_remove
                0x00008856        0x6 contiki-sky.a(packetbuf.o)
                0x00008856                packetbuf_hdr_remove
 .text.packetbuf_hdrreduce
                0x0000885c       0x1a contiki-sky.a(packetbuf.o)
                0x0000885c                packetbuf_hdrreduce
 .text.packetbuf_set_datalen
                0x00008876        0x6 contiki-sky.a(packetbuf.o)
                0x00008876                packetbuf_set_datalen
 .text.packetbuf_dataptr
                0x0000887c        0xa contiki-sky.a(packetbuf.o)
                0x0000887c                packetbuf_dataptr
 .text.packetbuf_hdrptr
                0x00008886        0xa contiki-sky.a(packetbuf.o)
                0x00008886                packetbuf_hdrptr
 .text.packetbuf_is_reference
                0x00008890        0xe contiki-sky.a(packetbuf.o)
                0x00008890                packetbuf_is_reference
 .text.packetbuf_compact
                0x0000889e       0x48 contiki-sky.a(packetbuf.o)
                0x0000889e                packetbuf_compact
 .text.packetbuf_reference_ptr
                0x000088e6        0x6 contiki-sky.a(packetbuf.o)
                0x000088e6                packetbuf_reference_ptr
 .text.packetbuf_datalen
                0x000088ec        0x6 contiki-sky.a(packetbuf.o)
                0x000088ec                packetbuf_datalen
 .text.packetbuf_totlen
                0x000088f2       0x10 contiki-sky.a(packetbuf.o)
                0x000088f2                packetbuf_totlen
 .text.packetbuf_hdralloc
                0x00008902       0x2e contiki-sky.a(packetbuf.o)
                0x00008902                packetbuf_hdralloc
 .text.packetbuf_attr_clear
                0x00008930       0x32 contiki-sky.a(packetbuf.o)
                0x00008930                packetbuf_attr_clear
 .text.packetbuf_clear
                0x00008962       0x20 contiki-sky.a(packetbuf.o)
                0x00008962                packetbuf_clear
 .text.packetbuf_copyfrom
                0x00008982       0x2e contiki-sky.a(packetbuf.o)
                0x00008982                packetbuf_copyfrom
 .text.packetbuf_attr_copyto
                0x000089b0       0x22 contiki-sky.a(packetbuf.o)
                0x000089b0                packetbuf_attr_copyto
 .text.packetbuf_attr_copyfrom
                0x000089d2       0x24 contiki-sky.a(packetbuf.o)
                0x000089d2                packetbuf_attr_copyfrom
 .text.queuebuf_init
                0x000089f6       0x1a contiki-sky.a(queuebuf.o)
                0x000089f6                queuebuf_init
 .text.queuebuf_new_from_packetbuf
                0x00008a10       0x80 contiki-sky.a(queuebuf.o)
                0x00008a10                queuebuf_new_from_packetbuf
 .text.queuebuf_update_attr_from_packetbuf
                0x00008a90       0x12 contiki-sky.a(queuebuf.o)
                0x00008a90                queuebuf_update_attr_from_packetbuf
 .text.queuebuf_free
                0x00008aa2       0x46 contiki-sky.a(queuebuf.o)
                0x00008aa2                queuebuf_free
 .text.queuebuf_to_packetbuf
                0x00008ae8       0x70 contiki-sky.a(queuebuf.o)
                0x00008ae8                queuebuf_to_packetbuf
 .text.chksum   0x00008b58       0x34 contiki-sky.a(uip6.o)
 .text.upper_layer_chksum
                0x00008b8c       0x54 contiki-sky.a(uip6.o)
 .text.ext_hdr_options_process
                0x00008be0       0xe0 contiki-sky.a(uip6.o)
 .text.uip_add32
                0x00008cc0       0x72 contiki-sky.a(uip6.o)
                0x00008cc0                uip_add32
 .text.uip_add_rcv_nxt
                0x00008d32       0x2e contiki-sky.a(uip6.o)
 .text.uip_icmp6chksum
                0x00008d60        0xa contiki-sky.a(uip6.o)
                0x00008d60                uip_icmp6chksum
 .text.uip_tcpchksum
                0x00008d6a        0xa contiki-sky.a(uip6.o)
                0x00008d6a                uip_tcpchksum
 .text.uip_udpchksum
                0x00008d74        0xa contiki-sky.a(uip6.o)
                0x00008d74                uip_udpchksum
 .text.uip_init
                0x00008d7e       0x6c contiki-sky.a(uip6.o)
                0x00008d7e                uip_init
 .text.remove_ext_hdr
                0x00008dea       0x44 contiki-sky.a(uip6.o)
                0x00008dea                remove_ext_hdr
 .text.uip_udp_new
                0x00008e2e       0xee contiki-sky.a(uip6.o)
                0x00008e2e                uip_udp_new
 .text.uip_unlisten
                0x00008f1c       0x32 contiki-sky.a(uip6.o)
                0x00008f1c                uip_unlisten
 .text.uip_process
                0x00008f4e      0xeca contiki-sky.a(uip6.o)
                0x00008f4e                uip_process
 .text.uip_htonl
                0x00009e18       0x3e contiki-sky.a(uip6.o)
                0x00009e18                uip_htonl
 .text.start_periodic_tcp_timer
                0x00009e56       0x16 contiki-sky.a(tcpip.o)
 .text.tcpip_output
                0x00009e6c       0x10 contiki-sky.a(tcpip.o)
                0x00009e6c                tcpip_output
 .text.tcpip_set_outputfunc
                0x00009e7c        0x6 contiki-sky.a(tcpip.o)
                0x00009e7c                tcpip_set_outputfunc
 .text.udp_new  0x00009e82       0x1a contiki-sky.a(tcpip.o)
                0x00009e82                udp_new
 .text.tcpip_input
                0x00009e9c       0x16 contiki-sky.a(tcpip.o)
                0x00009e9c                tcpip_input
 .text.tcpip_ipv6_output
                0x00009eb2      0x144 contiki-sky.a(tcpip.o)
                0x00009eb2                tcpip_ipv6_output
 .text.process_thread_tcpip_process
                0x00009ff6      0x1d8 contiki-sky.a(tcpip.o)
 .text.tcpip_uipcall
                0x0000a1ce       0x7c contiki-sky.a(tcpip.o)
                0x0000a1ce                tcpip_uipcall
 .text.uip_icmp6_echo_request_input
                0x0000a24a      0x122 contiki-sky.a(uip-icmp6.o)
                0x0000a24a                uip_icmp6_echo_request_input
 .text.uip_icmp6_error_output
                0x0000a36c      0x16a contiki-sky.a(uip-icmp6.o)
                0x0000a36c                uip_icmp6_error_output
 .text.uip_icmp6_send
                0x0000a4d6       0x94 contiki-sky.a(uip-icmp6.o)
                0x0000a4d6                uip_icmp6_send
 .text.create_llao
                0x0000a56a       0x2c contiki-sky.a(uip-nd6.o)
 .text.uip_nd6_ns_input
                0x0000a596      0x230 contiki-sky.a(uip-nd6.o)
                0x0000a596                uip_nd6_ns_input
 .text.uip_nd6_ns_output
                0x0000a7c6      0x16c contiki-sky.a(uip-nd6.o)
                0x0000a7c6                uip_nd6_ns_output
 .text.uip_nd6_na_input
                0x0000a932      0x1b8 contiki-sky.a(uip-nd6.o)
                0x0000a932                uip_nd6_na_input
 .text.set_packet_attrs
                0x0000aaea       0x44 contiki-sky.a(sicslowpan.o)
 .text.addr_context_lookup_by_number
                0x0000ab2e       0x36 contiki-sky.a(sicslowpan.o)
 .text.compress_addr_64
                0x0000ab64       0x92 contiki-sky.a(sicslowpan.o)
 .text.uncompress_addr
                0x0000abf6       0xae contiki-sky.a(sicslowpan.o)
 .text.input    0x0000aca4      0x600 contiki-sky.a(sicslowpan.o)
 .text.sicslowpan_init
                0x0000b2a4       0x26 contiki-sky.a(sicslowpan.o)
                0x0000b2a4                sicslowpan_init
 .text.addr_context_lookup_by_prefix
                0x0000b2ca       0x4c contiki-sky.a(sicslowpan.o)
 .text.send_packet
                0x0000b316       0x1a contiki-sky.a(sicslowpan.o)
 .text.output   0x0000b330      0x6b2 contiki-sky.a(sicslowpan.o)
 .text.packet_sent
                0x0000b9e2       0x22 contiki-sky.a(sicslowpan.o)
 .text.neighbor_info_packet_sent
                0x0000ba04       0xe8 contiki-sky.a(neighbor-info.o)
                0x0000ba04                neighbor_info_packet_sent
 .text.neighbor_info_packet_received
                0x0000baec       0x1a contiki-sky.a(neighbor-info.o)
                0x0000baec                neighbor_info_packet_received
 .text.neighbor_info_subscribe
                0x0000bb06       0x28 contiki-sky.a(neighbor-info.o)
                0x0000bb06                neighbor_info_subscribe
 .text.uip_ds6_list_loop
                0x0000bb2e       0x82 contiki-sky.a(uip-ds6.o)
                0x0000bb2e                uip_ds6_list_loop
 .text.uip_ds6_nbr_rm
                0x0000bbb0        0xe contiki-sky.a(uip-ds6.o)
                0x0000bbb0                uip_ds6_nbr_rm
 .text.uip_ds6_nbr_add
                0x0000bbbe      0x116 contiki-sky.a(uip-ds6.o)
                0x0000bbbe                uip_ds6_nbr_add
 .text.uip_ds6_nbr_lookup
                0x0000bcd4       0x3e contiki-sky.a(uip-ds6.o)
                0x0000bcd4                uip_ds6_nbr_lookup
 .text.uip_ds6_defrt_add
                0x0000bd12       0x82 contiki-sky.a(uip-ds6.o)
                0x0000bd12                uip_ds6_defrt_add
 .text.uip_ds6_defrt_rm
                0x0000bd94        0xa contiki-sky.a(uip-ds6.o)
                0x0000bd94                uip_ds6_defrt_rm
 .text.uip_ds6_defrt_lookup
                0x0000bd9e       0x28 contiki-sky.a(uip-ds6.o)
                0x0000bd9e                uip_ds6_defrt_lookup
 .text.uip_ds6_defrt_choose
                0x0000bdc6       0x4a contiki-sky.a(uip-ds6.o)
                0x0000bdc6                uip_ds6_defrt_choose
 .text.uip_ds6_prefix_add
                0x0000be10       0x80 contiki-sky.a(uip-ds6.o)
                0x0000be10                uip_ds6_prefix_add
 .text.uip_ds6_is_addr_onlink
                0x0000be90       0x50 contiki-sky.a(uip-ds6.o)
                0x0000be90                uip_ds6_is_addr_onlink
 .text.uip_ds6_addr_lookup
                0x0000bee0       0x2a contiki-sky.a(uip-ds6.o)
                0x0000bee0                uip_ds6_addr_lookup
 .text.uip_ds6_get_link_local
                0x0000bf0a       0x3e contiki-sky.a(uip-ds6.o)
                0x0000bf0a                uip_ds6_get_link_local
 .text.uip_ds6_maddr_add
                0x0000bf48       0x4c contiki-sky.a(uip-ds6.o)
                0x0000bf48                uip_ds6_maddr_add
 .text.uip_ds6_addr_add
                0x0000bf94       0xca contiki-sky.a(uip-ds6.o)
                0x0000bf94                uip_ds6_addr_add
 .text.uip_ds6_maddr_lookup
                0x0000c05e       0x2a contiki-sky.a(uip-ds6.o)
                0x0000c05e                uip_ds6_maddr_lookup
 .text.uip_ds6_addr_rm
                0x0000c088       0x54 contiki-sky.a(uip-ds6.o)
                0x0000c088                uip_ds6_addr_rm
 .text.uip_ds6_periodic
                0x0000c0dc      0x194 contiki-sky.a(uip-ds6.o)
                0x0000c0dc                uip_ds6_periodic
 .text.uip_ds6_route_lookup
                0x0000c270       0x66 contiki-sky.a(uip-ds6.o)
                0x0000c270                uip_ds6_route_lookup
 .text.uip_ds6_route_add
                0x0000c2d6       0x82 contiki-sky.a(uip-ds6.o)
                0x0000c2d6                uip_ds6_route_add
 .text.uip_ds6_route_rm
                0x0000c358        0x6 contiki-sky.a(uip-ds6.o)
                0x0000c358                uip_ds6_route_rm
 .text.uip_ds6_route_rm_by_nexthop
                0x0000c35e       0x42 contiki-sky.a(uip-ds6.o)
                0x0000c35e                uip_ds6_route_rm_by_nexthop
 .text.uip_ds6_set_addr_iid
                0x0000c3a0       0x14 contiki-sky.a(uip-ds6.o)
                0x0000c3a0                uip_ds6_set_addr_iid
 .text.get_match_length
                0x0000c3b4       0x46 contiki-sky.a(uip-ds6.o)
                0x0000c3b4                get_match_length
 .text.uip_ds6_select_src
                0x0000c3fa       0xaa contiki-sky.a(uip-ds6.o)
                0x0000c3fa                uip_ds6_select_src
 .text.uip_ds6_compute_reachable_time
                0x0000c4a4       0x4a contiki-sky.a(uip-ds6.o)
                0x0000c4a4                uip_ds6_compute_reachable_time
 .text.uip_ds6_init
                0x0000c4ee      0x17c contiki-sky.a(uip-ds6.o)
                0x0000c4ee                uip_ds6_init
 .text.clock_get_time
                0x0000c66a       0xfe contiki-sky.a(ntpd.o)
                0x0000c66a                clock_get_time
 .text.ntp_server_send
                0x0000c768       0x9c contiki-sky.a(ntpd.o)
                0x0000c768                ntp_server_send
 .text.init_platform
                0x0000c804        0xc contiki-sky.a(contiki-sky-pla)
                0x0000c804                init_platform
 .text.status   0x0000c810       0x16 contiki-sky.a(button-sensor.o)
 .text.configure
                0x0000c826       0x4a contiki-sky.a(button-sensor.o)
 .text.value    0x0000c870       0x26 contiki-sky.a(button-sensor.o)
 .text.irq_p2   0x0000c896       0x92 contiki-sky.a(button-sensor.o)
                0x0000c896                irq_p2
                0x0000c896                __isr_1
 .text.crc8_add
                0x0000c928       0x1a contiki-sky.a(ds2411.o)
 .text.owreadb  0x0000c942       0x56 contiki-sky.a(ds2411.o)
 .text.ds2411_init
                0x0000c998      0x10a contiki-sky.a(ds2411.o)
                0x0000c998                ds2411_init
 .text.wait_ready
                0x0000caa2       0x4e contiki-sky.a(xmem.o)
 .text.xmem_init
                0x0000caf0       0x3c contiki-sky.a(xmem.o)
                0x0000caf0                xmem_init
 .text.xmem_pread
                0x0000cb2c       0xdc contiki-sky.a(xmem.o)
                0x0000cb2c                xmem_pread
 .text.node_id_restore
                0x0000cc08       0x38 contiki-sky.a(node-id.o)
                0x0000cc08                node_id_restore
 .text.get_sensor_index
                0x0000cc40       0x22 contiki-sky.a(sensors.o)
 .text.process_thread_sensors_process
                0x0000cc62       0xc2 contiki-sky.a(sensors.o)
 .text.sensors_changed
                0x0000cd24       0x14 contiki-sky.a(sensors.o)
                0x0000cd24                sensors_changed
 .text.strobe   0x0000cd38       0x1e contiki-sky.a(cc2420.o)
 .text.status   0x0000cd56       0x24 contiki-sky.a(cc2420.o)
 .text.getreg   0x0000cd7a       0x50 contiki-sky.a(cc2420.o)
 .text.setreg   0x0000cdca       0x48 contiki-sky.a(cc2420.o)
 .text.set_txpower
                0x0000ce12       0x2a contiki-sky.a(cc2420.o)
 .text.cc2420_receiving_packet
                0x0000ce3c       0x10 contiki-sky.a(cc2420.o)
 .text.pending_packet
                0x0000ce4c        0x8 contiki-sky.a(cc2420.o)
 .text.on       0x0000ce54       0x46 contiki-sky.a(cc2420.o)
 .text.flushrx  0x0000ce9a       0x74 contiki-sky.a(cc2420.o)
 .text.off      0x0000cf0e       0x78 contiki-sky.a(cc2420.o)
 .text.RELEASE_LOCK
                0x0000cf86       0x28 contiki-sky.a(cc2420.o)
 .text.cc2420_prepare
                0x0000cfae       0x8a contiki-sky.a(cc2420.o)
 .text.cc2420_on
                0x0000d038       0x22 contiki-sky.a(cc2420.o)
                0x0000d038                cc2420_on
 .text.cc2420_off
                0x0000d05a       0x30 contiki-sky.a(cc2420.o)
                0x0000d05a                cc2420_off
 .text.cc2420_cca
                0x0000d08a       0x7a contiki-sky.a(cc2420.o)
 .text.getrxdata
                0x0000d104       0x4e contiki-sky.a(cc2420.o)
 .text.cc2420_read
                0x0000d152      0x11a contiki-sky.a(cc2420.o)
 .text.process_thread_cc2420_process
                0x0000d26c       0x50 contiki-sky.a(cc2420.o)
 .text.cc2420_set_channel
                0x0000d2bc       0x7a contiki-sky.a(cc2420.o)
                0x0000d2bc                cc2420_set_channel
 .text.cc2420_set_pan_addr
                0x0000d336      0x13a contiki-sky.a(cc2420.o)
                0x0000d336                cc2420_set_pan_addr
 .text.cc2420_init
                0x0000d470       0xd4 contiki-sky.a(cc2420.o)
                0x0000d470                cc2420_init
 .text.cc2420_interrupt
                0x0000d544       0x20 contiki-sky.a(cc2420.o)
                0x0000d544                cc2420_interrupt
 .text.cc2420_get_txpower
                0x0000d564       0x1e contiki-sky.a(cc2420.o)
                0x0000d564                cc2420_get_txpower
 .text.cc2420_transmit
                0x0000d582      0x1ac contiki-sky.a(cc2420.o)
 .text.cc2420_send
                0x0000d72e       0x12 contiki-sky.a(cc2420.o)
 .text.cc2420_port1_interrupt
                0x0000d740       0x6a contiki-sky.a(cc2420-arch.o)
                0x0000d740                __isr_4
                0x0000d740                cc2420_port1_interrupt
 .text.cc2420_arch_init
                0x0000d7aa       0x1a contiki-sky.a(cc2420-arch.o)
                0x0000d7aa                cc2420_arch_init
 .text.uart1_active
                0x0000d7c4       0x18 contiki-sky.a(uart1.o)
                0x0000d7c4                uart1_active
 .text.uart1_writeb
                0x0000d7dc       0x1a contiki-sky.a(uart1.o)
                0x0000d7dc                uart1_writeb
 .text.uart1_init
                0x0000d7f6       0xee contiki-sky.a(uart1.o)
                0x0000d7f6                uart1_init
 .text.putchar  0x0000d8e4        0xe contiki-sky.a(uart1-putchar.o)
                0x0000d8e4                putchar
 .text.msp430_init_dco
                0x0000d8f2       0x74 contiki-sky.a(msp430.o)
                0x0000d8f2                msp430_init_dco
 .text.msp430_add_lpm_req
                0x0000d966        0xa contiki-sky.a(msp430.o)
                0x0000d966                msp430_add_lpm_req
 .text.msp430_cpu_init
                0x0000d970       0x2a contiki-sky.a(msp430.o)
                0x0000d970                msp430_cpu_init
 .text.splhigh_
                0x0000d99a        0x8 contiki-sky.a(msp430.o)
                0x0000d99a                splhigh_
 .text.msp430_sync_dco
                0x0000d9a2       0x60 contiki-sky.a(msp430.o)
                0x0000d9a2                msp430_sync_dco
 .text.timera1  0x0000da02       0xee contiki-sky.a(clock.o)
                0x0000da02                __isr_5
                0x0000da02                timera1
 .text.clock_time
                0x0000daf0       0x1a contiki-sky.a(clock.o)
                0x0000daf0                clock_time
 .text.clock_init
                0x0000db0a       0x28 contiki-sky.a(clock.o)
                0x0000db0a                clock_init
 .text.clock_delay
                0x0000db32        0xc contiki-sky.a(clock.o)
                0x0000db32                clock_delay
 .text.clock_seconds
                0x0000db3e       0x1a contiki-sky.a(clock.o)
                0x0000db3e                clock_seconds
 .text.clock_counter
                0x0000db58        0xe contiki-sky.a(clock.o)
                0x0000db58                clock_counter
 .text.show_leds
                0x0000db66      0x10c contiki-sky.a(leds.o)
 .text.leds_init
                0x0000dc72        0xe contiki-sky.a(leds.o)
                0x0000dc72                leds_init
 .text.leds_on  0x0000dc80       0x14 contiki-sky.a(leds.o)
                0x0000dc80                leds_on
 .text.leds_off
                0x0000dc94       0x14 contiki-sky.a(leds.o)
                0x0000dc94                leds_off
 .text.leds_arch_init
                0x0000dca8        0xe contiki-sky.a(leds-arch.o)
                0x0000dca8                leds_arch_init
 .text.leds_arch_set
                0x0000dcb6       0x3a contiki-sky.a(leds-arch.o)
                0x0000dcb6                leds_arch_set
 .text.watchdog_interrupt
                0x0000dcf0        0x6 contiki-sky.a(watchdog.o)
                0x0000dcf0                __isr_10
                0x0000dcf0                watchdog_interrupt
 .text.watchdog_start
                0x0000dcf6       0x14 contiki-sky.a(watchdog.o)
                0x0000dcf6                watchdog_start
 .text.watchdog_periodic
                0x0000dd0a       0x12 contiki-sky.a(watchdog.o)
                0x0000dd0a                watchdog_periodic
 .text.watchdog_stop
                0x0000dd1c       0x16 contiki-sky.a(watchdog.o)
                0x0000dd1c                watchdog_stop
 .text.watchdog_init
                0x0000dd32       0x14 contiki-sky.a(watchdog.o)
                0x0000dd32                watchdog_init
 .text.rtimer_arch_init
                0x0000dd46        0xe contiki-sky.a(rtimer-arch.o)
                0x0000dd46                rtimer_arch_init
 .text.rtimer_arch_now
                0x0000dd54        0xe contiki-sky.a(rtimer-arch.o)
                0x0000dd54                rtimer_arch_now
 .text.timera0  0x0000dd62       0x76 contiki-sky.a(rtimer-arch.o)
                0x0000dd62                __isr_6
                0x0000dd62                timera0
 .text.rtimer_arch_schedule
                0x0000ddd8        0x6 contiki-sky.a(rtimer-arch.o)
                0x0000ddd8                rtimer_arch_schedule
 .text.mac_call_sent_callback
                0x0000ddde       0x14 contiki-sky.a(mac.o)
                0x0000ddde                mac_call_sent_callback
 .text.parse    0x0000ddf2       0xa8 contiki-sky.a(framer-802154.o)
 .text.create   0x0000de9a      0x112 contiki-sky.a(framer-802154.o)
 .text.rpl_link_neighbor_callback
                0x0000dfac       0x8a contiki-sky.a(rpl.o)
 .text.rpl_purge_routes
                0x0000e036       0x64 contiki-sky.a(rpl.o)
                0x0000e036                rpl_purge_routes
 .text.rpl_remove_routes
                0x0000e09a       0x3e contiki-sky.a(rpl.o)
                0x0000e09a                rpl_remove_routes
 .text.rpl_remove_routes_by_nexthop
                0x0000e0d8       0x44 contiki-sky.a(rpl.o)
                0x0000e0d8                rpl_remove_routes_by_nexthop
 .text.rpl_add_route
                0x0000e11c       0x72 contiki-sky.a(rpl.o)
                0x0000e11c                rpl_add_route
 .text.rpl_ipv6_neighbor_callback
                0x0000e18e       0x26 contiki-sky.a(rpl.o)
                0x0000e18e                rpl_ipv6_neighbor_callback
 .text.rpl_init
                0x0000e1b4       0x44 contiki-sky.a(rpl.o)
                0x0000e1b4                rpl_init
 .text.rpl_verify_header
                0x0000e1f8       0x86 contiki-sky.a(rpl-ext-header.)
                0x0000e1f8                rpl_verify_header
 .text.rpl_update_header_empty
                0x0000e27e       0xb8 contiki-sky.a(rpl-ext-header.)
                0x0000e27e                rpl_update_header_empty
 .text.rpl_update_header_final
                0x0000e336       0x84 contiki-sky.a(rpl-ext-header.)
                0x0000e336                rpl_update_header_final
 .text.rpl_invert_header
                0x0000e3ba       0x5c contiki-sky.a(rpl-ext-header.)
                0x0000e3ba                rpl_invert_header
 .text.uip_udp_packet_send
                0x0000e416       0x2e contiki-sky.a(uip-udp-packet.)
                0x0000e416                uip_udp_packet_send
 .text.neighbor_addr_get
                0x0000e444       0x42 contiki-sky.a(neighbor-attr.o)
 .text.set_attr
                0x0000e486       0x4e contiki-sky.a(neighbor-attr.o)
 .text.neighbor_attr_register
                0x0000e4d4       0x34 contiki-sky.a(neighbor-attr.o)
                0x0000e4d4                neighbor_attr_register
 .text.neighbor_attr_has_neighbor
                0x0000e508       0x10 contiki-sky.a(neighbor-attr.o)
                0x0000e508                neighbor_attr_has_neighbor
 .text.neighbor_attr_add_neighbor
                0x0000e518       0x80 contiki-sky.a(neighbor-attr.o)
                0x0000e518                neighbor_attr_add_neighbor
 .text.neighbor_attr_get_data
                0x0000e598       0x2e contiki-sky.a(neighbor-attr.o)
                0x0000e598                neighbor_attr_get_data
 .text.neighbor_attr_set_data
                0x0000e5c6       0x66 contiki-sky.a(neighbor-attr.o)
                0x0000e5c6                neighbor_attr_set_data
 .text.spi_init
                0x0000e62c       0x32 contiki-sky.a(spi.o)
                0x0000e62c                spi_init
 .text.field_len
                0x0000e65e       0x98 contiki-sky.a(frame802154.o)
 .text.frame802154_hdrlen
                0x0000e6f6       0x26 contiki-sky.a(frame802154.o)
                0x0000e6f6                frame802154_hdrlen
 .text.frame802154_create
                0x0000e71c      0x16c contiki-sky.a(frame802154.o)
                0x0000e71c                frame802154_create
 .text.frame802154_parse
                0x0000e888      0x1a0 contiki-sky.a(frame802154.o)
                0x0000e888                frame802154_parse
 .text.libgcc   0x0000ea28       0x20 /usr/bin/../lib/gcc/msp430/4.5.3/mmpy-16/libgcc.a(_mulsi3.o)
                0x0000ea28                __mulsi3
 .text.libgcc   0x0000ea48       0x1c /usr/bin/../lib/gcc/msp430/4.5.3/mmpy-16/libgcc.a(_udivmodhi4.o)
                0x0000ea48                __udivmodhi4
 .text.libgcc   0x0000ea64       0x2a /usr/bin/../lib/gcc/msp430/4.5.3/mmpy-16/libgcc.a(_udivmodsi4.o)
                0x0000ea64                __udivmodsi4
 .text.crt0     0x0000ea8e        0x2 /usr/bin/../lib/gcc/msp430/4.5.3/mmpy-16/libcrt0.a(_unexpected_.o)
                0x0000ea8e                _unexpected_

.rodata         0x0000ea90        0x0
                0x0000ea90                . = ALIGN (0x2)
 *(.rodata .rodata.* .gnu.linkonce.r.*)
                0x0000ea90                . = ALIGN (0x2)
                0x0000ea90                _etext = .

.data           0x00001100       0xbc load address 0x0000ea90
                0x00001100                . = ALIGN (0x2)
                0x00001100                PROVIDE (__data_start, .)
 *(.data)
 .data          0x00001100        0xa ntp-server.co
                0x00001100                ntp_server_process
 .data          0x0000110a       0x18 contiki-sky.a(csma.o)
 .data          0x00001122        0xe contiki-sky.a(contikimac.o)
                0x00001122                phase_list
 .data          0x00001130        0x8 contiki-sky.a(phase.o)
 .data          0x00001138        0x8 contiki-sky.a(rpl-dag.o)
 .data          0x00001140        0x1 contiki-sky.a(rpl-icmp6.o)
 *fill*         0x00001141        0x1 00
 .data          0x00001142        0xe contiki-sky.a(rpl-of-etx.o)
                0x00001142                rpl_of_etx
 .data          0x00001150        0xa contiki-sky.a(etimer.o)
                0x00001150                etimer_process
 .data          0x0000115a        0xa contiki-sky.a(ctimer.o)
                0x0000115a                ctimer_process
 .data          0x00001164       0x18 contiki-sky.a(queuebuf.o)
 .data          0x0000117c        0xa contiki-sky.a(tcpip.o)
                0x0000117c                tcpip_process
 .data          0x00001186       0x10 contiki-sky.a(neighbor-info.o)
                0x00001186                attr_etx
                0x0000118e                attr_timestamp
 .data          0x00001196        0x4 contiki-sky.a(contiki-sky-pla)
                0x00001196                sensors
 .data          0x0000119a        0xa contiki-sky.a(sensors.o)
                0x0000119a                sensors_process
 .data          0x000011a4        0xa contiki-sky.a(cc2420.o)
                0x000011a4                cc2420_process
 .data          0x000011ae        0x2 contiki-sky.a(msp430.o)
 .data          0x000011b0        0x8 contiki-sky.a(neighbor-attr.o)
 .data          0x000011b8        0x4 /usr/bin/../lib/gcc/msp430/4.5.3/../../../../msp430/lib/mmpy-16/libc.a(rand.o)
 *(SORT(.data.*))
                0x000011bc                . = ALIGN (0x2)
 *(.gnu.linkonce.d*)
                0x000011bc                . = ALIGN (0x2)
                0x000011bc                _edata = .
                0x0000ea90                PROVIDE (__data_load_start, LOADADDR (.data))
                0x000000bc                PROVIDE (__data_size, SIZEOF (.data))

.bss            0x000011bc     0x2170 load address 0x0000eb4c
                0x000011bc                PROVIDE (__bss_start, .)
 *(.bss)
 .bss           0x000011bc       0x1a ntp-server.co
 .bss           0x000011d6        0xc obj_sky/contiki-sky-main.o
 .bss           0x000011e2       0xc2 contiki-sky.a(csma.o)
 .bss           0x000012a4      0x38e contiki-sky.a(contikimac.o)
 .bss           0x00001632       0xe8 contiki-sky.a(phase.o)
 .bss           0x0000171a      0x230 contiki-sky.a(rpl-dag.o)
 .bss           0x0000194a       0x18 contiki-sky.a(rpl-timers.o)
 .bss           0x00001962       0x42 contiki-sky.a(process.o)
                0x00001962                process_list
                0x00001964                process_current
 .bss           0x000019a4        0x8 contiki-sky.a(compower.o)
 .bss           0x000019ac        0x6 contiki-sky.a(etimer.o)
 .bss           0x000019b2        0x4 contiki-sky.a(ctimer.o)
 .bss           0x000019b6        0x2 contiki-sky.a(rtimer.o)
 .bss           0x000019b8       0xba contiki-sky.a(packetbuf.o)
 .bss           0x00001a72      0x71e contiki-sky.a(queuebuf.o)
 .bss           0x00002190       0x10 contiki-sky.a(uip6.o)
                0x00002190                uip_ext_bitmap
                0x00002192                uip_ext_len
                0x00002194                uip_ext_opt_offset
 .bss           0x000021a0       0x36 contiki-sky.a(tcpip.o)
 .bss           0x000021d6       0x10 contiki-sky.a(uip-icmp6.o)
 .bss           0x000021e6        0xa contiki-sky.a(uip-nd6.o)
 .bss           0x000021f0      0x122 contiki-sky.a(sicslowpan.o)
 .bss           0x00002312       0x3e contiki-sky.a(neighbor-info.o)
 .bss           0x00002350       0x20 contiki-sky.a(uip-ds6.o)
 .bss           0x00002370        0x8 contiki-sky.a(button-sensor.o)
 .bss           0x00002378        0x2 contiki-sky.a(node-id.o)
                0x00002378                node_id
 .bss           0x0000237a        0x6 contiki-sky.a(sensors.o)
 .bss           0x00002380        0xa contiki-sky.a(cc2420.o)
 .bss           0x0000238a       0x9a contiki-sky.a(uart1.o)
 .bss           0x00002424        0xa contiki-sky.a(clock.o)
 .bss           0x0000242e        0x2 contiki-sky.a(leds.o)
 .bss           0x00002430        0x2 contiki-sky.a(watchdog.o)
 .bss           0x00002432        0x2 contiki-sky.a(framer-802154.o)
 .bss           0x00002434       0xce contiki-sky.a(neighbor-attr.o)
 *(SORT(.bss.*))
 *(COMMON)
 COMMON         0x00002502        0x8 contiki-sky.a(rimeaddr.o)
                0x00002502                rimeaddr_node_addr
 COMMON         0x0000250a       0xbe contiki-sky.a(rpl-dag.o)
                0x0000250a                default_instance
                0x0000250c                instance_table
 COMMON         0x000025c8        0x1 contiki-sky.a(process.o)
                0x000025c8                process_maxevents
 *fill*         0x000025c9        0x1 00
 COMMON         0x000025ca        0x8 contiki-sky.a(compower.o)
                0x000025ca                compower_idle_activity
 COMMON         0x000025d2       0x56 contiki-sky.a(energest.o)
                0x000025d2                energest_total_time
                0x00002602                energest_total_count
                0x00002604                energest_current_mode
                0x00002610                energest_current_time
 COMMON         0x00002628       0x50 contiki-sky.a(packetbuf.o)
                0x00002628                packetbuf_addrs
                0x00002648                packetbuf_attrs
 COMMON         0x00002678      0x304 contiki-sky.a(uip6.o)
                0x00002678                uip_len
                0x0000267a                uip_sappdata
                0x0000267c                uip_acc32
                0x00002680                uip_lladdr
                0x00002688                uip_aligned_buf
                0x00002778                uip_flags
                0x0000277a                uip_next_hdr
                0x0000277c                uip_udp_conn
                0x0000277e                uip_appdata
                0x00002780                uip_conn
                0x00002782                uip_conns
                0x00002832                uip_listenports
                0x00002842                uip_slen
                0x00002844                uip_udp_conns
 COMMON         0x0000297c        0x1 contiki-sky.a(tcpip.o)
                0x0000297c                tcpip_event
 *fill*         0x0000297d        0x1 00
 COMMON         0x0000297e        0x8 contiki-sky.a(sicslowpan.o)
                0x0000297e                frag_sender
 COMMON         0x00002986      0x93c contiki-sky.a(uip-ds6.o)
                0x00002986                uip_ds6_timer_ra
                0x0000298e                uip_ds6_if
                0x00002a7a                uip_ds6_netif_addr_list_offset
                0x00002a7b                uip_ds6_addr_size
                0x00002a7c                uip_ds6_prefix_list
                0x00002ad6                uip_ds6_timer_periodic
                0x00002ae2                uip_ds6_defrt_list
                0x00002b1a                uip_ds6_nbr_cache
                0x00002f02                uip_ds6_routing_table
 COMMON         0x000032c2        0x2 contiki-sky.a(contiki-sky-pla)
                0x000032c2                sensors_flags
 COMMON         0x000032c4        0x8 contiki-sky.a(ds2411.o)
                0x000032c4                ds2411_id
 COMMON         0x000032cc        0x1 contiki-sky.a(sensors.o)
                0x000032cc                sensors_event
 *fill*         0x000032cd        0x1 00
 COMMON         0x000032ce       0x14 contiki-sky.a(cc2420.o)
                0x000032ce                cc2420_last_rssi
                0x000032d0                cc2420_packets_read
                0x000032d2                cc2420_packets_seen
                0x000032d4                cc2420_sfd_start_time
                0x000032d6                cc2420_time_of_departure
                0x000032d8                cc2420_time_of_arrival
                0x000032da                cc2420_last_correlation
                0x000032dc                cc2420_authority_level_of_sender
                0x000032de                cc2420_sfd_counter
                0x000032e0                cc2420_sfd_end_time
 COMMON         0x000032e2        0x2 contiki-sky.a(msp430.o)
                0x000032e2                msp430_dco_required
 COMMON         0x000032e4       0x48 contiki-sky.a(rimestats.o)
                0x000032e4                rimestats
                0x0000332c                PROVIDE (__bss_end, .)
                0x0000332c                _end = .
                0x00002170                PROVIDE (__bss_size, SIZEOF (.bss))

.noinit         0x0000332c        0x0 load address 0x0000eb4c
                0x0000332c                PROVIDE (__noinit_start, .)
 *(.noinit)
 *(.noinit.*)
 *(COMMON)
                0x0000332c                PROVIDE (__noinit_end, .)
                0x0000332c                _end = .

.infomem        0x00001000        0x0
 *(.infomem)
                0x00001000                . = ALIGN (0x2)
 *(.infomem.*)

.infomemnobits  0x00001000        0x0
                0x00001000                . = ALIGN (0x2)
 *(.infomemnobits)
                0x00001000                . = ALIGN (0x2)
 *(.infomemnobits.*)

.vectors        0x0000ffe0       0x20
                0x0000ffe0                PROVIDE (__vectors_start, .)
 *(.vectors*)
 .vectors       0x0000ffe0       0x20 /usr/bin/../lib/gcc/msp430/4.5.3/mmpy-16/crt0ivtbl16.o
                0x0000ffe0                __ivtbl_16
                0x00010000                _vectors_end = .

.fartext        0x00000000        0x0
                0x00000000                . = ALIGN (0x2)
 *(.fartext)
                0x00000000                . = ALIGN (0x2)
 *(.fartext.*)
                0x00000000                _efartext = .

.profiler
 *(.profiler)

.stab
 *(.stab)

.stabstr
 *(.stabstr)

.stab.excl
 *(.stab.excl)

.stab.exclstr
 *(.stab.exclstr)

.stab.index
 *(.stab.index)

.stab.indexstr
 *(.stab.indexstr)

.comment
 *(.comment)

.debug
 *(.debug)

.line
 *(.line)

.debug_srcinfo
 *(.debug_srcinfo)

.debug_sfnames
 *(.debug_sfnames)

.debug_aranges  0x00000000      0xbe4
 *(.debug_aranges)
 .debug_aranges
                0x00000000       0x14 ntp-server.co
 .debug_aranges
                0x00000014       0x18 obj_sky/contiki-sky-main.o
 .debug_aranges
                0x0000002c       0x1c contiki-sky.a(rimeaddr.o)
 .debug_aranges
                0x00000048       0x34 contiki-sky.a(csma.o)
 .debug_aranges
                0x0000007c       0x4c contiki-sky.a(contikimac.o)
 .debug_aranges
                0x000000c8       0x28 contiki-sky.a(phase.o)
 .debug_aranges
                0x000000f0       0x90 contiki-sky.a(rpl-dag.o)
 .debug_aranges
                0x00000180       0x34 contiki-sky.a(rpl-icmp6.o)
 .debug_aranges
                0x000001b4       0x2c contiki-sky.a(rpl-timers.o)
 .debug_aranges
                0x000001e0       0x2c contiki-sky.a(rpl-of-etx.o)
 .debug_aranges
                0x0000020c       0x44 contiki-sky.a(process.o)
 .debug_aranges
                0x00000250       0x18 contiki-sky.a(autostart.o)
 .debug_aranges
                0x00000268       0x24 contiki-sky.a(compower.o)
 .debug_aranges
                0x0000028c       0x20 contiki-sky.a(memb.o)
 .debug_aranges
                0x000002ac       0x24 contiki-sky.a(timer.o)
 .debug_aranges
                0x000002d0       0x40 contiki-sky.a(list.o)
 .debug_aranges
                0x00000310       0x48 contiki-sky.a(etimer.o)
 .debug_aranges
                0x00000358       0x2c contiki-sky.a(ctimer.o)
 .debug_aranges
                0x00000384       0x24 contiki-sky.a(energest.o)
 .debug_aranges
                0x000003a8       0x1c contiki-sky.a(rtimer.o)
 .debug_aranges
                0x000003c4       0x28 contiki-sky.a(stimer.o)
 .debug_aranges
                0x000003ec       0x18 contiki-sky.a(random.o)
 .debug_aranges
                0x00000404       0x18 contiki-sky.a(uip-debug.o)
 .debug_aranges
                0x0000041c       0x64 contiki-sky.a(packetbuf.o)
 .debug_aranges
                0x00000480       0x38 contiki-sky.a(queuebuf.o)
 .debug_aranges
                0x000004b8       0x5c contiki-sky.a(uip6.o)
 .debug_aranges
                0x00000514       0x50 contiki-sky.a(tcpip.o)
 .debug_aranges
                0x00000564       0x1c contiki-sky.a(uip-icmp6.o)
 .debug_aranges
                0x00000580       0x20 contiki-sky.a(uip-nd6.o)
 .debug_aranges
                0x000005a0       0x40 contiki-sky.a(sicslowpan.o)
 .debug_aranges
                0x000005e0       0x20 contiki-sky.a(neighbor-info.o)
 .debug_aranges
                0x00000600       0x98 contiki-sky.a(uip-ds6.o)
 .debug_aranges
                0x00000698       0x30 contiki-sky.a(ntpd.o)
 .debug_aranges
                0x000006c8       0x14 contiki-sky.a(contiki-sky-pla)
 .debug_aranges
                0x000006dc       0x20 contiki-sky.a(button-sensor.o)
 .debug_aranges
                0x000006fc       0x1c contiki-sky.a(ds2411.o)
 .debug_aranges
                0x00000718       0x28 contiki-sky.a(xmem.o)
 .debug_aranges
                0x00000740       0x18 contiki-sky.a(node-id.o)
 .debug_aranges
                0x00000758       0x28 contiki-sky.a(sensors.o)
 .debug_aranges
                0x00000780       0x88 contiki-sky.a(cc2420.o)
 .debug_aranges
                0x00000808       0x18 contiki-sky.a(cc2420-arch.o)
 .debug_aranges
                0x00000820       0x24 contiki-sky.a(uart1.o)
 .debug_aranges
                0x00000844       0x14 contiki-sky.a(uart1-putchar.o)
 .debug_aranges
                0x00000858       0x2c contiki-sky.a(msp430.o)
 .debug_aranges
                0x00000884       0x40 contiki-sky.a(clock.o)
 .debug_aranges
                0x000008c4       0x30 contiki-sky.a(leds.o)
 .debug_aranges
                0x000008f4       0x1c contiki-sky.a(leds-arch.o)
 .debug_aranges
                0x00000910       0x28 contiki-sky.a(watchdog.o)
 .debug_aranges
                0x00000938       0x20 contiki-sky.a(rtimer-arch.o)
 .debug_aranges
                0x00000958       0x14 contiki-sky.a(mac.o)
 .debug_aranges
                0x0000096c       0x18 contiki-sky.a(framer-802154.o)
 .debug_aranges
                0x00000984       0x2c contiki-sky.a(rpl.o)
 .debug_aranges
                0x000009b0       0x24 contiki-sky.a(rpl-ext-header.)
 .debug_aranges
                0x000009d4       0x18 contiki-sky.a(uip-udp-packet.)
 .debug_aranges
                0x000009ec       0x44 contiki-sky.a(neighbor-attr.o)
 .debug_aranges
                0x00000a30       0x18 contiki-sky.a(convert.o)
 .debug_aranges
                0x00000a48       0x14 contiki-sky.a(spi.o)
 .debug_aranges
                0x00000a5c       0x20 contiki-sky.a(frame802154.o)
 .debug_aranges
                0x00000a7c       0x14 /usr/bin/../lib/gcc/msp430/4.5.3/mmpy-16/libgcc.a(_mulsi3.o)
 .debug_aranges
                0x00000a90       0x14 /usr/bin/../lib/gcc/msp430/4.5.3/mmpy-16/libgcc.a(_udivmodhi4.o)
 .debug_aranges
                0x00000aa4       0x14 /usr/bin/../lib/gcc/msp430/4.5.3/mmpy-16/libgcc.a(_udivmodsi4.o)
 .debug_aranges
                0x00000ab8       0x14 /usr/bin/../lib/gcc/msp430/4.5.3/../../../../msp430/lib/mmpy-16/libc.a(strncmp.o)
 .debug_aranges
                0x00000acc       0x14 /usr/bin/../lib/gcc/msp430/4.5.3/../../../../msp430/lib/mmpy-16/libc.a(memcmp.o)
 .debug_aranges
                0x00000ae0       0x14 /usr/bin/../lib/gcc/msp430/4.5.3/../../../../msp430/lib/mmpy-16/libc.a(memcpy.o)
 .debug_aranges
                0x00000af4       0x14 /usr/bin/../lib/gcc/msp430/4.5.3/../../../../msp430/lib/mmpy-16/libc.a(memmove.o)
 .debug_aranges
                0x00000b08       0x14 /usr/bin/../lib/gcc/msp430/4.5.3/../../../../msp430/lib/mmpy-16/libc.a(memset.o)
 .debug_aranges
                0x00000b1c       0x14 /usr/bin/../lib/gcc/msp430/4.5.3/../../../../msp430/lib/mmpy-16/libc.a(printf.o)
 .debug_aranges
                0x00000b30       0x14 /usr/bin/../lib/gcc/msp430/4.5.3/../../../../msp430/lib/mmpy-16/libc.a(vuprintf.o)
 .debug_aranges
                0x00000b44       0x14 /usr/bin/../lib/gcc/msp430/4.5.3/../../../../msp430/lib/mmpy-16/libc.a(puts.o)
 .debug_aranges
                0x00000b58       0x14 /usr/bin/../lib/gcc/msp430/4.5.3/../../../../msp430/lib/mmpy-16/libc.a(rand.o)
 .debug_aranges
                0x00000b6c       0x14 /usr/bin/../lib/gcc/msp430/4.5.3/mmpy-16/libcrt0.a(__init_stack.o)
 .debug_aranges
                0x00000b80       0x14 /usr/bin/../lib/gcc/msp430/4.5.3/mmpy-16/libcrt0.a(__low_level_init.o)
 .debug_aranges
                0x00000b94       0x14 /usr/bin/../lib/gcc/msp430/4.5.3/mmpy-16/libcrt0.a(_copy_data.o)
 .debug_aranges
                0x00000ba8       0x14 /usr/bin/../lib/gcc/msp430/4.5.3/mmpy-16/libcrt0.a(_clear_bss.o)
 .debug_aranges
                0x00000bbc       0x14 /usr/bin/../lib/gcc/msp430/4.5.3/mmpy-16/libcrt0.a(_endless_loop__.o)
 .debug_aranges
                0x00000bd0       0x14 /usr/bin/../lib/gcc/msp430/4.5.3/mmpy-16/libcrt0.a(_unexpected_.o)

.debug_pubnames
                0x00000000     0x261c
 *(.debug_pubnames)
 .debug_pubnames
                0x00000000       0x48 ntp-server.co
 .debug_pubnames
                0x00000048       0x27 obj_sky/contiki-sky-main.o
 .debug_pubnames
                0x0000006f       0x79 contiki-sky.a(rimeaddr.o)
 .debug_pubnames
                0x000000e8       0x22 contiki-sky.a(csma.o)
 .debug_pubnames
                0x0000010a       0x52 contiki-sky.a(contikimac.o)
 .debug_pubnames
                0x0000015c       0x64 contiki-sky.a(phase.o)
 .debug_pubnames
                0x000001c0      0x265 contiki-sky.a(rpl-dag.o)
 .debug_pubnames
                0x00000425       0x64 contiki-sky.a(rpl-icmp6.o)
 .debug_pubnames
                0x00000489       0x5c contiki-sky.a(rpl-timers.o)
 .debug_pubnames
                0x000004e5       0x21 contiki-sky.a(rpl-of-etx.o)
 .debug_pubnames
                0x00000506      0x10d contiki-sky.a(process.o)
 .debug_pubnames
                0x00000613       0x39 contiki-sky.a(autostart.o)
 .debug_pubnames
                0x0000064c       0x9e contiki-sky.a(compower.o)
 .debug_pubnames
                0x000006ea       0x4d contiki-sky.a(memb.o)
 .debug_pubnames
                0x00000737       0x68 contiki-sky.a(timer.o)
 .debug_pubnames
                0x0000079f       0xc3 contiki-sky.a(list.o)
 .debug_pubnames
                0x00000862      0x109 contiki-sky.a(etimer.o)
 .debug_pubnames
                0x0000096b       0x8b contiki-sky.a(ctimer.o)
 .debug_pubnames
                0x000009f6       0xec contiki-sky.a(energest.o)
 .debug_pubnames
                0x00000ae2       0x45 contiki-sky.a(rtimer.o)
 .debug_pubnames
                0x00000b27       0x80 contiki-sky.a(stimer.o)
 .debug_pubnames
                0x00000ba7       0x32 contiki-sky.a(random.o)
 .debug_pubnames
                0x00000bd9       0x48 contiki-sky.a(uip-debug.o)
 .debug_pubnames
                0x00000c21      0x22c contiki-sky.a(packetbuf.o)
 .debug_pubnames
                0x00000e4d       0xff contiki-sky.a(queuebuf.o)
 .debug_pubnames
                0x00000f4c      0x216 contiki-sky.a(uip6.o)
 .debug_pubnames
                0x00001162      0x12c contiki-sky.a(tcpip.o)
 .debug_pubnames
                0x0000128e       0x61 contiki-sky.a(uip-icmp6.o)
 .debug_pubnames
                0x000012ef       0x52 contiki-sky.a(uip-nd6.o)
 .debug_pubnames
                0x00001341       0xb4 contiki-sky.a(sicslowpan.o)
 .debug_pubnames
                0x000013f5       0xab contiki-sky.a(neighbor-info.o)
 .debug_pubnames
                0x000014a0      0x403 contiki-sky.a(uip-ds6.o)
 .debug_pubnames
                0x000018a3       0xb5 contiki-sky.a(ntpd.o)
 .debug_pubnames
                0x00001958       0x42 contiki-sky.a(contiki-sky-pla)
 .debug_pubnames
                0x0000199a       0x2f contiki-sky.a(button-sensor.o)
 .debug_pubnames
                0x000019c9       0x30 contiki-sky.a(ds2411.o)
 .debug_pubnames
                0x000019f9       0x4e contiki-sky.a(xmem.o)
 .debug_pubnames
                0x00001a47       0x43 contiki-sky.a(node-id.o)
 .debug_pubnames
                0x00001a8a       0x80 contiki-sky.a(sensors.o)
 .debug_pubnames
                0x00001b0a      0x236 contiki-sky.a(cc2420.o)
 .debug_pubnames
                0x00001d40       0x42 contiki-sky.a(cc2420-arch.o)
 .debug_pubnames
                0x00001d82       0x57 contiki-sky.a(uart1.o)
 .debug_pubnames
                0x00001dd9       0x1e contiki-sky.a(uart1-putchar.o)
 .debug_pubnames
                0x00001df7       0xad contiki-sky.a(msp430.o)
 .debug_pubnames
                0x00001ea4       0xd7 contiki-sky.a(clock.o)
 .debug_pubnames
                0x00001f7b       0x75 contiki-sky.a(leds.o)
 .debug_pubnames
                0x00001ff0       0x49 contiki-sky.a(leds-arch.o)
 .debug_pubnames
                0x00002039       0x8a contiki-sky.a(watchdog.o)
 .debug_pubnames
                0x000020c3       0x60 contiki-sky.a(rtimer-arch.o)
 .debug_pubnames
                0x00002123       0x20 contiki-sky.a(rimestats.o)
 .debug_pubnames
                0x00002143       0x2d contiki-sky.a(mac.o)
 .debug_pubnames
                0x00002170       0x24 contiki-sky.a(framer-802154.o)
 .debug_pubnames
                0x00002194       0x9c contiki-sky.a(rpl.o)
 .debug_pubnames
                0x00002230       0x8c contiki-sky.a(rpl-ext-header.)
 .debug_pubnames
                0x000022bc       0x44 contiki-sky.a(uip-udp-packet.)
 .debug_pubnames
                0x00002300      0x137 contiki-sky.a(neighbor-attr.o)
 .debug_pubnames
                0x00002437       0x3d contiki-sky.a(convert.o)
 .debug_pubnames
                0x00002474       0x2c contiki-sky.a(spi.o)
 .debug_pubnames
                0x000024a0       0x56 contiki-sky.a(frame802154.o)
 .debug_pubnames
                0x000024f6       0x1e /usr/bin/../lib/gcc/msp430/4.5.3/../../../../msp430/lib/mmpy-16/libc.a(strncmp.o)
 .debug_pubnames
                0x00002514       0x1d /usr/bin/../lib/gcc/msp430/4.5.3/../../../../msp430/lib/mmpy-16/libc.a(memcmp.o)
 .debug_pubnames
                0x00002531       0x1d /usr/bin/../lib/gcc/msp430/4.5.3/../../../../msp430/lib/mmpy-16/libc.a(memcpy.o)
 .debug_pubnames
                0x0000254e       0x1e /usr/bin/../lib/gcc/msp430/4.5.3/../../../../msp430/lib/mmpy-16/libc.a(memmove.o)
 .debug_pubnames
                0x0000256c       0x1d /usr/bin/../lib/gcc/msp430/4.5.3/../../../../msp430/lib/mmpy-16/libc.a(memset.o)
 .debug_pubnames
                0x00002589       0x29 /usr/bin/../lib/gcc/msp430/4.5.3/../../../../msp430/lib/mmpy-16/libc.a(printf.o)
 .debug_pubnames
                0x000025b2       0x1f /usr/bin/../lib/gcc/msp430/4.5.3/../../../../msp430/lib/mmpy-16/libc.a(vuprintf.o)
 .debug_pubnames
                0x000025d1       0x1b /usr/bin/../lib/gcc/msp430/4.5.3/../../../../msp430/lib/mmpy-16/libc.a(puts.o)
 .debug_pubnames
                0x000025ec       0x30 /usr/bin/../lib/gcc/msp430/4.5.3/../../../../msp430/lib/mmpy-16/libc.a(rand.o)

.debug_info     0x00000000    0x1998a
 *(.debug_info)
 .debug_info    0x00000000      0xf89 ntp-server.co
 .debug_info    0x00000f89      0x954 obj_sky/contiki-sky-main.o
 .debug_info    0x000018dd      0x1c2 contiki-sky.a(rimeaddr.o)
 .debug_info    0x00001a9f      0xbc8 contiki-sky.a(csma.o)
 .debug_info    0x00002667     0x10b8 contiki-sky.a(contikimac.o)
 .debug_info    0x0000371f      0x89e contiki-sky.a(phase.o)
 .debug_info    0x00003fbd     0x17f8 contiki-sky.a(rpl-dag.o)
 .debug_info    0x000057b5     0x16ad contiki-sky.a(rpl-icmp6.o)
 .debug_info    0x00006e62      0x9df contiki-sky.a(rpl-timers.o)
 .debug_info    0x00007841      0xb35 contiki-sky.a(rpl-of-etx.o)
 .debug_info    0x00008376      0x51f contiki-sky.a(process.o)
 .debug_info    0x00008895      0x1b1 contiki-sky.a(autostart.o)
 .debug_info    0x00008a46      0x423 contiki-sky.a(compower.o)
 .debug_info    0x00008e69      0x198 contiki-sky.a(memb.o)
 .debug_info    0x00009001      0x16d contiki-sky.a(timer.o)
 .debug_info    0x0000916e      0x2f3 contiki-sky.a(list.o)
 .debug_info    0x00009461      0x498 contiki-sky.a(etimer.o)
 .debug_info    0x000098f9      0x4a7 contiki-sky.a(ctimer.o)
 .debug_info    0x00009da0      0x272 contiki-sky.a(energest.o)
 .debug_info    0x0000a012      0x207 contiki-sky.a(rtimer.o)
 .debug_info    0x0000a219      0x17a contiki-sky.a(stimer.o)
 .debug_info    0x0000a393       0xa4 contiki-sky.a(random.o)
 .debug_info    0x0000a437      0x1af contiki-sky.a(uip-debug.o)
 .debug_info    0x0000a5e6      0x5ff contiki-sky.a(packetbuf.o)
 .debug_info    0x0000abe5      0x6e3 contiki-sky.a(queuebuf.o)
 .debug_info    0x0000b2c8     0x10b1 contiki-sky.a(uip6.o)
 .debug_info    0x0000c379     0x11a6 contiki-sky.a(tcpip.o)
 .debug_info    0x0000d51f      0x5b3 contiki-sky.a(uip-icmp6.o)
 .debug_info    0x0000dad2      0x822 contiki-sky.a(uip-nd6.o)
 .debug_info    0x0000e2f4      0xf75 contiki-sky.a(sicslowpan.o)
 .debug_info    0x0000f269      0x57c contiki-sky.a(neighbor-info.o)
 .debug_info    0x0000f7e5     0x1130 contiki-sky.a(uip-ds6.o)
 .debug_info    0x00010915      0x7d0 contiki-sky.a(ntpd.o)
 .debug_info    0x000110e5      0x2b9 contiki-sky.a(contiki-sky-pla)
 .debug_info    0x0001139e      0x496 contiki-sky.a(button-sensor.o)
 .debug_info    0x00011834      0x2cf contiki-sky.a(ds2411.o)
 .debug_info    0x00011b03      0x52b contiki-sky.a(xmem.o)
 .debug_info    0x0001202e       0xe8 contiki-sky.a(node-id.o)
 .debug_info    0x00012116      0x405 contiki-sky.a(sensors.o)
 .debug_info    0x0001251b     0x1424 contiki-sky.a(cc2420.o)
 .debug_info    0x0001393f      0x2ad contiki-sky.a(cc2420-arch.o)
 .debug_info    0x00013bec      0x632 contiki-sky.a(uart1.o)
 .debug_info    0x0001421e       0x8f contiki-sky.a(uart1-putchar.o)
 .debug_info    0x000142ad      0x40b contiki-sky.a(msp430.o)
 .debug_info    0x000146b8      0x467 contiki-sky.a(clock.o)
 .debug_info    0x00014b1f      0x2a0 contiki-sky.a(leds.o)
 .debug_info    0x00014dbf      0x111 contiki-sky.a(leds-arch.o)
 .debug_info    0x00014ed0      0x1bc contiki-sky.a(watchdog.o)
 .debug_info    0x0001508c      0x255 contiki-sky.a(rtimer-arch.o)
 .debug_info    0x000152e1      0x140 contiki-sky.a(rimestats.o)
 .debug_info    0x00015421      0x110 contiki-sky.a(mac.o)
 .debug_info    0x00015531      0x640 contiki-sky.a(framer-802154.o)
 .debug_info    0x00015b71      0xcfa contiki-sky.a(rpl.o)
 .debug_info    0x0001686b      0xbfc contiki-sky.a(rpl-ext-header.)
 .debug_info    0x00017467      0x3bc contiki-sky.a(uip-udp-packet.)
 .debug_info    0x00017823      0x7c1 contiki-sky.a(neighbor-attr.o)
 .debug_info    0x00017fe4      0x1da contiki-sky.a(convert.o)
 .debug_info    0x000181be      0x1a8 contiki-sky.a(spi.o)
 .debug_info    0x00018366      0x494 contiki-sky.a(frame802154.o)
 .debug_info    0x000187fa       0xba /usr/bin/../lib/gcc/msp430/4.5.3/mmpy-16/libgcc.a(_mulsi3.o)
 .debug_info    0x000188b4       0xba /usr/bin/../lib/gcc/msp430/4.5.3/mmpy-16/libgcc.a(_udivmodhi4.o)
 .debug_info    0x0001896e       0xba /usr/bin/../lib/gcc/msp430/4.5.3/mmpy-16/libgcc.a(_udivmodsi4.o)
 .debug_info    0x00018a28       0xbd /usr/bin/../lib/gcc/msp430/4.5.3/../../../../msp430/lib/mmpy-16/libc.a(strncmp.o)
 .debug_info    0x00018ae5       0xe2 /usr/bin/../lib/gcc/msp430/4.5.3/../../../../msp430/lib/mmpy-16/libc.a(memcmp.o)
 .debug_info    0x00018bc7      0x113 /usr/bin/../lib/gcc/msp430/4.5.3/../../../../msp430/lib/mmpy-16/libc.a(memcpy.o)
 .debug_info    0x00018cda      0x113 /usr/bin/../lib/gcc/msp430/4.5.3/../../../../msp430/lib/mmpy-16/libc.a(memmove.o)
 .debug_info    0x00018ded       0xfe /usr/bin/../lib/gcc/msp430/4.5.3/../../../../msp430/lib/mmpy-16/libc.a(memset.o)
 .debug_info    0x00018eeb      0x103 /usr/bin/../lib/gcc/msp430/4.5.3/../../../../msp430/lib/mmpy-16/libc.a(printf.o)
 .debug_info    0x00018fee      0x44b /usr/bin/../lib/gcc/msp430/4.5.3/../../../../msp430/lib/mmpy-16/libc.a(vuprintf.o)
 .debug_info    0x00019439       0x96 /usr/bin/../lib/gcc/msp430/4.5.3/../../../../msp430/lib/mmpy-16/libc.a(puts.o)
 .debug_info    0x000194cf      0x137 /usr/bin/../lib/gcc/msp430/4.5.3/../../../../msp430/lib/mmpy-16/libc.a(rand.o)
 .debug_info    0x00019606       0x96 /usr/bin/../lib/gcc/msp430/4.5.3/mmpy-16/libcrt0.a(__init_stack.o)
 .debug_info    0x0001969c       0x96 /usr/bin/../lib/gcc/msp430/4.5.3/mmpy-16/libcrt0.a(__low_level_init.o)
 .debug_info    0x00019732       0x96 /usr/bin/../lib/gcc/msp430/4.5.3/mmpy-16/libcrt0.a(_copy_data.o)
 .debug_info    0x000197c8       0x96 /usr/bin/../lib/gcc/msp430/4.5.3/mmpy-16/libcrt0.a(_clear_bss.o)
 .debug_info    0x0001985e       0x96 /usr/bin/../lib/gcc/msp430/4.5.3/mmpy-16/libcrt0.a(_endless_loop__.o)
 .debug_info    0x000198f4       0x96 /usr/bin/../lib/gcc/msp430/4.5.3/mmpy-16/libcrt0.a(_unexpected_.o)
 *(.gnu.linkonce.wi.*)

.debug_abbrev   0x00000000     0x7531
 *(.debug_abbrev)
 .debug_abbrev  0x00000000      0x272 ntp-server.co
 .debug_abbrev  0x00000272      0x28c obj_sky/contiki-sky-main.o
 .debug_abbrev  0x000004fe      0x176 contiki-sky.a(rimeaddr.o)
 .debug_abbrev  0x00000674      0x36e contiki-sky.a(csma.o)
 .debug_abbrev  0x000009e2      0x3ac contiki-sky.a(contikimac.o)
 .debug_abbrev  0x00000d8e      0x231 contiki-sky.a(phase.o)
 .debug_abbrev  0x00000fbf      0x3f0 contiki-sky.a(rpl-dag.o)
 .debug_abbrev  0x000013af      0x393 contiki-sky.a(rpl-icmp6.o)
 .debug_abbrev  0x00001742      0x1dd contiki-sky.a(rpl-timers.o)
 .debug_abbrev  0x0000191f      0x23f contiki-sky.a(rpl-of-etx.o)
 .debug_abbrev  0x00001b5e      0x2f8 contiki-sky.a(process.o)
 .debug_abbrev  0x00001e56       0xf7 contiki-sky.a(autostart.o)
 .debug_abbrev  0x00001f4d      0x211 contiki-sky.a(compower.o)
 .debug_abbrev  0x0000215e       0xec contiki-sky.a(memb.o)
 .debug_abbrev  0x0000224a       0xfa contiki-sky.a(timer.o)
 .debug_abbrev  0x00002344      0x153 contiki-sky.a(list.o)
 .debug_abbrev  0x00002497      0x22b contiki-sky.a(etimer.o)
 .debug_abbrev  0x000026c2      0x1de contiki-sky.a(ctimer.o)
 .debug_abbrev  0x000028a0      0x146 contiki-sky.a(energest.o)
 .debug_abbrev  0x000029e6      0x13b contiki-sky.a(rtimer.o)
 .debug_abbrev  0x00002b21       0xde contiki-sky.a(stimer.o)
 .debug_abbrev  0x00002bff       0x69 contiki-sky.a(random.o)
 .debug_abbrev  0x00002c68       0xca contiki-sky.a(uip-debug.o)
 .debug_abbrev  0x00002d32      0x25d contiki-sky.a(packetbuf.o)
 .debug_abbrev  0x00002f8f      0x234 contiki-sky.a(queuebuf.o)
 .debug_abbrev  0x000031c3      0x341 contiki-sky.a(uip6.o)
 .debug_abbrev  0x00003504      0x3cf contiki-sky.a(tcpip.o)
 .debug_abbrev  0x000038d3      0x14f contiki-sky.a(uip-icmp6.o)
 .debug_abbrev  0x00003a22      0x1d3 contiki-sky.a(uip-nd6.o)
 .debug_abbrev  0x00003bf5      0x395 contiki-sky.a(sicslowpan.o)
 .debug_abbrev  0x00003f8a      0x29a contiki-sky.a(neighbor-info.o)
 .debug_abbrev  0x00004224      0x2d4 contiki-sky.a(uip-ds6.o)
 .debug_abbrev  0x000044f8      0x2a5 contiki-sky.a(ntpd.o)
 .debug_abbrev  0x0000479d      0x12c contiki-sky.a(contiki-sky-pla)
 .debug_abbrev  0x000048c9      0x18a contiki-sky.a(button-sensor.o)
 .debug_abbrev  0x00004a53      0x1b5 contiki-sky.a(ds2411.o)
 .debug_abbrev  0x00004c08      0x206 contiki-sky.a(xmem.o)
 .debug_abbrev  0x00004e0e       0x95 contiki-sky.a(node-id.o)
 .debug_abbrev  0x00004ea3      0x1ed contiki-sky.a(sensors.o)
 .debug_abbrev  0x00005090      0x412 contiki-sky.a(cc2420.o)
 .debug_abbrev  0x000054a2      0x13f contiki-sky.a(cc2420-arch.o)
 .debug_abbrev  0x000055e1      0x1d7 contiki-sky.a(uart1.o)
 .debug_abbrev  0x000057b8       0x52 contiki-sky.a(uart1-putchar.o)
 .debug_abbrev  0x0000580a      0x192 contiki-sky.a(msp430.o)
 .debug_abbrev  0x0000599c      0x1c4 contiki-sky.a(clock.o)
 .debug_abbrev  0x00005b60      0x139 contiki-sky.a(leds.o)
 .debug_abbrev  0x00005c99       0xa8 contiki-sky.a(leds-arch.o)
 .debug_abbrev  0x00005d41       0xdb contiki-sky.a(watchdog.o)
 .debug_abbrev  0x00005e1c      0x137 contiki-sky.a(rtimer-arch.o)
 .debug_abbrev  0x00005f53       0x5d contiki-sky.a(rimestats.o)
 .debug_abbrev  0x00005fb0       0xa2 contiki-sky.a(mac.o)
 .debug_abbrev  0x00006052      0x222 contiki-sky.a(framer-802154.o)
 .debug_abbrev  0x00006274      0x211 contiki-sky.a(rpl.o)
 .debug_abbrev  0x00006485      0x245 contiki-sky.a(rpl-ext-header.)
 .debug_abbrev  0x000066ca      0x1c0 contiki-sky.a(uip-udp-packet.)
 .debug_abbrev  0x0000688a      0x241 contiki-sky.a(neighbor-attr.o)
 .debug_abbrev  0x00006acb      0x110 contiki-sky.a(convert.o)
 .debug_abbrev  0x00006bdb       0x81 contiki-sky.a(spi.o)
 .debug_abbrev  0x00006c5c      0x18f contiki-sky.a(frame802154.o)
 .debug_abbrev  0x00006deb       0x14 /usr/bin/../lib/gcc/msp430/4.5.3/mmpy-16/libgcc.a(_mulsi3.o)