Archive member included because of file (symbol)

contiki-sky.a(rimeaddr.o)     obj_sky/contiki-sky-main.o (rimeaddr_copy)
contiki-sky.a(csma.o)         obj_sky/contiki-sky-main.o (csma_driver)
contiki-sky.a(contikimac.o)   obj_sky/contiki-sky-main.o (contikimac_driver)
contiki-sky.a(phase.o)        contiki-sky.a(contikimac.o) (phase_update)
contiki-sky.a(process.o)      obj_sky/contiki-sky-main.o (process_init)
contiki-sky.a(autostart.o)    obj_sky/contiki-sky-main.o (autostart_start)
contiki-sky.a(compower.o)     contiki-sky.a(contikimac.o) (compower_idle_activity)
contiki-sky.a(memb.o)         contiki-sky.a(csma.o) (memb_init)
contiki-sky.a(timer.o)        obj_sky/contiki-sky-main.o (timer_set)
contiki-sky.a(list.o)         contiki-sky.a(csma.o) (list_init)
contiki-sky.a(etimer.o)       obj_sky/contiki-sky-main.o (etimer_process)
contiki-sky.a(ctimer.o)       obj_sky/contiki-sky-main.o (ctimer_init)
contiki-sky.a(energest.o)     obj_sky/contiki-sky-main.o (energest_init)
contiki-sky.a(rtimer.o)       obj_sky/contiki-sky-main.o (rtimer_init)
contiki-sky.a(random.o)       obj_sky/contiki-sky-main.o (random_init)
contiki-sky.a(uip-debug.o)    ntpd.co (uip_debug_ipaddr_print)
contiki-sky.a(packetbuf.o)    contiki-sky.a(contikimac.o) (packetbuf_hdr_remove)
contiki-sky.a(queuebuf.o)     obj_sky/contiki-sky-main.o (queuebuf_init)
contiki-sky.a(uip6.o)         ntpd.co (uip_len)
contiki-sky.a(tcpip.o)        ntpd.co (udp_new)
contiki-sky.a(uip-udp-packet.)
                              ntpd.co (uip_udp_packet_send)
contiki-sky.a(uiplib.o)       ntpd.co (uiplib_ipaddrconv)
contiki-sky.a(uip-icmp6.o)    contiki-sky.a(uip6.o) (uip_icmp6_echo_request_input)
contiki-sky.a(uip-nd6.o)      contiki-sky.a(uip6.o) (uip_nd6_ns_input)
contiki-sky.a(sicslowpan.o)   obj_sky/contiki-sky-main.o (sicslowpan_driver)
contiki-sky.a(neighbor-info.o)
                              contiki-sky.a(sicslowpan.o) (neighbor_info_packet_sent)
contiki-sky.a(uip-ds6.o)      contiki-sky.a(tcpip.o) (uip_ds6_nbr_add)
contiki-sky.a(contiki-sky-pla)
                              obj_sky/contiki-sky-main.o (init_platform)
contiki-sky.a(button-sensor.o)
                              contiki-sky.a(contiki-sky-pla) (button_sensor)
contiki-sky.a(ds2411.o)       obj_sky/contiki-sky-main.o (ds2411_init)
contiki-sky.a(xmem.o)         obj_sky/contiki-sky-main.o (xmem_init)
contiki-sky.a(node-id.o)      obj_sky/contiki-sky-main.o (node_id_restore)
contiki-sky.a(sensors.o)      contiki-sky.a(button-sensor.o) (sensors_changed)
contiki-sky.a(cc2420.o)       obj_sky/contiki-sky-main.o (cc2420_set_channel)
contiki-sky.a(cc2420-arch.o)  contiki-sky.a(cc2420.o) (cc2420_arch_init)
contiki-sky.a(uart1.o)        obj_sky/contiki-sky-main.o (uart1_active)
contiki-sky.a(uart1-putchar.o)
                              ntpd.co (putchar)
contiki-sky.a(msp430.o)       contiki-sky.a(uart1.o) (msp430_add_lpm_req)
contiki-sky.a(clock.o)        ntpd.co (clock_time)
contiki-sky.a(leds.o)         obj_sky/contiki-sky-main.o (leds_init)
contiki-sky.a(leds-arch.o)    contiki-sky.a(leds.o) (leds_arch_init)
contiki-sky.a(watchdog.o)     obj_sky/contiki-sky-main.o (watchdog_start)
contiki-sky.a(rtimer-arch.o)  contiki-sky.a(rtimer.o) (rtimer_arch_init)
contiki-sky.a(rimestats.o)    contiki-sky.a(cc2420.o) (rimestats)
contiki-sky.a(mac.o)          contiki-sky.a(csma.o) (mac_call_sent_callback)
contiki-sky.a(framer-802154.o)
                              contiki-sky.a(contikimac.o) (framer_802154)
contiki-sky.a(rpl.o)          contiki-sky.a(uip-ds6.o) (rpl_ipv6_neighbor_callback)
contiki-sky.a(rpl-dag.o)      contiki-sky.a(rpl.o) (instance_table)
contiki-sky.a(rpl-icmp6.o)    contiki-sky.a(rpl-dag.o) (dao_output)
contiki-sky.a(rpl-timers.o)   contiki-sky.a(rpl.o) (rpl_reset_periodic_timer)
contiki-sky.a(rpl-of-etx.o)   contiki-sky.a(rpl-dag.o) (rpl_of_etx)
contiki-sky.a(rpl-ext-header.)
                              contiki-sky.a(uip6.o) (rpl_verify_header)
contiki-sky.a(stimer.o)       contiki-sky.a(tcpip.o) (stimer_set)
contiki-sky.a(neighbor-attr.o)
                              contiki-sky.a(neighbor-info.o) (neighbor_attr_register)
contiki-sky.a(spi.o)          contiki-sky.a(xmem.o) (spi_init)
contiki-sky.a(frame802154.o)  contiki-sky.a(framer-802154.o) (frame802154_hdrlen)
/usr/bin/../lib/gcc/msp430/4.5.3/mmpy-16/libgcc.a(_mulsi3.o)
                              contiki-sky.a(csma.o) (__mulsi3)
/usr/bin/../lib/gcc/msp430/4.5.3/mmpy-16/libgcc.a(_udivmodhi4.o)
                              contiki-sky.a(phase.o) (__udivmodhi4)
/usr/bin/../lib/gcc/msp430/4.5.3/mmpy-16/libgcc.a(_udivmodsi4.o)
                              ntpd.co (__udivmodsi4)
/usr/bin/../lib/gcc/msp430/4.5.3/../../../../msp430/lib/mmpy-16/libc.a(strncmp.o)
                              contiki-sky.a(sensors.o) (strncmp)
/usr/bin/../lib/gcc/msp430/4.5.3/../../../../msp430/lib/mmpy-16/libc.a(memcmp.o)
                              contiki-sky.a(uip6.o) (memcmp)
[...]
Memory Configuration

Name             Origin             Length             Attributes
sfr              0x00000000         0x00000010
peripheral_8bit  0x00000010         0x000000f0
peripheral_16bit 0x00000100         0x00000100
infomem          0x00001000         0x00000100
infob            0x00001000         0x00000080
infoa            0x00001080         0x00000080
ram              0x00001100         0x00002800         xw
rom              0x00004000         0x0000bfe0         xr
vectors          0x0000ffe0         0x00000020
bsl              0x00000000         0x00000000
infoc            0x00000000         0x00000000
infod            0x00000000         0x00000000
far_rom          0x00000000         0x00000000
*default*        0x00000000         0xffffffff

Linker script and memory map

LOAD /usr/bin/../lib/gcc/msp430/4.5.3/mmpy-16/crt0ivtbl16.o
LOAD ntpd.co
LOAD obj_sky/convert.o
LOAD obj_sky/contiki-sky-main.o
LOAD contiki-sky.a
LOAD /usr/bin/../lib/gcc/msp430/4.5.3/mmpy-16/libgcc.a
LOAD /usr/bin/../lib/gcc/msp430/4.5.3/../../../../msp430/lib/mmpy-16/libc.a
LOAD /usr/bin/../lib/gcc/msp430/4.5.3/mmpy-16/libgcc.a
LOAD /usr/bin/../lib/gcc/msp430/4.5.3/mmpy-16/libcrt0.a
                0x00000000                __IE1 = 0x0
                0x00000002                __IFG1 = 0x2
                0x00000004                __ME1 = 0x4
                0x00000001                __IE2 = 0x1
                0x00000003                __IFG2 = 0x3
                0x00000005                __ME2 = 0x5
                0x00000120                __WDTCTL = 0x120
                0x00000130                __MPY = 0x130
                0x00000132                __MPYS = 0x132
                0x00000134                __MAC = 0x134
                0x00000136                __MACS = 0x136
                0x00000138                __OP2 = 0x138
                0x0000013a                __RESLO = 0x13a
                0x0000013c                __RESHI = 0x13c
                0x0000013e                __SUMEXT = 0x13e
                0x00000020                __P1IN = 0x20
                0x00000021                __P1OUT = 0x21
                0x00000022                __P1DIR = 0x22
                0x00000023                __P1IFG = 0x23
                0x00000024                __P1IES = 0x24
                0x00000025                __P1IE = 0x25
                0x00000026                __P1SEL = 0x26
                0x00000028                __P2IN = 0x28
                0x00000029                __P2OUT = 0x29
                0x0000002a                __P2DIR = 0x2a
                0x0000002b                __P2IFG = 0x2b
                0x0000002c                __P2IES = 0x2c
                0x0000002d                __P2IE = 0x2d
                0x0000002e                __P2SEL = 0x2e
                0x00000018                __P3IN = 0x18
                0x00000019                __P3OUT = 0x19
                0x0000001a                __P3DIR = 0x1a
                0x0000001b                __P3SEL = 0x1b
                0x0000001c                __P4IN = 0x1c
                0x0000001d                __P4OUT = 0x1d
                0x0000001e                __P4DIR = 0x1e
                0x0000001f                __P4SEL = 0x1f
                0x00000030                __P5IN = 0x30
                0x00000031                __P5OUT = 0x31
                0x00000032                __P5DIR = 0x32
                0x00000033                __P5SEL = 0x33
                0x00000034                __P6IN = 0x34
                0x00000035                __P6OUT = 0x35
                0x00000036                __P6DIR = 0x36
                0x00000037                __P6SEL = 0x37
                0x00000070                __U0CTL = 0x70
                0x00000071                __U0TCTL = 0x71
                0x00000072                __U0RCTL = 0x72
                0x00000073                __U0MCTL = 0x73
                0x00000074                __U0BR0 = 0x74
                0x00000075                __U0BR1 = 0x75
                0x00000076                __U0RXBUF = 0x76
                0x00000077                __U0TXBUF = 0x77
                0x00000078                __U1CTL = 0x78
                0x00000079                __U1TCTL = 0x79
                0x0000007a                __U1RCTL = 0x7a
                0x0000007b                __U1MCTL = 0x7b
                0x0000007c                __U1BR0 = 0x7c
                0x0000007d                __U1BR1 = 0x7d
                0x0000007e                __U1RXBUF = 0x7e
                0x0000007f                __U1TXBUF = 0x7f
                0x00000050                __I2CIE = 0x50
                0x00000051                __I2CIFG = 0x51
                0x00000052                __I2CNDAT = 0x52
                0x00000071                __I2CTCTL = 0x71
                0x00000072                __I2CDCTL = 0x72
                0x00000073                __I2CPSC = 0x73
                0x00000074                __I2CSCLH = 0x74
                0x00000075                __I2CSCLL = 0x75
                0x00000076                __I2CDRB = 0x76
                0x00000076                __I2CDRW = 0x76
                0x00000118                __I2COA = 0x118
                0x0000011a                __I2CSA = 0x11a
                0x0000011c                __I2CIV = 0x11c
                0x0000012e                __TAIV = 0x12e
                0x00000160                __TACTL = 0x160
                0x00000162                __TACCTL0 = 0x162
                0x00000164                __TACCTL1 = 0x164
                0x00000166                __TACCTL2 = 0x166
                0x00000170                __TAR = 0x170
                0x00000172                __TACCR0 = 0x172
                0x00000174                __TACCR1 = 0x174
                0x00000176                __TACCR2 = 0x176
                0x0000011e                __TBIV = 0x11e
                0x00000180                __TBCTL = 0x180
                0x00000182                __TBCCTL0 = 0x182
                0x00000184                __TBCCTL1 = 0x184
                0x00000186                __TBCCTL2 = 0x186
                0x00000188                __TBCCTL3 = 0x188
                0x0000018a                __TBCCTL4 = 0x18a
                0x0000018c                __TBCCTL5 = 0x18c
                0x0000018e                __TBCCTL6 = 0x18e
                0x00000190                __TBR = 0x190
                0x00000192                __TBCCR0 = 0x192
                0x00000194                __TBCCR1 = 0x194
                0x00000196                __TBCCR2 = 0x196
                0x00000198                __TBCCR3 = 0x198
                0x0000019a                __TBCCR4 = 0x19a
                0x0000019c                __TBCCR5 = 0x19c
                0x0000019e                __TBCCR6 = 0x19e
                0x00000056                __DCOCTL = 0x56
                0x00000057                __BCSCTL1 = 0x57
                0x00000058                __BCSCTL2 = 0x58
                0x00000055                __SVSCTL = 0x55
                0x00000128                __FCTL1 = 0x128
                0x0000012a                __FCTL2 = 0x12a
                0x0000012c                __FCTL3 = 0x12c
                0x00000059                __CACTL1 = 0x59
                0x0000005a                __CACTL2 = 0x5a
                0x0000005b                __CAPD = 0x5b
                0x000001a0                __ADC12CTL0 = 0x1a0
                0x000001a2                __ADC12CTL1 = 0x1a2
                0x000001a4                __ADC12IFG = 0x1a4
                0x000001a6                __ADC12IE = 0x1a6
                0x000001a8                __ADC12IV = 0x1a8
                0x00000140                __ADC12MEM0 = 0x140
                0x00000142                __ADC12MEM1 = 0x142
                0x00000144                __ADC12MEM2 = 0x144
                0x00000146                __ADC12MEM3 = 0x146
                0x00000148                __ADC12MEM4 = 0x148
                0x0000014a                __ADC12MEM5 = 0x14a
                0x0000014c                __ADC12MEM6 = 0x14c
                0x0000014e                __ADC12MEM7 = 0x14e
                0x00000150                __ADC12MEM8 = 0x150
                0x00000152                __ADC12MEM9 = 0x152
                0x00000154                __ADC12MEM10 = 0x154
                0x00000156                __ADC12MEM11 = 0x156
                0x00000158                __ADC12MEM12 = 0x158
                0x0000015a                __ADC12MEM13 = 0x15a
                0x0000015c                __ADC12MEM14 = 0x15c
                0x0000015e                __ADC12MEM15 = 0x15e
                0x00000080                __ADC12MCTL0 = 0x80
                0x00000081                __ADC12MCTL1 = 0x81
                0x00000082                __ADC12MCTL2 = 0x82
                0x00000083                __ADC12MCTL3 = 0x83
                0x00000084                __ADC12MCTL4 = 0x84
                0x00000085                __ADC12MCTL5 = 0x85
                0x00000086                __ADC12MCTL6 = 0x86
                0x00000087                __ADC12MCTL7 = 0x87
                0x00000088                __ADC12MCTL8 = 0x88
                0x00000089                __ADC12MCTL9 = 0x89
                0x0000008a                __ADC12MCTL10 = 0x8a
                0x0000008b                __ADC12MCTL11 = 0x8b
                0x0000008c                __ADC12MCTL12 = 0x8c
                0x0000008d                __ADC12MCTL13 = 0x8d
                0x0000008e                __ADC12MCTL14 = 0x8e
                0x0000008f                __ADC12MCTL15 = 0x8f
                0x000001c0                __DAC12_0CTL = 0x1c0
                0x000001c2                __DAC12_1CTL = 0x1c2
                0x000001c8                __DAC12_0DAT = 0x1c8
                0x000001ca                __DAC12_1DAT = 0x1ca
                0x00000122                __DMACTL0 = 0x122
                0x00000124                __DMACTL1 = 0x124
                0x000001e0                __DMA0CTL = 0x1e0
                0x000001e8                __DMA1CTL = 0x1e8
                0x000001f0                __DMA2CTL = 0x1f0
                0x000001e2                __DMA0SA = 0x1e2
                0x000001e4                __DMA0DA = 0x1e4
                0x000001e6                __DMA0SZ = 0x1e6
                0x000001ea                __DMA1SA = 0x1ea
                0x000001ec                __DMA1DA = 0x1ec
                0x000001ee                __DMA1SZ = 0x1ee
                0x000001f2                __DMA2SA = 0x1f2
                0x000001f4                __DMA2DA = 0x1f4
                0x000001f6                __DMA2SZ = 0x1f6

.hash
 *(.hash)

.dynsym
 *(.dynsym)

.dynstr
 *(.dynstr)

.gnu.version
 *(.gnu.version)

.gnu.version_d
 *(.gnu.version_d)

.gnu.version_r
 *(.gnu.version_r)

.rel.init
 *(.rel.init)

.rela.init
 *(.rela.init)

.rel.text
 *(.rel.text)
 *(.rel.text.*)
 *(.rel.gnu.linkonce.t*)

.rela.text
 *(.rela.text)
 *(.rela.text.*)
 *(.rela.gnu.linkonce.t*)

.rel.fini
 *(.rel.fini)

.rela.fini
 *(.rela.fini)

.rel.rodata
 *(.rel.rodata)
 *(.rel.rodata.*)
 *(.rel.gnu.linkonce.r*)

.rela.rodata
 *(.rela.rodata)
 *(.rela.rodata.*)
 *(.rela.gnu.linkonce.r*)

.rel.data
 *(.rel.data)
 *(.rel.data.*)
 *(.rel.gnu.linkonce.d*)

.rela.data
 *(.rela.data)
 *(.rela.data.*)
 *(.rela.gnu.linkonce.d*)

.rel.ctors
 *(.rel.ctors)

.rela.ctors
 *(.rela.ctors)

.rel.dtors
 *(.rel.dtors)

.rela.dtors
 *(.rela.dtors)

.rel.got
 *(.rel.got)

.rela.got
 *(.rela.got)

.rel.bss
 *(.rel.bss)

.rela.bss
 *(.rela.bss)

.rel.plt
 *(.rel.plt)

.rela.plt
 *(.rela.plt)

.text           0x00004000     0xadf2
                0x00004000                . = ALIGN (0x2)
 *(.init)
 *(.init0)
 .init0         0x00004000        0x0 /usr/bin/../lib/gcc/msp430/4.5.3/mmpy-16/libcrt0.a(_reset_vector__.o)
                0x00004000                _reset_vector__
 *(.init1)
 *(.init2)
 .init2         0x00004000        0x4 /usr/bin/../lib/gcc/msp430/4.5.3/mmpy-16/libcrt0.a(__init_stack.o)
                0x00004000                __init_stack
 *(.init3)
 .init3         0x00004004        0xa /usr/bin/../lib/gcc/msp430/4.5.3/mmpy-16/libcrt0.a(__low_level_init.o)
                0x00004004                __low_level_init
 *(.init4)
 .init4         0x0000400e       0x16 /usr/bin/../lib/gcc/msp430/4.5.3/mmpy-16/libcrt0.a(_copy_data.o)
                0x0000400e                __do_copy_data
 .init4         0x00004024       0x14 /usr/bin/../lib/gcc/msp430/4.5.3/mmpy-16/libcrt0.a(_clear_bss.o)
                0x00004024                __do_clear_bss
 *(.init5)
 *(.init6)
 *(.init7)
 *(.init8)
 *(.init9)
 .init9         0x00004038      0x368 obj_sky/contiki-sky-main.o
                0x00004038                main
 *(.fini9)
 .fini9         0x000043a0        0x0 /usr/bin/../lib/gcc/msp430/4.5.3/mmpy-16/libcrt0.a(__stop_progExec__.o)
                0x000043a0                __stop_progExec__
 *(.fini8)
 *(.fini7)
 *(.fini6)
 *(.fini5)
 *(.fini4)
 *(.fini3)
 *(.fini2)
 *(.fini1)
 *(.fini0)
 .fini0         0x000043a0        0x6 /usr/bin/../lib/gcc/msp430/4.5.3/mmpy-16/libcrt0.a(_endless_loop__.o)
                0x000043a0                _endless_loop__
 *(.fini)
                0x000043a6                . = ALIGN (0x2)
                0x000043a6                __ctors_start = .
 *(.ctors)
                0x000043a6                __ctors_end = .
                0x000043a6                __dtors_start = .
 *(.dtors)
                0x000043a6                __dtors_end = .
                0x000043a6                . = ALIGN (0x2)
 *(.text)
 .text          0x000043a6        0x4 /usr/bin/../lib/gcc/msp430/4.5.3/mmpy-16/crt0ivtbl16.o
                0x000043a6                __isr_14
                0x000043a6                __isr_11
                0x000043a6                __isr_2
                0x000043a6                __isr_7
                0x000043a6                __isr_0
                0x000043a6                __isr_8
                0x000043a6                __isr_3
                0x000043a6                __isr_12
                0x000043a6                __isr_13
                0x000043a6                __isr_9
 .text          0x000043aa      0x13c ntpd.co
                0x000044e2                autostart_processes
 .text          0x000044e6      0x10b obj_sky/contiki-sky-main.o
 *fill*         0x000045f1        0x1 00
 .text          0x000045f2        0x8 contiki-sky.a(rimeaddr.o)
                0x000045f2                rimeaddr_null
 .text          0x000045fa       0x14 contiki-sky.a(csma.o)
                0x00004600                csma_driver
 .text          0x0000460e       0x46 contiki-sky.a(contikimac.o)
                0x00004644                contikimac_driver
 .text          0x00004654        0xc contiki-sky.a(etimer.o)
 .text          0x00004660        0xf contiki-sky.a(ctimer.o)
 .text          0x0000466f        0xb contiki-sky.a(uip-debug.o)
 .text          0x0000467a       0x20 contiki-sky.a(uip6.o)
 .text          0x0000469a        0xd contiki-sky.a(tcpip.o)
 *fill*         0x000046a7        0x1 00
 .text          0x000046a8       0x24 contiki-sky.a(sicslowpan.o)
                0x000046a8                unc_llconf
                0x000046ac                unc_ctxconf
                0x000046b0                unc_mxconf
                0x000046b4                llprefix
                0x000046c2                sicslowpan_driver
 .text          0x000046cc       0x10 contiki-sky.a(button-sensor.o)
                0x000046d4                button_sensor
 .text          0x000046dc        0x8 contiki-sky.a(sensors.o)
 .text          0x000046e4       0x22 contiki-sky.a(cc2420.o)
                0x000046f2                cc2420_driver
 .text          0x00004706        0x4 contiki-sky.a(framer-802154.o)
                0x00004706                framer_802154
 .text          0x0000470a        0x2 contiki-sky.a(frame802154.o)
 .text          0x0000470c       0x34 /usr/bin/../lib/gcc/msp430/4.5.3/../../../../msp430/lib/mmpy-16/libc.a(memcmp.o)
                0x0000470c                memcmp
 .text          0x00004740      0x104 /usr/bin/../lib/gcc/msp430/4.5.3/../../../../msp430/lib/mmpy-16/libc.a(memcpy.o)
                0x00004740                memcpy
 .text          0x00004844      0x104 /usr/bin/../lib/gcc/msp430/4.5.3/../../../../msp430/lib/mmpy-16/libc.a(memmove.o)
                0x00004844                memmove
 .text          0x00004948       0x66 /usr/bin/../lib/gcc/msp430/4.5.3/../../../../msp430/lib/mmpy-16/libc.a(memset.o)
                0x00004948                memset
 .text          0x000049ae       0x20 /usr/bin/../lib/gcc/msp430/4.5.3/../../../../msp430/lib/mmpy-16/libc.a(printf.o)
                0x000049ae                printf
                0x000049c0                vprintf
 .text          0x000049ce      0x5c8 /usr/bin/../lib/gcc/msp430/4.5.3/../../../../msp430/lib/mmpy-16/libc.a(vuprintf.o)
                0x00004b3c                vuprintf
 .text          0x00004f96       0x2c /usr/bin/../lib/gcc/msp430/4.5.3/../../../../msp430/lib/mmpy-16/libc.a(puts.o)
                0x00004f96                puts
 .text          0x00004fc2      0x134 /usr/bin/../lib/gcc/msp430/4.5.3/../../../../msp430/lib/mmpy-16/libc.a(rand.o)
                0x00004fc2                rand_r
                0x00005056                rand
                0x000050ec                srand
                0x000050f6                . = ALIGN (0x2)
 *(.text.*)
 .text.clock_set_time
                0x000050f6       0x22 ntpd.co
                0x000050f6                clock_set_time
 .text.clock_get_time
                0x00005118      0x176 ntpd.co
                0x00005118                clock_get_time
 .text.timeout_handler
                0x0000528e       0x72 ntpd.co
 .text.clock_adjust_time
                0x00005300       0x9c ntpd.co
                0x00005300                clock_adjust_time
 .text.process_thread_ntpd_process
                0x0000539c      0x3da ntpd.co
 .text.fractionl_to_nsec
                0x00005776       0xd2 obj_sky/convert.o
                0x00005776                fractionl_to_nsec
 .text.rimeaddr_copy
                0x00005848       0x1a contiki-sky.a(rimeaddr.o)
                0x00005848                rimeaddr_copy
 .text.rimeaddr_cmp
                0x00005862       0x22 contiki-sky.a(rimeaddr.o)
                0x00005862                rimeaddr_cmp
 .text.rimeaddr_set_node_addr
                0x00005884       0x12 contiki-sky.a(rimeaddr.o)
                0x00005884                rimeaddr_set_node_addr
 .text.input_packet
                0x00005896        0x6 contiki-sky.a(csma.o)
 .text.on       0x0000589c        0x6 contiki-sky.a(csma.o)
 .text.off      0x000058a2        0x6 contiki-sky.a(csma.o)
 .text.channel_check_interval
                0x000058a8        0xc contiki-sky.a(csma.o)
 .text.transmit_packet_list
                0x000058b4       0x24 contiki-sky.a(csma.o)
 .text.send_packet
                0x000058d8      0x174 contiki-sky.a(csma.o)
 .text.free_first_packet
                0x00005a4c       0x9c contiki-sky.a(csma.o)
 .text.packet_sent
                0x00005ae8      0x100 contiki-sky.a(csma.o)
 .text.init     0x00005be8       0x1a contiki-sky.a(csma.o)
 .text.on       0x00005c02       0x16 contiki-sky.a(contikimac.o)
 .text.off      0x00005c18       0x1e contiki-sky.a(contikimac.o)
 .text.recv_burst_off
                0x00005c36        0xa contiki-sky.a(contikimac.o)
 .text.turn_off
                0x00005c40       0x20 contiki-sky.a(contikimac.o)
 .text.duty_cycle
                0x00005c60        0x6 contiki-sky.a(contikimac.o)
 .text.turn_on  0x00005c66       0x30 contiki-sky.a(contikimac.o)
 .text.schedule_powercycle_fixed
                0x00005c96       0x4c contiki-sky.a(contikimac.o)
 .text.powercycle_turn_radio_off
                0x00005ce2       0x2c contiki-sky.a(contikimac.o)
 .text.powercycle
                0x00005d0e      0x1cc contiki-sky.a(contikimac.o)
 .text.input_packet
                0x00005eda      0x108 contiki-sky.a(contikimac.o)
 .text.send_packet
                0x00005fe2      0x2b4 contiki-sky.a(contikimac.o)
 .text.qsend_list
                0x00006296       0x88 contiki-sky.a(contikimac.o)
 .text.qsend_packet
                0x0000631e       0x26 contiki-sky.a(contikimac.o)
 .text.init     0x00006344       0x32 contiki-sky.a(contikimac.o)
 .text.send_packet
                0x00006376       0x44 contiki-sky.a(phase.o)
 .text.find_neighbor
                0x000063ba       0x32 contiki-sky.a(phase.o)
                0x000063ba                find_neighbor
 .text.phase_update
                0x000063ec       0xbc contiki-sky.a(phase.o)
                0x000063ec                phase_update
 .text.phase_wait
                0x000064a8      0x114 contiki-sky.a(phase.o)
                0x000064a8                phase_wait
 .text.phase_init
                0x000065bc       0x20 contiki-sky.a(phase.o)
                0x000065bc                phase_init
 .text.call_process
                0x000065dc       0x4c contiki-sky.a(process.o)
 .text.exit_process
                0x00006628       0x94 contiki-sky.a(process.o)
 .text.do_poll  0x000066bc       0x30 contiki-sky.a(process.o)
 .text.process_alloc_event
                0x000066ec        0xe contiki-sky.a(process.o)
                0x000066ec                process_alloc_event
 .text.process_init
                0x000066fa       0x1c contiki-sky.a(process.o)
                0x000066fa                process_init
 .text.process_run
                0x00006716       0x9c contiki-sky.a(process.o)
                0x00006716                process_run
 .text.process_nevents
                0x000067b2        0xc contiki-sky.a(process.o)
                0x000067b2                process_nevents
 .text.process_post
                0x000067be       0x54 contiki-sky.a(process.o)
                0x000067be                process_post
 .text.process_post_synch
                0x00006812       0x12 contiki-sky.a(process.o)
                0x00006812                process_post_synch
 .text.process_start
                0x00006824       0x32 contiki-sky.a(process.o)
                0x00006824                process_start
 .text.process_poll
                0x00006856       0x1a contiki-sky.a(process.o)
                0x00006856                process_poll
 .text.autostart_start
                0x00006870       0x18 contiki-sky.a(autostart.o)
                0x00006870                autostart_start
 .text.compower_accumulate
                0x00006888       0x72 contiki-sky.a(compower.o)
                0x00006888                compower_accumulate
 .text.compower_clear
                0x000068fa       0x12 contiki-sky.a(compower.o)
                0x000068fa                compower_clear
 .text.compower_attrconv
                0x0000690c       0x10 contiki-sky.a(compower.o)
                0x0000690c                compower_attrconv
 .text.memb_init
                0x0000691c       0x36 contiki-sky.a(memb.o)
                0x0000691c                memb_init
 .text.memb_alloc
                0x00006952       0x3e contiki-sky.a(memb.o)
                0x00006952                memb_alloc
 .text.memb_free
                0x00006990       0x3a contiki-sky.a(memb.o)
                0x00006990                memb_free
 .text.memb_inmemb
                0x000069ca       0x2e contiki-sky.a(memb.o)
                0x000069ca                memb_inmemb
 .text.timer_set
                0x000069f8       0x1c contiki-sky.a(timer.o)
                0x000069f8                timer_set
 .text.timer_reset
                0x00006a14        0xe contiki-sky.a(timer.o)
                0x00006a14                timer_reset
 .text.timer_restart
                0x00006a22       0x14 contiki-sky.a(timer.o)
                0x00006a22                timer_restart
 .text.timer_expired
                0x00006a36       0x2e contiki-sky.a(timer.o)
                0x00006a36                timer_expired
 .text.list_init
                0x00006a64        0x6 contiki-sky.a(list.o)
                0x00006a64                list_init
 .text.list_head
                0x00006a6a        0x4 contiki-sky.a(list.o)
                0x00006a6a                list_head
 .text.list_tail
                0x00006a6e       0x14 contiki-sky.a(list.o)
                0x00006a6e                list_tail
 .text.list_chop
                0x00006a82       0x2a contiki-sky.a(list.o)
                0x00006a82                list_chop
 .text.list_pop
                0x00006aac        0xe contiki-sky.a(list.o)
                0x00006aac                list_pop
 .text.list_remove
                0x00006aba       0x2e contiki-sky.a(list.o)
                0x00006aba                list_remove
 .text.list_push
                0x00006ae8       0x1a contiki-sky.a(list.o)
                0x00006ae8                list_push
 .text.list_add
                0x00006b02       0x2a contiki-sky.a(list.o)
                0x00006b02                list_add
 .text.list_length
                0x00006b2c       0x10 contiki-sky.a(list.o)
                0x00006b2c                list_length
 .text.list_item_next
                0x00006b3c        0x8 contiki-sky.a(list.o)
                0x00006b3c                list_item_next
 .text.update_time
                0x00006b44       0x78 contiki-sky.a(etimer.o)
 .text.etimer_request_poll
                0x00006bbc        0xa contiki-sky.a(etimer.o)
                0x00006bbc                etimer_request_poll
 .text.process_thread_etimer_process
                0x00006bc6       0xce contiki-sky.a(etimer.o)
 .text.add_timer
                0x00006c94       0x38 contiki-sky.a(etimer.o)
 .text.etimer_set
                0x00006ccc       0x12 contiki-sky.a(etimer.o)
                0x00006ccc                etimer_set
 .text.etimer_reset
                0x00006cde       0x12 contiki-sky.a(etimer.o)
                0x00006cde                etimer_reset
 .text.etimer_restart
                0x00006cf0       0x12 contiki-sky.a(etimer.o)
                0x00006cf0                etimer_restart
 .text.etimer_expired
                0x00006d02        0xe contiki-sky.a(etimer.o)
                0x00006d02                etimer_expired
 .text.etimer_expiration_time
                0x00006d10       0x14 contiki-sky.a(etimer.o)
                0x00006d10                etimer_expiration_time
 .text.etimer_pending
                0x00006d24        0xe contiki-sky.a(etimer.o)
                0x00006d24                etimer_pending
 .text.etimer_next_expiration_time
                0x00006d32       0x16 contiki-sky.a(etimer.o)
                0x00006d32                etimer_next_expiration_time
 .text.etimer_stop
                0x00006d48       0x3c contiki-sky.a(etimer.o)
                0x00006d48                etimer_stop
 .text.process_thread_ctimer_process
                0x00006d84       0xa4 contiki-sky.a(ctimer.o)
 .text.ctimer_init
                0x00006e28       0x18 contiki-sky.a(ctimer.o)
                0x00006e28                ctimer_init
 .text.ctimer_set
                0x00006e40       0x5a contiki-sky.a(ctimer.o)
                0x00006e40                ctimer_set
 .text.ctimer_reset
                0x00006e9a       0x3a contiki-sky.a(ctimer.o)
                0x00006e9a                ctimer_reset
 .text.ctimer_stop
                0x00006ed4       0x28 contiki-sky.a(ctimer.o)
                0x00006ed4                ctimer_stop
 .text.energest_init
                0x00006efc       0x2a contiki-sky.a(energest.o)
                0x00006efc                energest_init
 .text.energest_type_time
                0x00006f26       0x44 contiki-sky.a(energest.o)
                0x00006f26                energest_type_time
 .text.energest_type_set
                0x00006f6a        0xe contiki-sky.a(energest.o)
                0x00006f6a                energest_type_set
 .text.energest_flush
                0x00006f78       0x4a contiki-sky.a(energest.o)
                0x00006f78                energest_flush
 .text.rtimer_init
                0x00006fc2        0x6 contiki-sky.a(rtimer.o)
                0x00006fc2                rtimer_init
 .text.rtimer_set
                0x00006fc8       0x24 contiki-sky.a(rtimer.o)
                0x00006fc8                rtimer_set
 .text.rtimer_run_next
                0x00006fec       0x26 contiki-sky.a(rtimer.o)
                0x00006fec                rtimer_run_next
 .text.random_init
                0x00007012        0x6 contiki-sky.a(random.o)
                0x00007012                random_init
 .text.random_rand
                0x00007018        0x6 contiki-sky.a(random.o)
                0x00007018                random_rand
 .text.uip_debug_ipaddr_print
                0x0000701e       0x72 contiki-sky.a(uip-debug.o)
                0x0000701e                uip_debug_ipaddr_print
 .text.packetbuf_copyto_hdr
                0x00007090       0x1c contiki-sky.a(packetbuf.o)
                0x00007090                packetbuf_copyto_hdr
 .text.packetbuf_copyto
                0x000070ac       0x52 contiki-sky.a(packetbuf.o)
                0x000070ac                packetbuf_copyto
 .text.packetbuf_hdr_remove
                0x000070fe        0x6 contiki-sky.a(packetbuf.o)
                0x000070fe                packetbuf_hdr_remove
 .text.packetbuf_hdrreduce
                0x00007104       0x1a contiki-sky.a(packetbuf.o)
                0x00007104                packetbuf_hdrreduce
 .text.packetbuf_set_datalen
                0x0000711e        0x6 contiki-sky.a(packetbuf.o)
                0x0000711e                packetbuf_set_datalen
 .text.packetbuf_dataptr
                0x00007124        0xa contiki-sky.a(packetbuf.o)
                0x00007124                packetbuf_dataptr
 .text.packetbuf_hdrptr
                0x0000712e        0xa contiki-sky.a(packetbuf.o)
                0x0000712e                packetbuf_hdrptr
 .text.packetbuf_is_reference
                0x00007138        0xe contiki-sky.a(packetbuf.o)
                0x00007138                packetbuf_is_reference
 .text.packetbuf_compact
                0x00007146       0x48 contiki-sky.a(packetbuf.o)
                0x00007146                packetbuf_compact
 .text.packetbuf_reference_ptr
                0x0000718e        0x6 contiki-sky.a(packetbuf.o)
                0x0000718e                packetbuf_reference_ptr
 .text.packetbuf_datalen
                0x00007194        0x6 contiki-sky.a(packetbuf.o)
                0x00007194                packetbuf_datalen
 .text.packetbuf_totlen
                0x0000719a       0x10 contiki-sky.a(packetbuf.o)
                0x0000719a                packetbuf_totlen
 .text.packetbuf_hdralloc
                0x000071aa       0x2e contiki-sky.a(packetbuf.o)
                0x000071aa                packetbuf_hdralloc
 .text.packetbuf_attr_clear
                0x000071d8       0x32 contiki-sky.a(packetbuf.o)
                0x000071d8                packetbuf_attr_clear
 .text.packetbuf_clear
                0x0000720a       0x20 contiki-sky.a(packetbuf.o)
                0x0000720a                packetbuf_clear
 .text.packetbuf_copyfrom
                0x0000722a       0x2e contiki-sky.a(packetbuf.o)
                0x0000722a                packetbuf_copyfrom
 .text.packetbuf_attr_copyto
                0x00007258       0x22 contiki-sky.a(packetbuf.o)
                0x00007258                packetbuf_attr_copyto
 .text.packetbuf_attr_copyfrom
                0x0000727a       0x24 contiki-sky.a(packetbuf.o)
                0x0000727a                packetbuf_attr_copyfrom
 .text.queuebuf_init
                0x0000729e       0x1a contiki-sky.a(queuebuf.o)
                0x0000729e                queuebuf_init
 .text.queuebuf_new_from_packetbuf
                0x000072b8       0x80 contiki-sky.a(queuebuf.o)
                0x000072b8                queuebuf_new_from_packetbuf
 .text.queuebuf_update_attr_from_packetbuf
                0x00007338       0x12 contiki-sky.a(queuebuf.o)
                0x00007338                queuebuf_update_attr_from_packetbuf
 .text.queuebuf_free
                0x0000734a       0x46 contiki-sky.a(queuebuf.o)
                0x0000734a                queuebuf_free
 .text.queuebuf_to_packetbuf
                0x00007390       0x70 contiki-sky.a(queuebuf.o)
                0x00007390                queuebuf_to_packetbuf
 .text.chksum   0x00007400       0x34 contiki-sky.a(uip6.o)
 .text.upper_layer_chksum
                0x00007434       0x54 contiki-sky.a(uip6.o)
 .text.ext_hdr_options_process
                0x00007488       0xe0 contiki-sky.a(uip6.o)
 .text.uip_add32
                0x00007568       0x72 contiki-sky.a(uip6.o)
                0x00007568                uip_add32
 .text.uip_add_rcv_nxt
                0x000075da       0x2e contiki-sky.a(uip6.o)
 .text.uip_icmp6chksum
                0x00007608        0xa contiki-sky.a(uip6.o)
                0x00007608                uip_icmp6chksum
 .text.uip_tcpchksum
                0x00007612        0xa contiki-sky.a(uip6.o)
                0x00007612                uip_tcpchksum
 .text.uip_udpchksum
                0x0000761c        0xa contiki-sky.a(uip6.o)
                0x0000761c                uip_udpchksum
 .text.uip_init
                0x00007626       0x6c contiki-sky.a(uip6.o)
                0x00007626                uip_init
 .text.remove_ext_hdr
                0x00007692       0x44 contiki-sky.a(uip6.o)
                0x00007692                remove_ext_hdr
 .text.uip_udp_new
                0x000076d6       0xee contiki-sky.a(uip6.o)
                0x000076d6                uip_udp_new
 .text.uip_unlisten
                0x000077c4       0x32 contiki-sky.a(uip6.o)
                0x000077c4                uip_unlisten
 .text.uip_process
                0x000077f6      0xeca contiki-sky.a(uip6.o)
                0x000077f6                uip_process
 .text.uip_htonl
                0x000086c0       0x3e contiki-sky.a(uip6.o)
                0x000086c0                uip_htonl
 .text.start_periodic_tcp_timer
                0x000086fe       0x16 contiki-sky.a(tcpip.o)
 .text.tcpip_output
                0x00008714       0x10 contiki-sky.a(tcpip.o)
                0x00008714                tcpip_output
 .text.tcpip_set_outputfunc
                0x00008724        0x6 contiki-sky.a(tcpip.o)
                0x00008724                tcpip_set_outputfunc
 .text.udp_new  0x0000872a       0x1a contiki-sky.a(tcpip.o)
                0x0000872a                udp_new
 .text.tcpip_input
                0x00008744       0x16 contiki-sky.a(tcpip.o)
                0x00008744                tcpip_input
 .text.tcpip_ipv6_output
                0x0000875a      0x144 contiki-sky.a(tcpip.o)
                0x0000875a                tcpip_ipv6_output
 .text.process_thread_tcpip_process
                0x0000889e      0x1d8 contiki-sky.a(tcpip.o)
 .text.tcpip_uipcall
                0x00008a76       0x7c contiki-sky.a(tcpip.o)
                0x00008a76                tcpip_uipcall
 .text.uip_udp_packet_send
                0x00008af2       0x2e contiki-sky.a(uip-udp-packet.)
                0x00008af2                uip_udp_packet_send
 .text.uiplib_ipaddrconv
                0x00008b20      0x12c contiki-sky.a(uiplib.o)
                0x00008b20                uiplib_ipaddrconv
 .text.uip_icmp6_echo_request_input
                0x00008c4c      0x122 contiki-sky.a(uip-icmp6.o)
                0x00008c4c                uip_icmp6_echo_request_input
 .text.uip_icmp6_error_output
                0x00008d6e      0x16a contiki-sky.a(uip-icmp6.o)
                0x00008d6e                uip_icmp6_error_output
 .text.uip_icmp6_send
                0x00008ed8       0x94 contiki-sky.a(uip-icmp6.o)
                0x00008ed8                uip_icmp6_send
 .text.create_llao
                0x00008f6c       0x2c contiki-sky.a(uip-nd6.o)
 .text.uip_nd6_ns_input
                0x00008f98      0x230 contiki-sky.a(uip-nd6.o)
                0x00008f98                uip_nd6_ns_input
 .text.uip_nd6_ns_output
                0x000091c8      0x16c contiki-sky.a(uip-nd6.o)
                0x000091c8                uip_nd6_ns_output
 .text.uip_nd6_na_input
                0x00009334      0x1b8 contiki-sky.a(uip-nd6.o)
                0x00009334                uip_nd6_na_input
 .text.set_packet_attrs
                0x000094ec       0x44 contiki-sky.a(sicslowpan.o)
 .text.addr_context_lookup_by_number
                0x00009530       0x36 contiki-sky.a(sicslowpan.o)
 .text.compress_addr_64
                0x00009566       0x92 contiki-sky.a(sicslowpan.o)
 .text.uncompress_addr
                0x000095f8       0xae contiki-sky.a(sicslowpan.o)
 .text.input    0x000096a6      0x600 contiki-sky.a(sicslowpan.o)
 .text.sicslowpan_init
                0x00009ca6       0x26 contiki-sky.a(sicslowpan.o)
                0x00009ca6                sicslowpan_init
 .text.addr_context_lookup_by_prefix
                0x00009ccc       0x4c contiki-sky.a(sicslowpan.o)
 .text.send_packet
                0x00009d18       0x1a contiki-sky.a(sicslowpan.o)
 .text.output   0x00009d32      0x6b2 contiki-sky.a(sicslowpan.o)
 .text.packet_sent
                0x0000a3e4       0x22 contiki-sky.a(sicslowpan.o)
 .text.neighbor_info_packet_sent
                0x0000a406       0xe8 contiki-sky.a(neighbor-info.o)
                0x0000a406                neighbor_info_packet_sent
 .text.neighbor_info_packet_received
                0x0000a4ee       0x1a contiki-sky.a(neighbor-info.o)
                0x0000a4ee                neighbor_info_packet_received
 .text.neighbor_info_subscribe
                0x0000a508       0x28 contiki-sky.a(neighbor-info.o)
                0x0000a508                neighbor_info_subscribe
 .text.uip_ds6_list_loop
                0x0000a530       0x82 contiki-sky.a(uip-ds6.o)
                0x0000a530                uip_ds6_list_loop
 .text.uip_ds6_nbr_rm
                0x0000a5b2        0xe contiki-sky.a(uip-ds6.o)
                0x0000a5b2                uip_ds6_nbr_rm
 .text.uip_ds6_nbr_add
                0x0000a5c0      0x116 contiki-sky.a(uip-ds6.o)
                0x0000a5c0                uip_ds6_nbr_add
 .text.uip_ds6_nbr_lookup
                0x0000a6d6       0x3e contiki-sky.a(uip-ds6.o)
                0x0000a6d6                uip_ds6_nbr_lookup
 .text.uip_ds6_defrt_add
                0x0000a714       0x82 contiki-sky.a(uip-ds6.o)
                0x0000a714                uip_ds6_defrt_add
 .text.uip_ds6_defrt_rm
                0x0000a796        0xa contiki-sky.a(uip-ds6.o)
                0x0000a796                uip_ds6_defrt_rm
 .text.uip_ds6_defrt_lookup
                0x0000a7a0       0x28 contiki-sky.a(uip-ds6.o)
                0x0000a7a0                uip_ds6_defrt_lookup
 .text.uip_ds6_defrt_choose
                0x0000a7c8       0x4a contiki-sky.a(uip-ds6.o)
                0x0000a7c8                uip_ds6_defrt_choose
 .text.uip_ds6_prefix_add
                0x0000a812       0x80 contiki-sky.a(uip-ds6.o)
                0x0000a812                uip_ds6_prefix_add
 .text.uip_ds6_is_addr_onlink
                0x0000a892       0x50 contiki-sky.a(uip-ds6.o)
                0x0000a892                uip_ds6_is_addr_onlink
 .text.uip_ds6_addr_lookup
                0x0000a8e2       0x2a contiki-sky.a(uip-ds6.o)
                0x0000a8e2                uip_ds6_addr_lookup
 .text.uip_ds6_get_link_local
                0x0000a90c       0x3e contiki-sky.a(uip-ds6.o)
                0x0000a90c                uip_ds6_get_link_local
 .text.uip_ds6_maddr_add
                0x0000a94a       0x4c contiki-sky.a(uip-ds6.o)
                0x0000a94a                uip_ds6_maddr_add
 .text.uip_ds6_addr_add
                0x0000a996       0xca contiki-sky.a(uip-ds6.o)
                0x0000a996                uip_ds6_addr_add
 .text.uip_ds6_maddr_lookup
                0x0000aa60       0x2a contiki-sky.a(uip-ds6.o)
                0x0000aa60                uip_ds6_maddr_lookup
 .text.uip_ds6_addr_rm
                0x0000aa8a       0x54 contiki-sky.a(uip-ds6.o)
                0x0000aa8a                uip_ds6_addr_rm
 .text.uip_ds6_periodic
                0x0000aade      0x194 contiki-sky.a(uip-ds6.o)
                0x0000aade                uip_ds6_periodic
 .text.uip_ds6_route_lookup
                0x0000ac72       0x66 contiki-sky.a(uip-ds6.o)
                0x0000ac72                uip_ds6_route_lookup
 .text.uip_ds6_route_add
                0x0000acd8       0x82 contiki-sky.a(uip-ds6.o)
                0x0000acd8                uip_ds6_route_add
 .text.uip_ds6_route_rm
                0x0000ad5a        0x6 contiki-sky.a(uip-ds6.o)
                0x0000ad5a                uip_ds6_route_rm
 .text.uip_ds6_route_rm_by_nexthop
                0x0000ad60       0x42 contiki-sky.a(uip-ds6.o)
                0x0000ad60                uip_ds6_route_rm_by_nexthop
 .text.uip_ds6_set_addr_iid
                0x0000ada2       0x14 contiki-sky.a(uip-ds6.o)
                0x0000ada2                uip_ds6_set_addr_iid
 .text.get_match_length
                0x0000adb6       0x46 contiki-sky.a(uip-ds6.o)
                0x0000adb6                get_match_length
 .text.uip_ds6_select_src
                0x0000adfc       0xaa contiki-sky.a(uip-ds6.o)
                0x0000adfc                uip_ds6_select_src
 .text.uip_ds6_compute_reachable_time
                0x0000aea6       0x4a contiki-sky.a(uip-ds6.o)
                0x0000aea6                uip_ds6_compute_reachable_time
 .text.uip_ds6_init
                0x0000aef0      0x17c contiki-sky.a(uip-ds6.o)
                0x0000aef0                uip_ds6_init
 .text.init_platform
                0x0000b06c        0xc contiki-sky.a(contiki-sky-pla)
                0x0000b06c                init_platform
 .text.status   0x0000b078       0x16 contiki-sky.a(button-sensor.o)
 .text.configure
                0x0000b08e       0x4a contiki-sky.a(button-sensor.o)
 .text.value    0x0000b0d8       0x26 contiki-sky.a(button-sensor.o)
 .text.irq_p2   0x0000b0fe       0x92 contiki-sky.a(button-sensor.o)
                0x0000b0fe                irq_p2
                0x0000b0fe                __isr_1
 .text.crc8_add
                0x0000b190       0x1a contiki-sky.a(ds2411.o)
 .text.owreadb  0x0000b1aa       0x56 contiki-sky.a(ds2411.o)
 .text.ds2411_init
                0x0000b200      0x10a contiki-sky.a(ds2411.o)
                0x0000b200                ds2411_init
 .text.wait_ready
                0x0000b30a       0x4e contiki-sky.a(xmem.o)
 .text.xmem_init
                0x0000b358       0x3c contiki-sky.a(xmem.o)
                0x0000b358                xmem_init
 .text.xmem_pread
                0x0000b394       0xdc contiki-sky.a(xmem.o)
                0x0000b394                xmem_pread
 .text.node_id_restore
                0x0000b470       0x38 contiki-sky.a(node-id.o)
                0x0000b470                node_id_restore
 .text.get_sensor_index
                0x0000b4a8       0x22 contiki-sky.a(sensors.o)
 .text.process_thread_sensors_process
                0x0000b4ca       0xc2 contiki-sky.a(sensors.o)
 .text.sensors_changed
                0x0000b58c       0x14 contiki-sky.a(sensors.o)
                0x0000b58c                sensors_changed
 .text.strobe   0x0000b5a0       0x1e contiki-sky.a(cc2420.o)
 .text.status   0x0000b5be       0x24 contiki-sky.a(cc2420.o)
 .text.getreg   0x0000b5e2       0x50 contiki-sky.a(cc2420.o)
 .text.setreg   0x0000b632       0x48 contiki-sky.a(cc2420.o)
 .text.set_txpower
                0x0000b67a       0x2a contiki-sky.a(cc2420.o)
 .text.cc2420_receiving_packet
                0x0000b6a4       0x10 contiki-sky.a(cc2420.o)
 .text.pending_packet
                0x0000b6b4        0x8 contiki-sky.a(cc2420.o)
 .text.on       0x0000b6bc       0x46 contiki-sky.a(cc2420.o)
 .text.flushrx  0x0000b702       0x74 contiki-sky.a(cc2420.o)
 .text.off      0x0000b776       0x78 contiki-sky.a(cc2420.o)
 .text.RELEASE_LOCK
                0x0000b7ee       0x28 contiki-sky.a(cc2420.o)
 .text.cc2420_prepare
                0x0000b816       0x8a contiki-sky.a(cc2420.o)
 .text.cc2420_on
                0x0000b8a0       0x22 contiki-sky.a(cc2420.o)
                0x0000b8a0                cc2420_on
 .text.cc2420_off
                0x0000b8c2       0x30 contiki-sky.a(cc2420.o)
                0x0000b8c2                cc2420_off
 .text.cc2420_cca
                0x0000b8f2       0x7a contiki-sky.a(cc2420.o)
 .text.getrxdata
                0x0000b96c       0x4e contiki-sky.a(cc2420.o)
 .text.cc2420_read
                0x0000b9ba      0x11a contiki-sky.a(cc2420.o)
 .text.process_thread_cc2420_process
                0x0000bad4       0x50 contiki-sky.a(cc2420.o)
 .text.cc2420_set_channel
                0x0000bb24       0x7a contiki-sky.a(cc2420.o)
                0x0000bb24                cc2420_set_channel
 .text.cc2420_set_pan_addr
                0x0000bb9e      0x13a contiki-sky.a(cc2420.o)
                0x0000bb9e                cc2420_set_pan_addr
 .text.cc2420_init
                0x0000bcd8       0xd4 contiki-sky.a(cc2420.o)
                0x0000bcd8                cc2420_init
 .text.cc2420_interrupt
                0x0000bdac       0x20 contiki-sky.a(cc2420.o)
                0x0000bdac                cc2420_interrupt
 .text.cc2420_get_txpower
                0x0000bdcc       0x1e contiki-sky.a(cc2420.o)
                0x0000bdcc                cc2420_get_txpower
 .text.cc2420_transmit
                0x0000bdea      0x1ac contiki-sky.a(cc2420.o)
 .text.cc2420_send
                0x0000bf96       0x12 contiki-sky.a(cc2420.o)
 .text.cc2420_port1_interrupt
                0x0000bfa8       0x6a contiki-sky.a(cc2420-arch.o)
                0x0000bfa8                __isr_4
                0x0000bfa8                cc2420_port1_interrupt
 .text.cc2420_arch_init
                0x0000c012       0x1a contiki-sky.a(cc2420-arch.o)
                0x0000c012                cc2420_arch_init
 .text.uart1_active
                0x0000c02c       0x18 contiki-sky.a(uart1.o)
                0x0000c02c                uart1_active
 .text.uart1_writeb
                0x0000c044       0x1a contiki-sky.a(uart1.o)
                0x0000c044                uart1_writeb
 .text.uart1_init
                0x0000c05e       0xee contiki-sky.a(uart1.o)
                0x0000c05e                uart1_init
 .text.putchar  0x0000c14c        0xe contiki-sky.a(uart1-putchar.o)
                0x0000c14c                putchar
 .text.msp430_init_dco
                0x0000c15a       0x74 contiki-sky.a(msp430.o)
                0x0000c15a                msp430_init_dco
 .text.msp430_add_lpm_req
                0x0000c1ce        0xa contiki-sky.a(msp430.o)
                0x0000c1ce                msp430_add_lpm_req
 .text.msp430_cpu_init
                0x0000c1d8       0x2a contiki-sky.a(msp430.o)
                0x0000c1d8                msp430_cpu_init
 .text.splhigh_
                0x0000c202        0x8 contiki-sky.a(msp430.o)
                0x0000c202                splhigh_
 .text.msp430_sync_dco
                0x0000c20a       0x60 contiki-sky.a(msp430.o)
                0x0000c20a                msp430_sync_dco
 .text.timera1  0x0000c26a       0xee contiki-sky.a(clock.o)
                0x0000c26a                __isr_5
                0x0000c26a                timera1
 .text.clock_time
                0x0000c358       0x1a contiki-sky.a(clock.o)
                0x0000c358                clock_time
 .text.clock_init
                0x0000c372       0x28 contiki-sky.a(clock.o)
                0x0000c372                clock_init
 .text.clock_delay
                0x0000c39a        0xc contiki-sky.a(clock.o)
                0x0000c39a                clock_delay
 .text.clock_seconds
                0x0000c3a6       0x1a contiki-sky.a(clock.o)
                0x0000c3a6                clock_seconds
 .text.clock_counter
                0x0000c3c0        0xe contiki-sky.a(clock.o)
                0x0000c3c0                clock_counter
 .text.clock_inc_dec
                0x0000c3ce       0x28 contiki-sky.a(clock.o)
                0x0000c3ce                clock_inc_dec
 .text.show_leds
                0x0000c3f6      0x10c contiki-sky.a(leds.o)
 .text.leds_init
                0x0000c502        0xe contiki-sky.a(leds.o)
                0x0000c502                leds_init
 .text.leds_on  0x0000c510       0x14 contiki-sky.a(leds.o)
                0x0000c510                leds_on
 .text.leds_off
                0x0000c524       0x14 contiki-sky.a(leds.o)
                0x0000c524                leds_off
 .text.leds_arch_init
                0x0000c538        0xe contiki-sky.a(leds-arch.o)
                0x0000c538                leds_arch_init
 .text.leds_arch_set
                0x0000c546       0x3a contiki-sky.a(leds-arch.o)
                0x0000c546                leds_arch_set
 .text.watchdog_interrupt
                0x0000c580        0x6 contiki-sky.a(watchdog.o)
                0x0000c580                __isr_10
                0x0000c580                watchdog_interrupt
 .text.watchdog_start
                0x0000c586       0x14 contiki-sky.a(watchdog.o)
                0x0000c586                watchdog_start
 .text.watchdog_periodic
                0x0000c59a       0x12 contiki-sky.a(watchdog.o)
                0x0000c59a                watchdog_periodic
 .text.watchdog_stop
                0x0000c5ac       0x16 contiki-sky.a(watchdog.o)
                0x0000c5ac                watchdog_stop
 .text.watchdog_init
                0x0000c5c2       0x14 contiki-sky.a(watchdog.o)
                0x0000c5c2                watchdog_init
 .text.rtimer_arch_init
                0x0000c5d6        0xe contiki-sky.a(rtimer-arch.o)
                0x0000c5d6                rtimer_arch_init
 .text.rtimer_arch_now
                0x0000c5e4        0xe contiki-sky.a(rtimer-arch.o)
                0x0000c5e4                rtimer_arch_now
 .text.timera0  0x0000c5f2       0x76 contiki-sky.a(rtimer-arch.o)
                0x0000c5f2                __isr_6
                0x0000c5f2                timera0
 .text.rtimer_arch_schedule
                0x0000c668        0x6 contiki-sky.a(rtimer-arch.o)
                0x0000c668                rtimer_arch_schedule
 .text.mac_call_sent_callback
                0x0000c66e       0x14 contiki-sky.a(mac.o)
                0x0000c66e                mac_call_sent_callback
 .text.parse    0x0000c682       0xa8 contiki-sky.a(framer-802154.o)
 .text.create   0x0000c72a      0x112 contiki-sky.a(framer-802154.o)
 .text.rpl_link_neighbor_callback
                0x0000c83c       0x8a contiki-sky.a(rpl.o)
 .text.rpl_purge_routes
                0x0000c8c6       0x64 contiki-sky.a(rpl.o)
                0x0000c8c6                rpl_purge_routes
 .text.rpl_remove_routes
                0x0000c92a       0x3e contiki-sky.a(rpl.o)
                0x0000c92a                rpl_remove_routes
 .text.rpl_remove_routes_by_nexthop
                0x0000c968       0x44 contiki-sky.a(rpl.o)
                0x0000c968                rpl_remove_routes_by_nexthop
 .text.rpl_add_route
                0x0000c9ac       0x72 contiki-sky.a(rpl.o)
                0x0000c9ac                rpl_add_route
 .text.rpl_ipv6_neighbor_callback
                0x0000ca1e       0x26 contiki-sky.a(rpl.o)
                0x0000ca1e                rpl_ipv6_neighbor_callback
 .text.rpl_init
                0x0000ca44       0x44 contiki-sky.a(rpl.o)
                0x0000ca44                rpl_init
 .text.lollipop_greater_than
                0x0000ca88       0x44 contiki-sky.a(rpl-dag.o)
 .text.find_parent_dag
                0x0000cacc       0x5a contiki-sky.a(rpl-dag.o)
 .text.set_ip_from_prefix
                0x0000cb26       0x3a contiki-sky.a(rpl-dag.o)
 .text.check_prefix
                0x0000cb60       0x7c contiki-sky.a(rpl-dag.o)
 .text.rpl_set_default_route
                0x0000cbdc       0x5c contiki-sky.a(rpl-dag.o)
                0x0000cbdc                rpl_set_default_route
 .text.rpl_alloc_instance
                0x0000cc38       0x2c contiki-sky.a(rpl-dag.o)
                0x0000cc38                rpl_alloc_instance
 .text.rpl_add_parent
                0x0000cc64       0x76 contiki-sky.a(rpl-dag.o)
                0x0000cc64                rpl_add_parent
 .text.rpl_find_parent
                0x0000ccda       0x34 contiki-sky.a(rpl-dag.o)
                0x0000ccda                rpl_find_parent
 .text.rpl_find_parent_any_dag
                0x0000cd0e       0x5a contiki-sky.a(rpl-dag.o)
                0x0000cd0e                rpl_find_parent_any_dag
 .text.rpl_select_parent
                0x0000cd68       0x44 contiki-sky.a(rpl-dag.o)
                0x0000cd68                rpl_select_parent
 .text.rpl_select_dag
                0x0000cdac      0x1a2 contiki-sky.a(rpl-dag.o)
                0x0000cdac                rpl_select_dag
 .text.rpl_nullify_parent
                0x0000cf4e       0x48 contiki-sky.a(rpl-dag.o)
                0x0000cf4e                rpl_nullify_parent
 .text.rpl_remove_parent
                0x0000cf96       0x26 contiki-sky.a(rpl-dag.o)
                0x0000cf96                rpl_remove_parent
 .text.remove_parents.clone.1
                0x0000cfbc       0x26 contiki-sky.a(rpl-dag.o)
 .text.rpl_free_dag
                0x0000cfe2       0x36 contiki-sky.a(rpl-dag.o)
                0x0000cfe2                rpl_free_dag
 .text.rpl_free_instance
                0x0000d018       0x5c contiki-sky.a(rpl-dag.o)
                0x0000d018                rpl_free_instance
 .text.rpl_move_parent
                0x0000d074       0x72 contiki-sky.a(rpl-dag.o)
                0x0000d074                rpl_move_parent
 .text.rpl_get_any_dag
                0x0000d0e6       0x18 contiki-sky.a(rpl-dag.o)
                0x0000d0e6                rpl_get_any_dag
 .text.rpl_get_instance
                0x0000d0fe       0x16 contiki-sky.a(rpl-dag.o)
                0x0000d0fe                rpl_get_instance
 .text.get_dag  0x0000d114       0x5c contiki-sky.a(rpl-dag.o)
 .text.rpl_alloc_dag
                0x0000d170       0x78 contiki-sky.a(rpl-dag.o)
                0x0000d170                rpl_alloc_dag
 .text.rpl_find_of
                0x0000d1e8       0x10 contiki-sky.a(rpl-dag.o)
                0x0000d1e8                rpl_find_of
 .text.rpl_join_instance
                0x0000d1f8      0x140 contiki-sky.a(rpl-dag.o)
                0x0000d1f8                rpl_join_instance
 .text.rpl_local_repair
                0x0000d338       0x6a contiki-sky.a(rpl-dag.o)
                0x0000d338                rpl_local_repair
 .text.rpl_process_parent_event
                0x0000d3a2       0x96 contiki-sky.a(rpl-dag.o)
                0x0000d3a2                rpl_process_parent_event
 .text.rpl_recalculate_ranks
                0x0000d438       0x46 contiki-sky.a(rpl-dag.o)
                0x0000d438                rpl_recalculate_ranks
 .text.rpl_add_dag
                0x0000d47e      0x10e contiki-sky.a(rpl-dag.o)
                0x0000d47e                rpl_add_dag
 .text.rpl_process_dio
                0x0000d58c      0x238 contiki-sky.a(rpl-dag.o)
                0x0000d58c                rpl_process_dio
 .text.get32    0x0000d7c4       0x46 contiki-sky.a(rpl-icmp6.o)
 .text.set32    0x0000d80a       0x3c contiki-sky.a(rpl-icmp6.o)
 .text.get16    0x0000d846        0xe contiki-sky.a(rpl-icmp6.o)
 .text.set16    0x0000d854       0x10 contiki-sky.a(rpl-icmp6.o)
 .text.dis_output
                0x0000d864       0x50 contiki-sky.a(rpl-icmp6.o)
                0x0000d864                dis_output
 .text.dio_output
                0x0000d8b4      0x28c contiki-sky.a(rpl-icmp6.o)
                0x0000d8b4                dio_output
 .text.dao_output
                0x0000db40       0xfc contiki-sky.a(rpl-icmp6.o)
                0x0000db40                dao_output
 .text.dao_ack_output
                0x0000dc3c       0x3c contiki-sky.a(rpl-icmp6.o)
                0x0000dc3c                dao_ack_output
 .text.uip_rpl_input
                0x0000dc78      0x51a contiki-sky.a(rpl-icmp6.o)
                0x0000dc78                uip_rpl_input
 .text.new_dio_interval
                0x0000e192       0xb8 contiki-sky.a(rpl-timers.o)
 .text.handle_dao_timer
                0x0000e24a       0x50 contiki-sky.a(rpl-timers.o)
 .text.handle_dio_timer
                0x0000e29a       0x82 contiki-sky.a(rpl-timers.o)
 .text.handle_periodic_timer
                0x0000e31c       0x2e contiki-sky.a(rpl-timers.o)
 .text.rpl_reset_periodic_timer
                0x0000e34a       0x1e contiki-sky.a(rpl-timers.o)
                0x0000e34a                rpl_reset_periodic_timer
 .text.rpl_reset_dio_timer
                0x0000e368       0x18 contiki-sky.a(rpl-timers.o)
                0x0000e368                rpl_reset_dio_timer
 .text.rpl_schedule_dao
                0x0000e380       0x48 contiki-sky.a(rpl-timers.o)
                0x0000e380                rpl_schedule_dao
 .text.calculate_path_metric
                0x0000e3c8       0x40 contiki-sky.a(rpl-of-etx.o)
 .text.reset    0x0000e408        0x2 contiki-sky.a(rpl-of-etx.o)
 .text.parent_state_callback
                0x0000e40a        0x2 contiki-sky.a(rpl-of-etx.o)
 .text.calculate_rank
                0x0000e40c       0x58 contiki-sky.a(rpl-of-etx.o)
 .text.best_dag
                0x0000e464       0x34 contiki-sky.a(rpl-of-etx.o)
 .text.best_parent
                0x0000e498       0x52 contiki-sky.a(rpl-of-etx.o)
 .text.update_metric_container
                0x0000e4ea       0x40 contiki-sky.a(rpl-of-etx.o)
 .text.rpl_verify_header
                0x0000e52a       0x86 contiki-sky.a(rpl-ext-header.)
                0x0000e52a                rpl_verify_header
 .text.rpl_update_header_empty
                0x0000e5b0       0xb8 contiki-sky.a(rpl-ext-header.)
                0x0000e5b0                rpl_update_header_empty
 .text.rpl_update_header_final
                0x0000e668       0x84 contiki-sky.a(rpl-ext-header.)
                0x0000e668                rpl_update_header_final
 .text.rpl_invert_header
                0x0000e6ec       0x5c contiki-sky.a(rpl-ext-header.)
                0x0000e6ec                rpl_invert_header
 .text.stimer_set
                0x0000e748       0x1c contiki-sky.a(stimer.o)
                0x0000e748                stimer_set
 .text.stimer_expired
                0x0000e764       0x42 contiki-sky.a(stimer.o)
                0x0000e764                stimer_expired
 .text.neighbor_addr_get
                0x0000e7a6       0x42 contiki-sky.a(neighbor-attr.o)
 .text.set_attr
                0x0000e7e8       0x4e contiki-sky.a(neighbor-attr.o)
 .text.neighbor_attr_register
                0x0000e836       0x34 contiki-sky.a(neighbor-attr.o)
                0x0000e836                neighbor_attr_register
 .text.neighbor_attr_has_neighbor
                0x0000e86a       0x10 contiki-sky.a(neighbor-attr.o)
                0x0000e86a                neighbor_attr_has_neighbor
 .text.neighbor_attr_add_neighbor
                0x0000e87a       0x80 contiki-sky.a(neighbor-attr.o)
                0x0000e87a                neighbor_attr_add_neighbor
 .text.neighbor_attr_get_data
                0x0000e8fa       0x2e contiki-sky.a(neighbor-attr.o)
                0x0000e8fa                neighbor_attr_get_data
 .text.neighbor_attr_set_data
                0x0000e928       0x66 contiki-sky.a(neighbor-attr.o)
                0x0000e928                neighbor_attr_set_data
 .text.spi_init
                0x0000e98e       0x32 contiki-sky.a(spi.o)
                0x0000e98e                spi_init
 .text.field_len
                0x0000e9c0       0x98 contiki-sky.a(frame802154.o)
 .text.frame802154_hdrlen
                0x0000ea58       0x26 contiki-sky.a(frame802154.o)
                0x0000ea58                frame802154_hdrlen
 .text.frame802154_create
                0x0000ea7e      0x16c contiki-sky.a(frame802154.o)
                0x0000ea7e                frame802154_create
 .text.frame802154_parse
                0x0000ebea      0x1a0 contiki-sky.a(frame802154.o)
                0x0000ebea                frame802154_parse
 .text.libgcc   0x0000ed8a       0x20 /usr/bin/../lib/gcc/msp430/4.5.3/mmpy-16/libgcc.a(_mulsi3.o)
                0x0000ed8a                __mulsi3
 .text.libgcc   0x0000edaa       0x1c /usr/bin/../lib/gcc/msp430/4.5.3/mmpy-16/libgcc.a(_udivmodhi4.o)
                0x0000edaa                __udivmodhi4
 .text.libgcc   0x0000edc6       0x2a /usr/bin/../lib/gcc/msp430/4.5.3/mmpy-16/libgcc.a(_udivmodsi4.o)
                0x0000edc6                __udivmodsi4
 .text.crt0     0x0000edf0        0x2 /usr/bin/../lib/gcc/msp430/4.5.3/mmpy-16/libcrt0.a(_unexpected_.o)
                0x0000edf0                _unexpected_

.rodata         0x0000edf2        0x0
                0x0000edf2                . = ALIGN (0x2)
 *(.rodata .rodata.* .gnu.linkonce.r.*)
                0x0000edf2                . = ALIGN (0x2)
                0x0000edf2                _etext = .

.data           0x00001100       0xbc load address 0x0000edf2
                0x00001100                . = ALIGN (0x2)
                0x00001100                PROVIDE (__data_start, .)
 *(.data)
 .data          0x00001100        0xa ntpd.co
                0x00001100                ntpd_process
 .data          0x0000110a       0x18 contiki-sky.a(csma.o)
 .data          0x00001122        0xe contiki-sky.a(contikimac.o)
                0x00001122                phase_list
 .data          0x00001130        0x8 contiki-sky.a(phase.o)
 .data          0x00001138        0xa contiki-sky.a(etimer.o)
                0x00001138                etimer_process
 .data          0x00001142        0xa contiki-sky.a(ctimer.o)
                0x00001142                ctimer_process
 .data          0x0000114c       0x18 contiki-sky.a(queuebuf.o)
 .data          0x00001164        0xa contiki-sky.a(tcpip.o)
                0x00001164                tcpip_process
 .data          0x0000116e       0x10 contiki-sky.a(neighbor-info.o)
                0x0000116e                attr_etx
                0x00001176                attr_timestamp
 .data          0x0000117e        0x4 contiki-sky.a(contiki-sky-pla)
                0x0000117e                sensors
 .data          0x00001182        0xa contiki-sky.a(sensors.o)
                0x00001182                sensors_process
 .data          0x0000118c        0xa contiki-sky.a(cc2420.o)
                0x0000118c                cc2420_process
 .data          0x00001196        0x2 contiki-sky.a(msp430.o)
 .data          0x00001198        0x8 contiki-sky.a(rpl-dag.o)
 .data          0x000011a0        0x1 contiki-sky.a(rpl-icmp6.o)
 *fill*         0x000011a1        0x1 00
 .data          0x000011a2        0xe contiki-sky.a(rpl-of-etx.o)
                0x000011a2                rpl_of_etx
 .data          0x000011b0        0x8 contiki-sky.a(neighbor-attr.o)
 .data          0x000011b8        0x4 /usr/bin/../lib/gcc/msp430/4.5.3/../../../../msp430/lib/mmpy-16/libc.a(rand.o)
 *(SORT(.data.*))
                0x000011bc                . = ALIGN (0x2)
 *(.gnu.linkonce.d*)
                0x000011bc                . = ALIGN (0x2)
                0x000011bc                _edata = .
                0x0000edf2                PROVIDE (__data_load_start, LOADADDR (.data))
                0x000000bc                PROVIDE (__data_size, SIZEOF (.data))

.bss            0x000011bc     0x21a2 load address 0x0000eeae
                0x000011bc                PROVIDE (__bss_start, .)
 *(.bss)
 .bss           0x000011bc       0x44 ntpd.co
 .bss           0x00001200        0xc obj_sky/contiki-sky-main.o
 .bss           0x0000120c       0xc2 contiki-sky.a(csma.o)
 .bss           0x000012ce      0x38e contiki-sky.a(contikimac.o)
 .bss           0x0000165c       0xe8 contiki-sky.a(phase.o)
 .bss           0x00001744       0x42 contiki-sky.a(process.o)
                0x00001744                process_list
                0x00001746                process_current
 .bss           0x00001786        0x8 contiki-sky.a(compower.o)
 .bss           0x0000178e        0x6 contiki-sky.a(etimer.o)
 .bss           0x00001794        0x4 contiki-sky.a(ctimer.o)
 .bss           0x00001798        0x2 contiki-sky.a(rtimer.o)
 .bss           0x0000179a       0xba contiki-sky.a(packetbuf.o)
 .bss           0x00001854      0x71e contiki-sky.a(queuebuf.o)
 .bss           0x00001f72       0x10 contiki-sky.a(uip6.o)
                0x00001f72                uip_ext_bitmap
                0x00001f74                uip_ext_len
                0x00001f76                uip_ext_opt_offset
 .bss           0x00001f82       0x36 contiki-sky.a(tcpip.o)
 .bss           0x00001fb8       0x10 contiki-sky.a(uip-icmp6.o)
 .bss           0x00001fc8        0xa contiki-sky.a(uip-nd6.o)
 .bss           0x00001fd2      0x122 contiki-sky.a(sicslowpan.o)
 .bss           0x000020f4       0x3e contiki-sky.a(neighbor-info.o)
 .bss           0x00002132       0x20 contiki-sky.a(uip-ds6.o)
 .bss           0x00002152        0x8 contiki-sky.a(button-sensor.o)
 .bss           0x0000215a        0x2 contiki-sky.a(node-id.o)
                0x0000215a                node_id
 .bss           0x0000215c        0x6 contiki-sky.a(sensors.o)
 .bss           0x00002162        0xa contiki-sky.a(cc2420.o)
 .bss           0x0000216c       0x9a contiki-sky.a(uart1.o)
 .bss           0x00002206        0xa contiki-sky.a(clock.o)
 .bss           0x00002210        0x2 contiki-sky.a(leds.o)
 .bss           0x00002212        0x2 contiki-sky.a(watchdog.o)
 .bss           0x00002214        0x2 contiki-sky.a(framer-802154.o)
 .bss           0x00002216      0x230 contiki-sky.a(rpl-dag.o)
 .bss           0x00002446       0x18 contiki-sky.a(rpl-timers.o)
 .bss           0x0000245e       0xce contiki-sky.a(neighbor-attr.o)
 *(SORT(.bss.*))
 *(COMMON)
 COMMON         0x0000252c        0x8 ntpd.co
                0x0000252c                ts
 COMMON         0x00002534        0x8 contiki-sky.a(rimeaddr.o)
                0x00002534                rimeaddr_node_addr
 COMMON         0x0000253c        0x1 contiki-sky.a(process.o)
                0x0000253c                process_maxevents
 *fill*         0x0000253d        0x1 00
 COMMON         0x0000253e        0x8 contiki-sky.a(compower.o)
                0x0000253e                compower_idle_activity
 COMMON         0x00002546       0x56 contiki-sky.a(energest.o)
                0x00002546                energest_total_time
                0x00002576                energest_total_count
                0x00002578                energest_current_mode
                0x00002584                energest_current_time
 COMMON         0x0000259c       0x50 contiki-sky.a(packetbuf.o)
                0x0000259c                packetbuf_addrs
                0x000025bc                packetbuf_attrs
 COMMON         0x000025ec      0x304 contiki-sky.a(uip6.o)
                0x000025ec                uip_len
                0x000025ee                uip_sappdata
                0x000025f0                uip_acc32
                0x000025f4                uip_lladdr
                0x000025fc                uip_aligned_buf
                0x000026ec                uip_flags
                0x000026ee                uip_next_hdr
                0x000026f0                uip_udp_conn
                0x000026f2                uip_appdata
                0x000026f4                uip_conn
                0x000026f6                uip_conns
                0x000027a6                uip_listenports
                0x000027b6                uip_slen
                0x000027b8                uip_udp_conns
 COMMON         0x000028f0        0x1 contiki-sky.a(tcpip.o)
                0x000028f0                tcpip_event
 *fill*         0x000028f1        0x1 00
 COMMON         0x000028f2        0x8 contiki-sky.a(sicslowpan.o)
                0x000028f2                frag_sender
 COMMON         0x000028fa      0x93c contiki-sky.a(uip-ds6.o)
                0x000028fa                uip_ds6_timer_ra
                0x00002902                uip_ds6_if
                0x000029ee                uip_ds6_netif_addr_list_offset
                0x000029ef                uip_ds6_addr_size
                0x000029f0                uip_ds6_prefix_list
                0x00002a4a                uip_ds6_timer_periodic
                0x00002a56                uip_ds6_defrt_list
                0x00002a8e                uip_ds6_nbr_cache
                0x00002e76                uip_ds6_routing_table
 COMMON         0x00003236        0x2 contiki-sky.a(contiki-sky-pla)
                0x00003236                sensors_flags
 COMMON         0x00003238        0x8 contiki-sky.a(ds2411.o)
                0x00003238                ds2411_id
 COMMON         0x00003240        0x1 contiki-sky.a(sensors.o)
                0x00003240                sensors_event
 *fill*         0x00003241        0x1 00
 COMMON         0x00003242       0x14 contiki-sky.a(cc2420.o)
                0x00003242                cc2420_last_rssi
                0x00003244                cc2420_packets_read
                0x00003246                cc2420_packets_seen
                0x00003248                cc2420_sfd_start_time
                0x0000324a                cc2420_time_of_departure
                0x0000324c                cc2420_time_of_arrival
                0x0000324e                cc2420_last_correlation
                0x00003250                cc2420_authority_level_of_sender
                0x00003252                cc2420_sfd_counter
                0x00003254                cc2420_sfd_end_time
 COMMON         0x00003256        0x2 contiki-sky.a(msp430.o)
                0x00003256                msp430_dco_required
 COMMON         0x00003258       0x48 contiki-sky.a(rimestats.o)
                0x00003258                rimestats
 COMMON         0x000032a0       0xbe contiki-sky.a(rpl-dag.o)
                0x000032a0                default_instance
                0x000032a2                instance_table
                0x0000335e                PROVIDE (__bss_end, .)
                0x0000335e                _end = .
                0x000021a2                PROVIDE (__bss_size, SIZEOF (.bss))

.noinit         0x0000335e        0x0 load address 0x0000eeae
                0x0000335e                PROVIDE (__noinit_start, .)
 *(.noinit)
 *(.noinit.*)
 *(COMMON)
                0x0000335e                PROVIDE (__noinit_end, .)
                0x0000335e                _end = .

.infomem        0x00001000        0x0
 *(.infomem)
                0x00001000                . = ALIGN (0x2)
 *(.infomem.*)

.infomemnobits  0x00001000        0x0
                0x00001000                . = ALIGN (0x2)
 *(.infomemnobits)
                0x00001000                . = ALIGN (0x2)
 *(.infomemnobits.*)

.vectors        0x0000ffe0       0x20
                0x0000ffe0                PROVIDE (__vectors_start, .)
 *(.vectors*)
 .vectors       0x0000ffe0       0x20 /usr/bin/../lib/gcc/msp430/4.5.3/mmpy-16/crt0ivtbl16.o
                0x0000ffe0                __ivtbl_16
                0x00010000                _vectors_end = .

.fartext        0x00000000        0x0
                0x00000000                . = ALIGN (0x2)
 *(.fartext)
                0x00000000                . = ALIGN (0x2)
 *(.fartext.*)
                0x00000000                _efartext = .

.profiler
 *(.profiler)

.stab
 *(.stab)

.stabstr
 *(.stabstr)

.stab.excl
 *(.stab.excl)

.stab.exclstr
 *(.stab.exclstr)

.stab.index
 *(.stab.index)

.stab.indexstr
 *(.stab.indexstr)

.comment
 *(.comment)

.debug
 *(.debug)

.line
 *(.line)

.debug_srcinfo
 *(.debug_srcinfo)

.debug_sfnames
 *(.debug_sfnames)

.debug_aranges  0x00000000      0xbd8
 *(.debug_aranges)
 .debug_aranges
                0x00000000       0x24 ntpd.co
 .debug_aranges
                0x00000024       0x18 obj_sky/convert.o
 .debug_aranges
                0x0000003c       0x18 obj_sky/contiki-sky-main.o
 .debug_aranges
                0x00000054       0x1c contiki-sky.a(rimeaddr.o)
 .debug_aranges
                0x00000070       0x34 contiki-sky.a(csma.o)
 .debug_aranges
                0x000000a4       0x4c contiki-sky.a(contikimac.o)
 .debug_aranges
                0x000000f0       0x28 contiki-sky.a(phase.o)
 .debug_aranges
                0x00000118       0x44 contiki-sky.a(process.o)
 .debug_aranges
                0x0000015c       0x18 contiki-sky.a(autostart.o)
 .debug_aranges
                0x00000174       0x24 contiki-sky.a(compower.o)
 .debug_aranges
                0x00000198       0x20 contiki-sky.a(memb.o)
 .debug_aranges
                0x000001b8       0x24 contiki-sky.a(timer.o)
 .debug_aranges
                0x000001dc       0x40 contiki-sky.a(list.o)
 .debug_aranges
                0x0000021c       0x48 contiki-sky.a(etimer.o)
 .debug_aranges
                0x00000264       0x2c contiki-sky.a(ctimer.o)
 .debug_aranges
                0x00000290       0x24 contiki-sky.a(energest.o)
 .debug_aranges
                0x000002b4       0x1c contiki-sky.a(rtimer.o)
 .debug_aranges
                0x000002d0       0x18 contiki-sky.a(random.o)
 .debug_aranges
                0x000002e8       0x18 contiki-sky.a(uip-debug.o)
 .debug_aranges
                0x00000300       0x64 contiki-sky.a(packetbuf.o)
 .debug_aranges
                0x00000364       0x38 contiki-sky.a(queuebuf.o)
 .debug_aranges
                0x0000039c       0x5c contiki-sky.a(uip6.o)
 .debug_aranges
                0x000003f8       0x50 contiki-sky.a(tcpip.o)
 .debug_aranges
                0x00000448       0x18 contiki-sky.a(uip-udp-packet.)
 .debug_aranges
                0x00000460       0x14 contiki-sky.a(uiplib.o)
 .debug_aranges
                0x00000474       0x1c contiki-sky.a(uip-icmp6.o)
 .debug_aranges
                0x00000490       0x20 contiki-sky.a(uip-nd6.o)
 .debug_aranges
                0x000004b0       0x40 contiki-sky.a(sicslowpan.o)
 .debug_aranges
                0x000004f0       0x20 contiki-sky.a(neighbor-info.o)
 .debug_aranges
                0x00000510       0x98 contiki-sky.a(uip-ds6.o)
 .debug_aranges
                0x000005a8       0x14 contiki-sky.a(contiki-sky-pla)
 .debug_aranges
                0x000005bc       0x20 contiki-sky.a(button-sensor.o)
 .debug_aranges
                0x000005dc       0x1c contiki-sky.a(ds2411.o)
 .debug_aranges
                0x000005f8       0x28 contiki-sky.a(xmem.o)
 .debug_aranges
                0x00000620       0x18 contiki-sky.a(node-id.o)
 .debug_aranges
                0x00000638       0x28 contiki-sky.a(sensors.o)
 .debug_aranges
                0x00000660       0x88 contiki-sky.a(cc2420.o)
 .debug_aranges
                0x000006e8       0x18 contiki-sky.a(cc2420-arch.o)
 .debug_aranges
                0x00000700       0x24 contiki-sky.a(uart1.o)
 .debug_aranges
                0x00000724       0x14 contiki-sky.a(uart1-putchar.o)
 .debug_aranges
                0x00000738       0x2c contiki-sky.a(msp430.o)
 .debug_aranges
                0x00000764       0x40 contiki-sky.a(clock.o)
 .debug_aranges
                0x000007a4       0x30 contiki-sky.a(leds.o)
 .debug_aranges
                0x000007d4       0x1c contiki-sky.a(leds-arch.o)
 .debug_aranges
                0x000007f0       0x28 contiki-sky.a(watchdog.o)
 .debug_aranges
                0x00000818       0x20 contiki-sky.a(rtimer-arch.o)
 .debug_aranges
                0x00000838       0x14 contiki-sky.a(mac.o)
 .debug_aranges
                0x0000084c       0x18 contiki-sky.a(framer-802154.o)
 .debug_aranges
                0x00000864       0x2c contiki-sky.a(rpl.o)
 .debug_aranges
                0x00000890       0x90 contiki-sky.a(rpl-dag.o)
 .debug_aranges
                0x00000920       0x34 contiki-sky.a(rpl-icmp6.o)
 .debug_aranges
                0x00000954       0x2c contiki-sky.a(rpl-timers.o)
 .debug_aranges
                0x00000980       0x2c contiki-sky.a(rpl-of-etx.o)
 .debug_aranges
                0x000009ac       0x24 contiki-sky.a(rpl-ext-header.)
 .debug_aranges
                0x000009d0       0x28 contiki-sky.a(stimer.o)
 .debug_aranges
                0x000009f8       0x44 contiki-sky.a(neighbor-attr.o)
 .debug_aranges
                0x00000a3c       0x14 contiki-sky.a(spi.o)
 .debug_aranges
                0x00000a50       0x20 contiki-sky.a(frame802154.o)
 .debug_aranges
                0x00000a70       0x14 /usr/bin/../lib/gcc/msp430/4.5.3/mmpy-16/libgcc.a(_mulsi3.o)
 .debug_aranges
                0x00000a84       0x14 /usr/bin/../lib/gcc/msp430/4.5.3/mmpy-16/libgcc.a(_udivmodhi4.o)
 .debug_aranges
                0x00000a98       0x14 /usr/bin/../lib/gcc/msp430/4.5.3/mmpy-16/libgcc.a(_udivmodsi4.o)
 .debug_aranges
                0x00000aac       0x14 /usr/bin/../lib/gcc/msp430/4.5.3/../../../../msp430/lib/mmpy-16/libc.a(strncmp.o)
 .debug_aranges
                0x00000ac0       0x14 /usr/bin/../lib/gcc/msp430/4.5.3/../../../../msp430/lib/mmpy-16/libc.a(memcmp.o)
 .debug_aranges
                0x00000ad4       0x14 /usr/bin/../lib/gcc/msp430/4.5.3/../../../../msp430/lib/mmpy-16/libc.a(memcpy.o)
 .debug_aranges
                0x00000ae8       0x14 /usr/bin/../lib/gcc/msp430/4.5.3/../../../../msp430/lib/mmpy-16/libc.a(memmove.o)
 .debug_aranges
                0x00000afc       0x14 /usr/bin/../lib/gcc/msp430/4.5.3/../../../../msp430/lib/mmpy-16/libc.a(memset.o)
 .debug_aranges
                0x00000b10       0x14 /usr/bin/../lib/gcc/msp430/4.5.3/../../../../msp430/lib/mmpy-16/libc.a(printf.o)
 .debug_aranges
                0x00000b24       0x14 /usr/bin/../lib/gcc/msp430/4.5.3/../../../../msp430/lib/mmpy-16/libc.a(vuprintf.o)
 .debug_aranges
                0x00000b38       0x14 /usr/bin/../lib/gcc/msp430/4.5.3/../../../../msp430/lib/mmpy-16/libc.a(puts.o)
 .debug_aranges
                0x00000b4c       0x14 /usr/bin/../lib/gcc/msp430/4.5.3/../../../../msp430/lib/mmpy-16/libc.a(rand.o)
 .debug_aranges
                0x00000b60       0x14 /usr/bin/../lib/gcc/msp430/4.5.3/mmpy-16/libcrt0.a(__init_stack.o)
 .debug_aranges
                0x00000b74       0x14 /usr/bin/../lib/gcc/msp430/4.5.3/mmpy-16/libcrt0.a(__low_level_init.o)
 .debug_aranges
                0x00000b88       0x14 /usr/bin/../lib/gcc/msp430/4.5.3/mmpy-16/libcrt0.a(_copy_data.o)
 .debug_aranges
                0x00000b9c       0x14 /usr/bin/../lib/gcc/msp430/4.5.3/mmpy-16/libcrt0.a(_clear_bss.o)
 .debug_aranges
                0x00000bb0       0x14 /usr/bin/../lib/gcc/msp430/4.5.3/mmpy-16/libcrt0.a(_endless_loop__.o)
 .debug_aranges
                0x00000bc4       0x14 /usr/bin/../lib/gcc/msp430/4.5.3/mmpy-16/libcrt0.a(_unexpected_.o)

.debug_pubnames
                0x00000000     0x25be
 *(.debug_pubnames)
 .debug_pubnames
                0x00000000       0x7e ntpd.co
 .debug_pubnames
                0x0000007e       0x36 obj_sky/convert.o
 .debug_pubnames
                0x000000b4       0x27 obj_sky/contiki-sky-main.o
 .debug_pubnames
                0x000000db       0x79 contiki-sky.a(rimeaddr.o)
 .debug_pubnames
                0x00000154       0x22 contiki-sky.a(csma.o)
 .debug_pubnames
                0x00000176       0x52 contiki-sky.a(contikimac.o)
 .debug_pubnames
                0x000001c8       0x64 contiki-sky.a(phase.o)
 .debug_pubnames
                0x0000022c      0x10d contiki-sky.a(process.o)
 .debug_pubnames
                0x00000339       0x39 contiki-sky.a(autostart.o)
 .debug_pubnames
                0x00000372       0x9e contiki-sky.a(compower.o)
 .debug_pubnames
                0x00000410       0x4d contiki-sky.a(memb.o)
 .debug_pubnames
                0x0000045d       0x68 contiki-sky.a(timer.o)
 .debug_pubnames
                0x000004c5       0xc3 contiki-sky.a(list.o)
 .debug_pubnames
                0x00000588      0x109 contiki-sky.a(etimer.o)
 .debug_pubnames
                0x00000691       0x8b contiki-sky.a(ctimer.o)
 .debug_pubnames
                0x0000071c       0xec contiki-sky.a(energest.o)
 .debug_pubnames
                0x00000808       0x45 contiki-sky.a(rtimer.o)
 .debug_pubnames
                0x0000084d       0x32 contiki-sky.a(random.o)
 .debug_pubnames
                0x0000087f       0x48 contiki-sky.a(uip-debug.o)
 .debug_pubnames
                0x000008c7      0x22c contiki-sky.a(packetbuf.o)
 .debug_pubnames
                0x00000af3       0xff contiki-sky.a(queuebuf.o)
 .debug_pubnames
                0x00000bf2      0x216 contiki-sky.a(uip6.o)
 .debug_pubnames
                0x00000e08      0x12c contiki-sky.a(tcpip.o)
 .debug_pubnames
                0x00000f34       0x44 contiki-sky.a(uip-udp-packet.)
 .debug_pubnames
                0x00000f78       0x28 contiki-sky.a(uiplib.o)
 .debug_pubnames
                0x00000fa0       0x61 contiki-sky.a(uip-icmp6.o)
 .debug_pubnames
                0x00001001       0x52 contiki-sky.a(uip-nd6.o)
 .debug_pubnames
                0x00001053       0xb4 contiki-sky.a(sicslowpan.o)
 .debug_pubnames
                0x00001107       0xab contiki-sky.a(neighbor-info.o)
 .debug_pubnames
                0x000011b2      0x403 contiki-sky.a(uip-ds6.o)
 .debug_pubnames
                0x000015b5       0x42 contiki-sky.a(contiki-sky-pla)
 .debug_pubnames
                0x000015f7       0x2f contiki-sky.a(button-sensor.o)
 .debug_pubnames
                0x00001626       0x30 contiki-sky.a(ds2411.o)
 .debug_pubnames
                0x00001656       0x4e contiki-sky.a(xmem.o)
 .debug_pubnames
                0x000016a4       0x43 contiki-sky.a(node-id.o)
 .debug_pubnames
                0x000016e7       0x80 contiki-sky.a(sensors.o)
 .debug_pubnames
                0x00001767      0x236 contiki-sky.a(cc2420.o)
 .debug_pubnames
                0x0000199d       0x42 contiki-sky.a(cc2420-arch.o)
 .debug_pubnames
                0x000019df       0x57 contiki-sky.a(uart1.o)
 .debug_pubnames
                0x00001a36       0x1e contiki-sky.a(uart1-putchar.o)
 .debug_pubnames
                0x00001a54       0xad contiki-sky.a(msp430.o)
 .debug_pubnames
                0x00001b01       0xd7 contiki-sky.a(clock.o)
 .debug_pubnames
                0x00001bd8       0x75 contiki-sky.a(leds.o)
 .debug_pubnames
                0x00001c4d       0x49 contiki-sky.a(leds-arch.o)
 .debug_pubnames
                0x00001c96       0x8a contiki-sky.a(watchdog.o)
 .debug_pubnames
                0x00001d20       0x60 contiki-sky.a(rtimer-arch.o)
 .debug_pubnames
                0x00001d80       0x20 contiki-sky.a(rimestats.o)
 .debug_pubnames
                0x00001da0       0x2d contiki-sky.a(mac.o)
 .debug_pubnames
                0x00001dcd       0x24 contiki-sky.a(framer-802154.o)
 .debug_pubnames
                0x00001df1       0x9c contiki-sky.a(rpl.o)
 .debug_pubnames
                0x00001e8d      0x265 contiki-sky.a(rpl-dag.o)
 .debug_pubnames
                0x000020f2       0x64 contiki-sky.a(rpl-icmp6.o)
 .debug_pubnames
                0x00002156       0x5c contiki-sky.a(rpl-timers.o)
 .debug_pubnames
                0x000021b2       0x21 contiki-sky.a(rpl-of-etx.o)
 .debug_pubnames
                0x000021d3       0x8c contiki-sky.a(rpl-ext-header.)
 .debug_pubnames
                0x0000225f       0x80 contiki-sky.a(stimer.o)
 .debug_pubnames
                0x000022df      0x137 contiki-sky.a(neighbor-attr.o)
 .debug_pubnames
                0x00002416       0x2c contiki-sky.a(spi.o)
 .debug_pubnames
                0x00002442       0x56 contiki-sky.a(frame802154.o)
 .debug_pubnames
                0x00002498       0x1e /usr/bin/../lib/gcc/msp430/4.5.3/../../../../msp430/lib/mmpy-16/libc.a(strncmp.o)
 .debug_pubnames
                0x000024b6       0x1d /usr/bin/../lib/gcc/msp430/4.5.3/../../../../msp430/lib/mmpy-16/libc.a(memcmp.o)
 .debug_pubnames
                0x000024d3       0x1d /usr/bin/../lib/gcc/msp430/4.5.3/../../../../msp430/lib/mmpy-16/libc.a(memcpy.o)
 .debug_pubnames
                0x000024f0       0x1e /usr/bin/../lib/gcc/msp430/4.5.3/../../../../msp430/lib/mmpy-16/libc.a(memmove.o)
 .debug_pubnames
                0x0000250e       0x1d /usr/bin/../lib/gcc/msp430/4.5.3/../../../../msp430/lib/mmpy-16/libc.a(memset.o)
 .debug_pubnames
                0x0000252b       0x29 /usr/bin/../lib/gcc/msp430/4.5.3/../../../../msp430/lib/mmpy-16/libc.a(printf.o)
 .debug_pubnames
                0x00002554       0x1f /usr/bin/../lib/gcc/msp430/4.5.3/../../../../msp430/lib/mmpy-16/libc.a(vuprintf.o)
 .debug_pubnames
                0x00002573       0x1b /usr/bin/../lib/gcc/msp430/4.5.3/../../../../msp430/lib/mmpy-16/libc.a(puts.o)
 .debug_pubnames
                0x0000258e       0x30 /usr/bin/../lib/gcc/msp430/4.5.3/../../../../msp430/lib/mmpy-16/libc.a(rand.o)

.debug_info     0x00000000    0x18a6f
 *(.debug_info)
 .debug_info    0x00000000      0x82b ntpd.co
 .debug_info    0x0000082b      0x170 obj_sky/convert.o
 .debug_info    0x0000099b      0x950 obj_sky/contiki-sky-main.o
 .debug_info    0x000012eb      0x1be contiki-sky.a(rimeaddr.o)
 .debug_info    0x000014a9      0xbc4 contiki-sky.a(csma.o)
 .debug_info    0x0000206d     0x10b4 contiki-sky.a(contikimac.o)
 .debug_info    0x00003121      0x89a contiki-sky.a(phase.o)
 .debug_info    0x000039bb      0x51b contiki-sky.a(process.o)
 .debug_info    0x00003ed6      0x1ad contiki-sky.a(autostart.o)
 .debug_info    0x00004083      0x41f contiki-sky.a(compower.o)
 .debug_info    0x000044a2      0x194 contiki-sky.a(memb.o)
 .debug_info    0x00004636      0x169 contiki-sky.a(timer.o)
 .debug_info    0x0000479f      0x2ef contiki-sky.a(list.o)
 .debug_info    0x00004a8e      0x494 contiki-sky.a(etimer.o)
 .debug_info    0x00004f22      0x4a3 contiki-sky.a(ctimer.o)
 .debug_info    0x000053c5      0x26e contiki-sky.a(energest.o)
 .debug_info    0x00005633      0x203 contiki-sky.a(rtimer.o)
 .debug_info    0x00005836       0xa0 contiki-sky.a(random.o)
 .debug_info    0x000058d6      0x1ab contiki-sky.a(uip-debug.o)
 .debug_info    0x00005a81      0x5fb contiki-sky.a(packetbuf.o)
 .debug_info    0x0000607c      0x6df contiki-sky.a(queuebuf.o)
 .debug_info    0x0000675b     0x10ad contiki-sky.a(uip6.o)
 .debug_info    0x00007808     0x11a2 contiki-sky.a(tcpip.o)
 .debug_info    0x000089aa      0x3b8 contiki-sky.a(uip-udp-packet.)
 .debug_info    0x00008d62      0x168 contiki-sky.a(uiplib.o)
 .debug_info    0x00008eca      0x5af contiki-sky.a(uip-icmp6.o)
 .debug_info    0x00009479      0x81e contiki-sky.a(uip-nd6.o)
 .debug_info    0x00009c97      0xf71 contiki-sky.a(sicslowpan.o)
 .debug_info    0x0000ac08      0x578 contiki-sky.a(neighbor-info.o)
 .debug_info    0x0000b180     0x112c contiki-sky.a(uip-ds6.o)
 .debug_info    0x0000c2ac      0x2b5 contiki-sky.a(contiki-sky-pla)
 .debug_info    0x0000c561      0x492 contiki-sky.a(button-sensor.o)
 .debug_info    0x0000c9f3      0x2cb contiki-sky.a(ds2411.o)
 .debug_info    0x0000ccbe      0x527 contiki-sky.a(xmem.o)
 .debug_info    0x0000d1e5       0xe4 contiki-sky.a(node-id.o)
 .debug_info    0x0000d2c9      0x401 contiki-sky.a(sensors.o)
 .debug_info    0x0000d6ca     0x1420 contiki-sky.a(cc2420.o)
 .debug_info    0x0000eaea      0x2a9 contiki-sky.a(cc2420-arch.o)
 .debug_info    0x0000ed93      0x62e contiki-sky.a(uart1.o)
 .debug_info    0x0000f3c1       0x8b contiki-sky.a(uart1-putchar.o)
 .debug_info    0x0000f44c      0x407 contiki-sky.a(msp430.o)
 .debug_info    0x0000f853      0x458 contiki-sky.a(clock.o)
 .debug_info    0x0000fcab      0x29c contiki-sky.a(leds.o)
 .debug_info    0x0000ff47      0x10d contiki-sky.a(leds-arch.o)
 .debug_info    0x00010054      0x1b8 contiki-sky.a(watchdog.o)
 .debug_info    0x0001020c      0x251 contiki-sky.a(rtimer-arch.o)
 .debug_info    0x0001045d      0x13c contiki-sky.a(rimestats.o)
 .debug_info    0x00010599      0x10c contiki-sky.a(mac.o)
 .debug_info    0x000106a5      0x63c contiki-sky.a(framer-802154.o)
 .debug_info    0x00010ce1      0xcf6 contiki-sky.a(rpl.o)
 .debug_info    0x000119d7     0x17f4 contiki-sky.a(rpl-dag.o)
 .debug_info    0x000131cb     0x16a9 contiki-sky.a(rpl-icmp6.o)
 .debug_info    0x00014874      0x9db contiki-sky.a(rpl-timers.o)
 .debug_info    0x0001524f      0xb31 contiki-sky.a(rpl-of-etx.o)
 .debug_info    0x00015d80      0xbf8 contiki-sky.a(rpl-ext-header.)
 .debug_info    0x00016978      0x176 contiki-sky.a(stimer.o)
 .debug_info    0x00016aee      0x7bd contiki-sky.a(neighbor-attr.o)
 .debug_info    0x000172ab      0x1a4 contiki-sky.a(spi.o)
 .debug_info    0x0001744f      0x490 contiki-sky.a(frame802154.o)
 .debug_info    0x000178df       0xba /usr/bin/../lib/gcc/msp430/4.5.3/mmpy-16/libgcc.a(_mulsi3.o)
 .debug_info    0x00017999       0xba /usr/bin/../lib/gcc/msp430/4.5.3/mmpy-16/libgcc.a(_udivmodhi4.o)
 .debug_info    0x00017a53       0xba /usr/bin/../lib/gcc/msp430/4.5.3/mmpy-16/libgcc.a(_udivmodsi4.o)
 .debug_info    0x00017b0d       0xbd /usr/bin/../lib/gcc/msp430/4.5.3/../../../../msp430/lib/mmpy-16/libc.a(strncmp.o)
 .debug_info    0x00017bca       0xe2 /usr/bin/../lib/gcc/msp430/4.5.3/../../../../msp430/lib/mmpy-16/libc.a(memcmp.o)
 .debug_info    0x00017cac      0x113 /usr/bin/../lib/gcc/msp430/4.5.3/../../../../msp430/lib/mmpy-16/libc.a(memcpy.o)
 .debug_info    0x00017dbf      0x113 /usr/bin/../lib/gcc/msp430/4.5.3/../../../../msp430/lib/mmpy-16/libc.a(memmove.o)
 .debug_info    0x00017ed2       0xfe /usr/bin/../lib/gcc/msp430/4.5.3/../../../../msp430/lib/mmpy-16/libc.a(memset.o)
 .debug_info    0x00017fd0      0x103 /usr/bin/../lib/gcc/msp430/4.5.3/../../../../msp430/lib/mmpy-16/libc.a(printf.o)
 .debug_info    0x000180d3      0x44b /usr/bin/../lib/gcc/msp430/4.5.3/../../../../msp430/lib/mmpy-16/libc.a(vuprintf.o)
 .debug_info    0x0001851e       0x96 /usr/bin/../lib/gcc/msp430/4.5.3/../../../../msp430/lib/mmpy-16/libc.a(puts.o)
 .debug_info    0x000185b4      0x137 /usr/bin/../lib/gcc/msp430/4.5.3/../../../../msp430/lib/mmpy-16/libc.a(rand.o)
 .debug_info    0x000186eb       0x96 /usr/bin/../lib/gcc/msp430/4.5.3/mmpy-16/libcrt0.a(__init_stack.o)
 .debug_info    0x00018781       0x96 /usr/bin/../lib/gcc/msp430/4.5.3/mmpy-16/libcrt0.a(__low_level_init.o)
 .debug_info    0x00018817       0x96 /usr/bin/../lib/gcc/msp430/4.5.3/mmpy-16/libcrt0.a(_copy_data.o)
 .debug_info    0x000188ad       0x96 /usr/bin/../lib/gcc/msp430/4.5.3/mmpy-16/libcrt0.a(_clear_bss.o)
 .debug_info    0x00018943       0x96 /usr/bin/../lib/gcc/msp430/4.5.3/mmpy-16/libcrt0.a(_endless_loop__.o)
 .debug_info    0x000189d9       0x96 /usr/bin/../lib/gcc/msp430/4.5.3/mmpy-16/libcrt0.a(_unexpected_.o)
 *(.gnu.linkonce.wi.*)

.debug_abbrev   0x00000000     0x732f
 *(.debug_abbrev)
 .debug_abbrev  0x00000000      0x2f3 ntpd.co
 .debug_abbrev  0x000002f3       0xe7 obj_sky/convert.o
 .debug_abbrev  0x000003da      0x28a obj_sky/contiki-sky-main.o
 .debug_abbrev  0x00000664      0x174 contiki-sky.a(rimeaddr.o)
 .debug_abbrev  0x000007d8      0x36c contiki-sky.a(csma.o)
 .debug_abbrev  0x00000b44      0x3aa contiki-sky.a(contikimac.o)
 .debug_abbrev  0x00000eee      0x22f contiki-sky.a(phase.o)
 .debug_abbrev  0x0000111d      0x2f6 contiki-sky.a(process.o)
 .debug_abbrev  0x00001413       0xf5 contiki-sky.a(autostart.o)
 .debug_abbrev  0x00001508      0x20f contiki-sky.a(compower.o)
 .debug_abbrev  0x00001717       0xea contiki-sky.a(memb.o)
 .debug_abbrev  0x00001801       0xf8 contiki-sky.a(timer.o)
 .debug_abbrev  0x000018f9      0x151 contiki-sky.a(list.o)
 .debug_abbrev  0x00001a4a      0x229 contiki-sky.a(etimer.o)
 .debug_abbrev  0x00001c73      0x1dc contiki-sky.a(ctimer.o)
 .debug_abbrev  0x00001e4f      0x144 contiki-sky.a(energest.o)
 .debug_abbrev  0x00001f93      0x139 contiki-sky.a(rtimer.o)
 .debug_abbrev  0x000020cc       0x67 contiki-sky.a(random.o)
 .debug_abbrev  0x00002133       0xc8 contiki-sky.a(uip-debug.o)
 .debug_abbrev  0x000021fb      0x25b contiki-sky.a(packetbuf.o)
 .debug_abbrev  0x00002456      0x232 contiki-sky.a(queuebuf.o)
 .debug_abbrev  0x00002688      0x33f contiki-sky.a(uip6.o)
 .debug_abbrev  0x000029c7      0x3cd contiki-sky.a(tcpip.o)
 .debug_abbrev  0x00002d94      0x1be contiki-sky.a(uip-udp-packet.)
 .debug_abbrev  0x00002f52       0xbb contiki-sky.a(uiplib.o)
 .debug_abbrev  0x0000300d      0x14d contiki-sky.a(uip-icmp6.o)
 .debug_abbrev  0x0000315a      0x1d1 contiki-sky.a(uip-nd6.o)
 .debug_abbrev  0x0000332b      0x393 contiki-sky.a(sicslowpan.o)
 .debug_abbrev  0x000036be      0x298 contiki-sky.a(neighbor-info.o)
 .debug_abbrev  0x00003956      0x2d2 contiki-sky.a(uip-ds6.o)
 .debug_abbrev  0x00003c28      0x12a contiki-sky.a(contiki-sky-pla)
 .debug_abbrev  0x00003d52      0x188 contiki-sky.a(button-sensor.o)
 .debug_abbrev  0x00003eda      0x1b3 contiki-sky.a(ds2411.o)
 .debug_abbrev  0x0000408d      0x204 contiki-sky.a(xmem.o)
 .debug_abbrev  0x00004291       0x93 contiki-sky.a(node-id.o)
 .debug_abbrev  0x00004324      0x1eb contiki-sky.a(sensors.o)
 .debug_abbrev  0x0000450f      0x410 contiki-sky.a(cc2420.o)
 .debug_abbrev  0x0000491f      0x13d contiki-sky.a(cc2420-arch.o)
 .debug_abbrev  0x00004a5c      0x1d5 contiki-sky.a(uart1.o)
 .debug_abbrev  0x00004c31       0x50 contiki-sky.a(uart1-putchar.o)
 .debug_abbrev  0x00004c81      0x190 contiki-sky.a(msp430.o)
 .debug_abbrev  0x00004e11      0x1c2 contiki-sky.a(clock.o)
 .debug_abbrev  0x00004fd3      0x137 contiki-sky.a(leds.o)
 .debug_abbrev  0x0000510a       0xa6 contiki-sky.a(leds-arch.o)
 .debug_abbrev  0x000051b0       0xd9 contiki-sky.a(watchdog.o)
 .debug_abbrev  0x00005289      0x135 contiki-sky.a(rtimer-arch.o)
 .debug_abbrev  0x000053be       0x5b contiki-sky.a(rimestats.o)
 .debug_abbrev  0x00005419       0xa0 contiki-sky.a(mac.o)
 .debug_abbrev  0x000054b9      0x220 contiki-sky.a(framer-802154.o)
 .debug_abbrev  0x000056d9      0x20f contiki-sky.a(rpl.o)
 .debug_abbrev  0x000058e8      0x3ee contiki-sky.a(rpl-dag.o)
 .debug_abbrev  0x00005cd6      0x391 contiki-sky.a(rpl-icmp6.o)
 .debug_abbrev  0x00006067      0x1db contiki-sky.a(rpl-timers.o)
 .debug_abbrev  0x00006242      0x23d contiki-sky.a(rpl-of-etx.o)
 .debug_abbrev  0x0000647f      0x243 contiki-sky.a(rpl-ext-header.)
 .debug_abbrev  0x000066c2       0xdc contiki-sky.a(stimer.o)
 .debug_abbrev  0x0000679e      0x23f contiki-sky.a(neighbor-attr.o)